141.101.99.246 - - [04/Apr/2019:05:05:32 +0300] "GET /phpmyadmin/navigation.php?ajax_request=1&token=e8e346afd9a1e7de8aec6bb6be9f4b8c&aPath=cm9vdA%3D%3D.b2Rkc2NyNV9vZGRzY3JhY2tlcl9jbQ%3D%3D&vPath=cm9vdA%3D%3D.b2Rkc2NyNQ%3D%3D.b2Rkc2NyYWNrZXI%3D.Y20%3D&pos=0&pos2_name=&pos2_value=&searchClause=&searchClause2=&_nocache=1554343532670818699 HTTP/1.1" 200 6821 "-" "Mozilla/5.0 (X11; Ubuntu; Linux x86_64; rv:65.0) Gecko/20100101 Firefox/65.0"
141.101.99.246 - - [04/Apr/2019:05:05:35 +0300] "GET /phpmyadmin/sql.php?server=1&db=oddscr5_oddscracker_cm&table=oc_settings&pos=0&token=e8e346afd9a1e7de8aec6bb6be9f4b8c&ajax_request=true&ajax_page_request=true&_nocache=1554343535455202092 HTTP/1.1" 200 11542 "-" "Mozilla/5.0 (X11; Ubuntu; Linux x86_64; rv:65.0) Gecko/20100101 Firefox/65.0"
141.101.99.246 - - [04/Apr/2019:05:05:36 +0300] "GET /phpmyadmin/index.php?ajax_request=1&recent_table=1&token=e8e346afd9a1e7de8aec6bb6be9f4b8c&no_debug=true&_nocache=1554343535966703866 HTTP/1.1" 200 2493 "-" "Mozilla/5.0 (X11; Ubuntu; Linux x86_64; rv:65.0) Gecko/20100101 Firefox/65.0"
162.158.90.199 - - [04/Apr/2019:05:05:41 +0300] "POST /phpmyadmin/sql.php HTTP/1.1" 200 11777 "-" "Mozilla/5.0 (X11; Ubuntu; Linux x86_64; rv:65.0) Gecko/20100101 Firefox/65.0"
162.158.90.199 - - [04/Apr/2019:05:05:41 +0300] "GET /phpmyadmin/index.php?ajax_request=1&recent_table=1&token=e8e346afd9a1e7de8aec6bb6be9f4b8c&no_debug=true&_nocache=155434354159237946 HTTP/1.1" 200 5935 "-" "Mozilla/5.0 (X11; Ubuntu; Linux x86_64; rv:65.0) Gecko/20100101 Firefox/65.0"
162.158.90.199 - - [04/Apr/2019:05:05:51 +0300] "GET /phpmyadmin/tbl_change.php?db=oddscr5_oddscracker_cm&table=oc_settings&where_clause=%60oc_settings%60.%60SettingID%60+%3D+33&clause_is_unique=1&sql_query=SELECT+%2A+FROM+%60oc_settings%60&goto=sql.php&default_action=update&token=e8e346afd9a1e7de8aec6bb6be9f4b8c&ajax_request=true&ajax_page_request=true&_nocache=1554343551696837718 HTTP/1.1" 200 10787 "-" "Mozilla/5.0 (X11; Ubuntu; Linux x86_64; rv:65.0) Gecko/20100101 Firefox/65.0"
162.158.90.199 - - [04/Apr/2019:05:05:52 +0300] "GET /phpmyadmin/index.php?ajax_request=1&recent_table=1&token=e8e346afd9a1e7de8aec6bb6be9f4b8c&no_debug=true&_nocache=1554343552157929900 HTTP/1.1" 200 5940 "-" "Mozilla/5.0 (X11; Ubuntu; Linux x86_64; rv:65.0) Gecko/20100101 Firefox/65.0"
141.101.107.169 - - [04/Apr/2019:05:06:04 +0300] "GET /redirect/cm HTTP/1.1" 302 3975 "https://gh.oddscracker.com/" "Mozilla/5.0 (X11; Linux x86_64) AppleWebKit/537.36 (KHTML, like Gecko) Chrome/72.0.3626.121 Safari/537.36"
162.158.90.199 - - [04/Apr/2019:05:06:18 +0300] "POST /phpmyadmin/tbl_replace.php HTTP/1.1" 200 11806 "-" "Mozilla/5.0 (X11; Ubuntu; Linux x86_64; rv:65.0) Gecko/20100101 Firefox/65.0"
162.158.90.199 - - [04/Apr/2019:05:06:18 +0300] "GET /phpmyadmin/index.php?ajax_request=1&recent_table=1&token=e8e346afd9a1e7de8aec6bb6be9f4b8c&no_debug=true&_nocache=1554343578431977349 HTTP/1.1" 200 2480 "-" "Mozilla/5.0 (X11; Ubuntu; Linux x86_64; rv:65.0) Gecko/20100101 Firefox/65.0"
162.158.90.199 - - [04/Apr/2019:05:06:31 +0300] "GET /phpmyadmin/sql.php?server=1&db=oddscr5_oddscracker_mw&table=oc_settings&pos=0&token=e8e346afd9a1e7de8aec6bb6be9f4b8c&ajax_request=true&ajax_page_request=true&_nocache=1554343591061553592 HTTP/1.1" 200 15002 "-" "Mozilla/5.0 (X11; Ubuntu; Linux x86_64; rv:65.0) Gecko/20100101 Firefox/65.0"
162.158.90.199 - - [04/Apr/2019:05:06:31 +0300] "GET /phpmyadmin/index.php?ajax_request=1&recent_table=1&token=e8e346afd9a1e7de8aec6bb6be9f4b8c&no_debug=true&_nocache=1554343591628925726 HTTP/1.1" 200 2477 "-" "Mozilla/5.0 (X11; Ubuntu; Linux x86_64; rv:65.0) Gecko/20100101 Firefox/65.0"
162.158.90.199 - - [04/Apr/2019:05:06:35 +0300] "POST /phpmyadmin/sql.php HTTP/1.1" 200 8313 "-" "Mozilla/5.0 (X11; Ubuntu; Linux x86_64; rv:65.0) Gecko/20100101 Firefox/65.0"
162.158.90.199 - - [04/Apr/2019:05:06:35 +0300] "GET /phpmyadmin/index.php?ajax_request=1&recent_table=1&token=e8e346afd9a1e7de8aec6bb6be9f4b8c&no_debug=true&_nocache=1554343595384486063 HTTP/1.1" 200 5937 "-" "Mozilla/5.0 (X11; Ubuntu; Linux x86_64; rv:65.0) Gecko/20100101 Firefox/65.0"
162.158.90.199 - - [04/Apr/2019:05:06:38 +0300] "GET /phpmyadmin/tbl_change.php?db=oddscr5_oddscracker_mw&table=oc_settings&where_clause=%60oc_settings%60.%60SettingID%60+%3D+33&clause_is_unique=1&sql_query=SELECT+%2A+FROM+%60oc_settings%60&goto=sql.php&default_action=update&token=e8e346afd9a1e7de8aec6bb6be9f4b8c&ajax_request=true&ajax_page_request=true&_nocache=1554343598635694056 HTTP/1.1" 200 10807 "-" "Mozilla/5.0 (X11; Ubuntu; Linux x86_64; rv:65.0) Gecko/20100101 Firefox/65.0"
162.158.90.199 - - [04/Apr/2019:05:06:39 +0300] "GET /phpmyadmin/index.php?ajax_request=1&recent_table=1&token=e8e346afd9a1e7de8aec6bb6be9f4b8c&no_debug=true&_nocache=1554343599049247069 HTTP/1.1" 200 2496 "-" "Mozilla/5.0 (X11; Ubuntu; Linux x86_64; rv:65.0) Gecko/20100101 Firefox/65.0"
141.101.107.169 - - [04/Apr/2019:05:06:49 +0300] "GET /redirect/mw HTTP/1.1" 302 3975 "https://cm.oddscracker.com/" "Mozilla/5.0 (X11; Linux x86_64) AppleWebKit/537.36 (KHTML, like Gecko) Chrome/72.0.3626.121 Safari/537.36"
162.158.90.199 - - [04/Apr/2019:05:07:07 +0300] "POST /phpmyadmin/tbl_replace.php HTTP/1.1" 200 11787 "-" "Mozilla/5.0 (X11; Ubuntu; Linux x86_64; rv:65.0) Gecko/20100101 Firefox/65.0"
162.158.90.199 - - [04/Apr/2019:05:07:07 +0300] "GET /phpmyadmin/index.php?ajax_request=1&recent_table=1&token=e8e346afd9a1e7de8aec6bb6be9f4b8c&no_debug=true&_nocache=1554343627416948193 HTTP/1.1" 200 5937 "-" "Mozilla/5.0 (X11; Ubuntu; Linux x86_64; rv:65.0) Gecko/20100101 Firefox/65.0"
162.158.90.199 - - [04/Apr/2019:05:07:10 +0300] "GET /phpmyadmin/navigation.php?ajax_request=1&token=e8e346afd9a1e7de8aec6bb6be9f4b8c&aPath=cm9vdA%3D%3D.b2Rkc2NyNV9vZGRzY3JhY2tlcl9uZw%3D%3D&vPath=cm9vdA%3D%3D.b2Rkc2NyNQ%3D%3D.b2Rkc2NyYWNrZXI%3D.bmc%3D&pos=0&pos2_name=&pos2_value=&searchClause=&searchClause2=&_nocache=1554343630053616825 HTTP/1.1" 200 6797 "-" "Mozilla/5.0 (X11; Ubuntu; Linux x86_64; rv:65.0) Gecko/20100101 Firefox/65.0"
162.158.90.199 - - [04/Apr/2019:05:07:12 +0300] "GET /phpmyadmin/sql.php?server=1&db=oddscr5_oddscracker_ng&table=oc_settings&pos=0&token=e8e346afd9a1e7de8aec6bb6be9f4b8c&ajax_request=true&ajax_page_request=true&_nocache=1554343632518442839 HTTP/1.1" 200 14960 "-" "Mozilla/5.0 (X11; Ubuntu; Linux x86_64; rv:65.0) Gecko/20100101 Firefox/65.0"
162.158.90.199 - - [04/Apr/2019:05:07:13 +0300] "GET /phpmyadmin/index.php?ajax_request=1&recent_table=1&token=e8e346afd9a1e7de8aec6bb6be9f4b8c&no_debug=true&_nocache=1554343633026917939 HTTP/1.1" 200 2489 "-" "Mozilla/5.0 (X11; Ubuntu; Linux x86_64; rv:65.0) Gecko/20100101 Firefox/65.0"
162.158.90.199 - - [04/Apr/2019:05:07:14 +0300] "POST /phpmyadmin/sql.php HTTP/1.1" 200 8306 "-" "Mozilla/5.0 (X11; Ubuntu; Linux x86_64; rv:65.0) Gecko/20100101 Firefox/65.0"
162.158.90.199 - - [04/Apr/2019:05:07:14 +0300] "GET /phpmyadmin/index.php?ajax_request=1&recent_table=1&token=e8e346afd9a1e7de8aec6bb6be9f4b8c&no_debug=true&_nocache=155434363454295820 HTTP/1.1" 200 2494 "-" "Mozilla/5.0 (X11; Ubuntu; Linux x86_64; rv:65.0) Gecko/20100101 Firefox/65.0"
162.158.90.199 - - [04/Apr/2019:05:07:17 +0300] "GET /phpmyadmin/tbl_change.php?db=oddscr5_oddscracker_ng&table=oc_settings&where_clause=%60oc_settings%60.%60SettingID%60+%3D+33&clause_is_unique=1&sql_query=SELECT+%2A+FROM+%60oc_settings%60&goto=sql.php&default_action=update&token=e8e346afd9a1e7de8aec6bb6be9f4b8c&ajax_request=true&ajax_page_request=true&_nocache=1554343636992728783 HTTP/1.1" 200 10794 "-" "Mozilla/5.0 (X11; Ubuntu; Linux x86_64; rv:65.0) Gecko/20100101 Firefox/65.0"
162.158.90.199 - - [04/Apr/2019:05:07:17 +0300] "GET /phpmyadmin/index.php?ajax_request=1&recent_table=1&token=e8e346afd9a1e7de8aec6bb6be9f4b8c&no_debug=true&_nocache=155434363737897834 HTTP/1.1" 200 5946 "-" "Mozilla/5.0 (X11; Ubuntu; Linux x86_64; rv:65.0) Gecko/20100101 Firefox/65.0"
162.158.90.199 - - [04/Apr/2019:05:07:37 +0300] "POST /phpmyadmin/tbl_replace.php HTTP/1.1" 200 12281 "-" "Mozilla/5.0 (X11; Ubuntu; Linux x86_64; rv:65.0) Gecko/20100101 Firefox/65.0"
162.158.90.199 - - [04/Apr/2019:05:07:37 +0300] "GET /phpmyadmin/index.php?ajax_request=1&recent_table=1&token=e8e346afd9a1e7de8aec6bb6be9f4b8c&no_debug=true&_nocache=1554343657395128634 HTTP/1.1" 200 5943 "-" "Mozilla/5.0 (X11; Ubuntu; Linux x86_64; rv:65.0) Gecko/20100101 Firefox/65.0"
141.101.107.169 - - [04/Apr/2019:05:07:44 +0300] "GET /redirect/ng HTTP/1.1" 302 3975 "https://mw.oddscracker.com/" "Mozilla/5.0 (X11; Linux x86_64) AppleWebKit/537.36 (KHTML, like Gecko) Chrome/72.0.3626.121 Safari/537.36"
141.101.76.239 - - [04/Apr/2019:05:08:50 +0300] "GET / HTTP/1.1" 301 493 "-" "Mozilla/5.0 (X11; Linux x86_64) AppleWebKit/537.11 (KHTML, like Gecko) Chrome/23.0.1271.64 Safari/537.11"
172.69.54.154 - - [04/Apr/2019:05:08:51 +0300] "GET / HTTP/1.1" 200 13754 "-" "Mozilla/5.0 (X11; Linux x86_64) AppleWebKit/537.11 (KHTML, like Gecko) Chrome/23.0.1271.64 Safari/537.11"
162.158.74.178 - - [04/Apr/2019:05:08:53 +0300] "GET /views/base/assets/images/oddscracker-cover.jpg HTTP/1.1" 301 585 "-" "facebookexternalhit/1.1 (+http://www.facebook.com/externalhit_uatext.php)"
162.158.74.178 - - [04/Apr/2019:05:08:54 +0300] "GET /views/base/assets/images/oddscracker-cover.jpg HTTP/1.1" 301 3978 "-" "facebookexternalhit/1.1 (+http://www.facebook.com/externalhit_uatext.php)"
172.68.58.168 - - [04/Apr/2019:05:08:54 +0300] "GET / HTTP/1.1" 200 13754 "-" "facebookexternalhit/1.1 (+http://www.facebook.com/externalhit_uatext.php)"
162.158.111.98 - - [04/Apr/2019:05:09:06 +0300] "GET /Matches/1225387/Live/Italy-Serie-A-2017-2018-Sassuolo-Lazio HTTP/1.1" 301 3978 "-" "Mozilla/5.0 (compatible; AhrefsBot/6.1; +http://ahrefs.com/robot/)"
172.69.54.154 - - [04/Apr/2019:05:09:36 +0300] "GET /england/league-one/rochdale-vs-fleetwood-town-186 HTTP/1.1" 301 3978 "-" "Mozilla/5.0 (compatible; AhrefsBot/6.1; +http://ahrefs.com/robot/)"
172.69.55.11 - - [04/Apr/2019:05:10:59 +0300] "GET /redirect/tz HTTP/1.1" 302 3975 "https://ng.oddscracker.com/" "Mozilla/5.0 (X11; Linux x86_64) AppleWebKit/537.36 (KHTML, like Gecko) Chrome/72.0.3626.121 Safari/537.36"
141.101.104.222 - - [04/Apr/2019:05:11:10 +0300] "GET /phpmyadmin/navigation.php?ajax_request=1&token=e8e346afd9a1e7de8aec6bb6be9f4b8c&aPath=cm9vdA%3D%3D.b2Rkc2NyNV9vZGRzY3JhY2tlcl9zbA%3D%3D&vPath=cm9vdA%3D%3D.b2Rkc2NyNQ%3D%3D.b2Rkc2NyYWNrZXI%3D.c2w%3D&pos=0&pos2_name=&pos2_value=&searchClause=&searchClause2=&_nocache=1554343869958922687 HTTP/1.1" 200 6810 "-" "Mozilla/5.0 (X11; Ubuntu; Linux x86_64; rv:65.0) Gecko/20100101 Firefox/65.0"
172.69.55.11 - - [04/Apr/2019:05:11:14 +0300] "GET /redirect/sl HTTP/1.1" 302 3975 "https://tz.oddscracker.com/" "Mozilla/5.0 (X11; Linux x86_64) AppleWebKit/537.36 (KHTML, like Gecko) Chrome/72.0.3626.121 Safari/537.36"
141.101.104.222 - - [04/Apr/2019:05:13:18 +0300] "GET /redirect/sl HTTP/1.1" 302 4033 "https://ke.oddscracker.com/" "Mozilla/5.0 (X11; Ubuntu; Linux x86_64; rv:65.0) Gecko/20100101 Firefox/65.0"
141.101.104.222 - - [04/Apr/2019:05:14:36 +0300] "GET /redirect/tz HTTP/1.1" 302 3975 "https://ke.oddscracker.com/" "Mozilla/5.0 (X11; Ubuntu; Linux x86_64; rv:65.0) Gecko/20100101 Firefox/65.0"
141.101.104.222 - - [04/Apr/2019:05:15:04 +0300] "GET /phpmyadmin/sql.php?server=1&db=oddscr5_oddscracker_sl&table=oc_settings&pos=0&token=e8e346afd9a1e7de8aec6bb6be9f4b8c&ajax_request=true&ajax_page_request=true&_nocache=1554344103848824157 HTTP/1.1" 200 15010 "-" "Mozilla/5.0 (X11; Ubuntu; Linux x86_64; rv:65.0) Gecko/20100101 Firefox/65.0"
141.101.104.222 - - [04/Apr/2019:05:15:04 +0300] "GET /phpmyadmin/index.php?ajax_request=1&recent_table=1&token=e8e346afd9a1e7de8aec6bb6be9f4b8c&no_debug=true&_nocache=1554344104499284492 HTTP/1.1" 200 5970 "-" "Mozilla/5.0 (X11; Ubuntu; Linux x86_64; rv:65.0) Gecko/20100101 Firefox/65.0"
141.101.104.222 - - [04/Apr/2019:05:15:06 +0300] "POST /phpmyadmin/sql.php HTTP/1.1" 200 8331 "-" "Mozilla/5.0 (X11; Ubuntu; Linux x86_64; rv:65.0) Gecko/20100101 Firefox/65.0"
141.101.104.222 - - [04/Apr/2019:05:15:06 +0300] "GET /phpmyadmin/index.php?ajax_request=1&recent_table=1&token=e8e346afd9a1e7de8aec6bb6be9f4b8c&no_debug=true&_nocache=1554344106624269251 HTTP/1.1" 200 5966 "-" "Mozilla/5.0 (X11; Ubuntu; Linux x86_64; rv:65.0) Gecko/20100101 Firefox/65.0"
141.101.104.222 - - [04/Apr/2019:05:15:09 +0300] "GET /phpmyadmin/tbl_change.php?db=oddscr5_oddscracker_sl&table=oc_settings&where_clause=%60oc_settings%60.%60SettingID%60+%3D+33&clause_is_unique=1&sql_query=SELECT+%2A+FROM+%60oc_settings%60&goto=sql.php&default_action=update&token=e8e346afd9a1e7de8aec6bb6be9f4b8c&ajax_request=true&ajax_page_request=true&_nocache=1554344108872277768 HTTP/1.1" 200 7332 "-" "Mozilla/5.0 (X11; Ubuntu; Linux x86_64; rv:65.0) Gecko/20100101 Firefox/65.0"
141.101.104.222 - - [04/Apr/2019:05:15:09 +0300] "GET /phpmyadmin/index.php?ajax_request=1&recent_table=1&token=e8e346afd9a1e7de8aec6bb6be9f4b8c&no_debug=true&_nocache=1554344109274478743 HTTP/1.1" 200 5960 "-" "Mozilla/5.0 (X11; Ubuntu; Linux x86_64; rv:65.0) Gecko/20100101 Firefox/65.0"
172.69.226.176 - - [04/Apr/2019:05:15:13 +0300] "GET /news/page/308 HTTP/1.1" 301 519 "-" "Mozilla/5.0 (compatible; AhrefsBot/6.1; +http://ahrefs.com/robot/)"
141.101.104.222 - - [04/Apr/2019:05:15:16 +0300] "POST /phpmyadmin/tbl_replace.php HTTP/1.1" 200 11797 "-" "Mozilla/5.0 (X11; Ubuntu; Linux x86_64; rv:65.0) Gecko/20100101 Firefox/65.0"
141.101.104.222 - - [04/Apr/2019:05:15:16 +0300] "GET /phpmyadmin/index.php?ajax_request=1&recent_table=1&token=e8e346afd9a1e7de8aec6bb6be9f4b8c&no_debug=true&_nocache=1554344116637136310 HTTP/1.1" 200 2496 "-" "Mozilla/5.0 (X11; Ubuntu; Linux x86_64; rv:65.0) Gecko/20100101 Firefox/65.0"
141.101.104.222 - - [04/Apr/2019:05:15:20 +0300] "GET /phpmyadmin/navigation.php?ajax_request=1&token=e8e346afd9a1e7de8aec6bb6be9f4b8c&aPath=cm9vdA%3D%3D.b2Rkc2NyNV9vZGRzY3JhY2tlcl90eg%3D%3D&vPath=cm9vdA%3D%3D.b2Rkc2NyNQ%3D%3D.b2Rkc2NyYWNrZXI%3D.dHo%3D&pos=0&pos2_name=&pos2_value=&searchClause=&searchClause2=&_nocache=1554344120494903411 HTTP/1.1" 200 6807 "-" "Mozilla/5.0 (X11; Ubuntu; Linux x86_64; rv:65.0) Gecko/20100101 Firefox/65.0"
141.101.104.222 - - [04/Apr/2019:05:15:25 +0300] "GET /phpmyadmin/sql.php?server=1&db=oddscr5_oddscracker_tz&table=oc_settings&pos=0&token=e8e346afd9a1e7de8aec6bb6be9f4b8c&ajax_request=true&ajax_page_request=true&_nocache=1554344125693569242 HTTP/1.1" 200 14951 "-" "Mozilla/5.0 (X11; Ubuntu; Linux x86_64; rv:65.0) Gecko/20100101 Firefox/65.0"
141.101.104.222 - - [04/Apr/2019:05:15:26 +0300] "GET /phpmyadmin/index.php?ajax_request=1&recent_table=1&token=e8e346afd9a1e7de8aec6bb6be9f4b8c&no_debug=true&_nocache=1554344126252694147 HTTP/1.1" 200 5963 "-" "Mozilla/5.0 (X11; Ubuntu; Linux x86_64; rv:65.0) Gecko/20100101 Firefox/65.0"
141.101.104.222 - - [04/Apr/2019:05:15:29 +0300] "POST /phpmyadmin/sql.php HTTP/1.1" 200 11747 "-" "Mozilla/5.0 (X11; Ubuntu; Linux x86_64; rv:65.0) Gecko/20100101 Firefox/65.0"
141.101.104.222 - - [04/Apr/2019:05:15:29 +0300] "GET /phpmyadmin/index.php?ajax_request=1&recent_table=1&token=e8e346afd9a1e7de8aec6bb6be9f4b8c&no_debug=true&_nocache=1554344129531338317 HTTP/1.1" 200 2520 "-" "Mozilla/5.0 (X11; Ubuntu; Linux x86_64; rv:65.0) Gecko/20100101 Firefox/65.0"
141.101.104.222 - - [04/Apr/2019:05:15:32 +0300] "GET /phpmyadmin/tbl_change.php?db=oddscr5_oddscracker_tz&table=oc_settings&where_clause=%60oc_settings%60.%60SettingID%60+%3D+33&clause_is_unique=1&sql_query=SELECT+%2A+FROM+%60oc_settings%60&goto=sql.php&default_action=update&token=e8e346afd9a1e7de8aec6bb6be9f4b8c&ajax_request=true&ajax_page_request=true&_nocache=1554344131954334921 HTTP/1.1" 200 7354 "-" "Mozilla/5.0 (X11; Ubuntu; Linux x86_64; rv:65.0) Gecko/20100101 Firefox/65.0"
141.101.104.222 - - [04/Apr/2019:05:15:32 +0300] "GET /phpmyadmin/index.php?ajax_request=1&recent_table=1&token=e8e346afd9a1e7de8aec6bb6be9f4b8c&no_debug=true&_nocache=1554344132340878026 HTTP/1.1" 200 2510 "-" "Mozilla/5.0 (X11; Ubuntu; Linux x86_64; rv:65.0) Gecko/20100101 Firefox/65.0"
141.101.104.222 - - [04/Apr/2019:05:15:52 +0300] "POST /phpmyadmin/tbl_replace.php HTTP/1.1" 200 12269 "-" "Mozilla/5.0 (X11; Ubuntu; Linux x86_64; rv:65.0) Gecko/20100101 Firefox/65.0"
141.101.104.222 - - [04/Apr/2019:05:15:52 +0300] "GET /phpmyadmin/index.php?ajax_request=1&recent_table=1&token=e8e346afd9a1e7de8aec6bb6be9f4b8c&no_debug=true&_nocache=1554344152557500879 HTTP/1.1" 200 5962 "-" "Mozilla/5.0 (X11; Ubuntu; Linux x86_64; rv:65.0) Gecko/20100101 Firefox/65.0"
141.101.104.222 - - [04/Apr/2019:05:15:56 +0300] "GET /phpmyadmin/navigation.php?ajax_request=1&token=e8e346afd9a1e7de8aec6bb6be9f4b8c&aPath=cm9vdA%3D%3D.b2Rkc2NyNV9vZGRzY3JhY2tlcl91Zw%3D%3D&vPath=cm9vdA%3D%3D.b2Rkc2NyNQ%3D%3D.b2Rkc2NyYWNrZXI%3D.dWc%3D&pos=0&pos2_name=&pos2_value=&searchClause=&searchClause2=&_nocache=1554344156336446016 HTTP/1.1" 200 6816 "-" "Mozilla/5.0 (X11; Ubuntu; Linux x86_64; rv:65.0) Gecko/20100101 Firefox/65.0"
141.101.104.222 - - [04/Apr/2019:05:15:59 +0300] "GET /phpmyadmin/sql.php?server=1&db=oddscr5_oddscracker_ug&table=oc_settings&pos=0&token=e8e346afd9a1e7de8aec6bb6be9f4b8c&ajax_request=true&ajax_page_request=true&_nocache=1554344159255804909 HTTP/1.1" 200 14970 "-" "Mozilla/5.0 (X11; Ubuntu; Linux x86_64; rv:65.0) Gecko/20100101 Firefox/65.0"
141.101.104.222 - - [04/Apr/2019:05:15:59 +0300] "GET /phpmyadmin/index.php?ajax_request=1&recent_table=1&token=e8e346afd9a1e7de8aec6bb6be9f4b8c&no_debug=true&_nocache=1554344159839450564 HTTP/1.1" 200 2525 "-" "Mozilla/5.0 (X11; Ubuntu; Linux x86_64; rv:65.0) Gecko/20100101 Firefox/65.0"
141.101.104.222 - - [04/Apr/2019:05:16:01 +0300] "POST /phpmyadmin/sql.php HTTP/1.1" 200 8175 "-" "Mozilla/5.0 (X11; Ubuntu; Linux x86_64; rv:65.0) Gecko/20100101 Firefox/65.0"
141.101.104.222 - - [04/Apr/2019:05:16:01 +0300] "GET /phpmyadmin/index.php?ajax_request=1&recent_table=1&token=e8e346afd9a1e7de8aec6bb6be9f4b8c&no_debug=true&_nocache=1554344161550329982 HTTP/1.1" 200 2508 "-" "Mozilla/5.0 (X11; Ubuntu; Linux x86_64; rv:65.0) Gecko/20100101 Firefox/65.0"
141.101.104.222 - - [04/Apr/2019:05:16:04 +0300] "GET /phpmyadmin/tbl_change.php?db=oddscr5_oddscracker_ug&table=oc_settings&where_clause=%60oc_settings%60.%60SettingID%60+%3D+32&clause_is_unique=1&sql_query=SELECT+%2A+FROM+%60oc_settings%60&goto=sql.php&default_action=update&token=e8e346afd9a1e7de8aec6bb6be9f4b8c&ajax_request=true&ajax_page_request=true&_nocache=1554344164248324165 HTTP/1.1" 200 7342 "-" "Mozilla/5.0 (X11; Ubuntu; Linux x86_64; rv:65.0) Gecko/20100101 Firefox/65.0"
141.101.104.222 - - [04/Apr/2019:05:16:04 +0300] "GET /phpmyadmin/index.php?ajax_request=1&recent_table=1&token=e8e346afd9a1e7de8aec6bb6be9f4b8c&no_debug=true&_nocache=1554344164710128617 HTTP/1.1" 200 5963 "-" "Mozilla/5.0 (X11; Ubuntu; Linux x86_64; rv:65.0) Gecko/20100101 Firefox/65.0"
141.101.104.222 - - [04/Apr/2019:05:16:47 +0300] "POST /phpmyadmin/tbl_replace.php HTTP/1.1" 200 12139 "-" "Mozilla/5.0 (X11; Ubuntu; Linux x86_64; rv:65.0) Gecko/20100101 Firefox/65.0"
141.101.104.222 - - [04/Apr/2019:05:16:47 +0300] "GET /phpmyadmin/index.php?ajax_request=1&recent_table=1&token=e8e346afd9a1e7de8aec6bb6be9f4b8c&no_debug=true&_nocache=1554344207637714836 HTTP/1.1" 200 5978 "-" "Mozilla/5.0 (X11; Ubuntu; Linux x86_64; rv:65.0) Gecko/20100101 Firefox/65.0"
172.69.55.11 - - [04/Apr/2019:05:16:56 +0300] "GET /redirect/ug HTTP/1.1" 302 3975 "https://tz.oddscracker.com/" "Mozilla/5.0 (X11; Linux x86_64) AppleWebKit/537.36 (KHTML, like Gecko) Chrome/72.0.3626.121 Safari/537.36"
141.101.104.222 - - [04/Apr/2019:05:17:09 +0300] "GET /phpmyadmin/navigation.php?ajax_request=1&token=e8e346afd9a1e7de8aec6bb6be9f4b8c&aPath=cm9vdA%3D%3D.b2Rkc2NyNV9vZGRzY3JhY2tlcl96YQ%3D%3D&vPath=cm9vdA%3D%3D.b2Rkc2NyNQ%3D%3D.b2Rkc2NyYWNrZXI%3D.emE%3D&pos=0&pos2_name=&pos2_value=&searchClause=&searchClause2=&_nocache=1554344229805836825 HTTP/1.1" 200 6805 "-" "Mozilla/5.0 (X11; Ubuntu; Linux x86_64; rv:65.0) Gecko/20100101 Firefox/65.0"
141.101.104.222 - - [04/Apr/2019:05:17:13 +0300] "GET /phpmyadmin/sql.php?server=1&db=oddscr5_oddscracker_za&table=oc_settings&pos=0&token=e8e346afd9a1e7de8aec6bb6be9f4b8c&ajax_request=true&ajax_page_request=true&_nocache=1554344232950570181 HTTP/1.1" 200 14962 "-" "Mozilla/5.0 (X11; Ubuntu; Linux x86_64; rv:65.0) Gecko/20100101 Firefox/65.0"
141.101.104.222 - - [04/Apr/2019:05:17:13 +0300] "GET /phpmyadmin/index.php?ajax_request=1&recent_table=1&token=e8e346afd9a1e7de8aec6bb6be9f4b8c&no_debug=true&_nocache=15543442335905861 HTTP/1.1" 200 2522 "-" "Mozilla/5.0 (X11; Ubuntu; Linux x86_64; rv:65.0) Gecko/20100101 Firefox/65.0"
141.101.104.222 - - [04/Apr/2019:05:17:15 +0300] "POST /phpmyadmin/sql.php HTTP/1.1" 200 11750 "-" "Mozilla/5.0 (X11; Ubuntu; Linux x86_64; rv:65.0) Gecko/20100101 Firefox/65.0"
141.101.104.222 - - [04/Apr/2019:05:17:15 +0300] "GET /phpmyadmin/index.php?ajax_request=1&recent_table=1&token=e8e346afd9a1e7de8aec6bb6be9f4b8c&no_debug=true&_nocache=1554344235688558610 HTTP/1.1" 200 2526 "-" "Mozilla/5.0 (X11; Ubuntu; Linux x86_64; rv:65.0) Gecko/20100101 Firefox/65.0"
141.101.104.222 - - [04/Apr/2019:05:17:18 +0300] "GET /phpmyadmin/tbl_change.php?db=oddscr5_oddscracker_za&table=oc_settings&where_clause=%60oc_settings%60.%60SettingID%60+%3D+33&clause_is_unique=1&sql_query=SELECT+%2A+FROM+%60oc_settings%60&goto=sql.php&default_action=update&token=e8e346afd9a1e7de8aec6bb6be9f4b8c&ajax_request=true&ajax_page_request=true&_nocache=1554344238011459596 HTTP/1.1" 200 7341 "-" "Mozilla/5.0 (X11; Ubuntu; Linux x86_64; rv:65.0) Gecko/20100101 Firefox/65.0"
141.101.104.222 - - [04/Apr/2019:05:17:18 +0300] "GET /phpmyadmin/index.php?ajax_request=1&recent_table=1&token=e8e346afd9a1e7de8aec6bb6be9f4b8c&no_debug=true&_nocache=1554344238462608283 HTTP/1.1" 200 5983 "-" "Mozilla/5.0 (X11; Ubuntu; Linux x86_64; rv:65.0) Gecko/20100101 Firefox/65.0"
141.101.104.222 - - [04/Apr/2019:05:17:35 +0300] "POST /phpmyadmin/tbl_replace.php HTTP/1.1" 200 12269 "-" "Mozilla/5.0 (X11; Ubuntu; Linux x86_64; rv:65.0) Gecko/20100101 Firefox/65.0"
141.101.104.222 - - [04/Apr/2019:05:17:35 +0300] "GET /phpmyadmin/index.php?ajax_request=1&recent_table=1&token=e8e346afd9a1e7de8aec6bb6be9f4b8c&no_debug=true&_nocache=1554344255272949929 HTTP/1.1" 200 5976 "-" "Mozilla/5.0 (X11; Ubuntu; Linux x86_64; rv:65.0) Gecko/20100101 Firefox/65.0"
172.69.55.11 - - [04/Apr/2019:05:17:40 +0300] "GET /redirect/za HTTP/1.1" 302 3975 "https://ug.oddscracker.com/" "Mozilla/5.0 (X11; Linux x86_64) AppleWebKit/537.36 (KHTML, like Gecko) Chrome/72.0.3626.121 Safari/537.36"
172.69.55.11 - - [04/Apr/2019:05:18:07 +0300] "GET /redirect/zm HTTP/1.1" 302 3975 "https://za.oddscracker.com/" "Mozilla/5.0 (X11; Linux x86_64) AppleWebKit/537.36 (KHTML, like Gecko) Chrome/72.0.3626.121 Safari/537.36"
141.101.104.222 - - [04/Apr/2019:05:18:15 +0300] "GET /phpmyadmin/navigation.php?ajax_request=1&token=e8e346afd9a1e7de8aec6bb6be9f4b8c&aPath=cm9vdA%3D%3D.b2Rkc2NyNV9vZGRzY3JhY2tlcl96bQ%3D%3D&vPath=cm9vdA%3D%3D.b2Rkc2NyNQ%3D%3D.b2Rkc2NyYWNrZXI%3D.em0%3D&pos=0&pos2_name=&pos2_value=&searchClause=&searchClause2=&_nocache=1554344295673541542 HTTP/1.1" 200 6811 "-" "Mozilla/5.0 (X11; Ubuntu; Linux x86_64; rv:65.0) Gecko/20100101 Firefox/65.0"
141.101.104.222 - - [04/Apr/2019:05:18:18 +0300] "GET /phpmyadmin/sql.php?server=1&db=oddscr5_oddscracker_zm&table=oc_settings&pos=0&token=e8e346afd9a1e7de8aec6bb6be9f4b8c&ajax_request=true&ajax_page_request=true&_nocache=1554344297949786239 HTTP/1.1" 200 14998 "-" "Mozilla/5.0 (X11; Ubuntu; Linux x86_64; rv:65.0) Gecko/20100101 Firefox/65.0"
141.101.104.222 - - [04/Apr/2019:05:18:18 +0300] "GET /phpmyadmin/index.php?ajax_request=1&recent_table=1&token=e8e346afd9a1e7de8aec6bb6be9f4b8c&no_debug=true&_nocache=1554344298605956335 HTTP/1.1" 200 6002 "-" "Mozilla/5.0 (X11; Ubuntu; Linux x86_64; rv:65.0) Gecko/20100101 Firefox/65.0"
141.101.104.222 - - [04/Apr/2019:05:18:22 +0300] "POST /phpmyadmin/sql.php HTTP/1.1" 200 11770 "-" "Mozilla/5.0 (X11; Ubuntu; Linux x86_64; rv:65.0) Gecko/20100101 Firefox/65.0"
141.101.104.222 - - [04/Apr/2019:05:18:22 +0300] "GET /phpmyadmin/index.php?ajax_request=1&recent_table=1&token=e8e346afd9a1e7de8aec6bb6be9f4b8c&no_debug=true&_nocache=1554344302543960228 HTTP/1.1" 200 5987 "-" "Mozilla/5.0 (X11; Ubuntu; Linux x86_64; rv:65.0) Gecko/20100101 Firefox/65.0"
141.101.104.222 - - [04/Apr/2019:05:18:24 +0300] "GET /phpmyadmin/tbl_change.php?db=oddscr5_oddscracker_zm&table=oc_settings&where_clause=%60oc_settings%60.%60SettingID%60+%3D+33&clause_is_unique=1&sql_query=SELECT+%2A+FROM+%60oc_settings%60&goto=sql.php&default_action=update&token=e8e346afd9a1e7de8aec6bb6be9f4b8c&ajax_request=true&ajax_page_request=true&_nocache=155434430480718316 HTTP/1.1" 200 7363 "-" "Mozilla/5.0 (X11; Ubuntu; Linux x86_64; rv:65.0) Gecko/20100101 Firefox/65.0"
141.101.104.222 - - [04/Apr/2019:05:18:25 +0300] "GET /phpmyadmin/index.php?ajax_request=1&recent_table=1&token=e8e346afd9a1e7de8aec6bb6be9f4b8c&no_debug=true&_nocache=1554344305185598561 HTTP/1.1" 200 5989 "-" "Mozilla/5.0 (X11; Ubuntu; Linux x86_64; rv:65.0) Gecko/20100101 Firefox/65.0"
141.101.104.222 - - [04/Apr/2019:05:18:40 +0300] "POST /phpmyadmin/tbl_replace.php HTTP/1.1" 200 12293 "-" "Mozilla/5.0 (X11; Ubuntu; Linux x86_64; rv:65.0) Gecko/20100101 Firefox/65.0"
141.101.104.222 - - [04/Apr/2019:05:18:40 +0300] "GET /phpmyadmin/index.php?ajax_request=1&recent_table=1&token=e8e346afd9a1e7de8aec6bb6be9f4b8c&no_debug=true&_nocache=1554344320673158438 HTTP/1.1" 200 2534 "-" "Mozilla/5.0 (X11; Ubuntu; Linux x86_64; rv:65.0) Gecko/20100101 Firefox/65.0"
188.26.122.189 - - [04/Apr/2019:05:21:57 +0300] "GET /redirect/ke HTTP/1.1" 302 3990 "https://tz.oddscracker.com/" "Mozilla/5.0 (X11; Ubuntu; Linux x86_64; rv:65.0) Gecko/20100101 Firefox/65.0"
216.244.66.238 - - [04/Apr/2019:05:26:26 +0300] "GET /robots.txt HTTP/1.1" 301 457 "-" "Mozilla/5.0 (compatible; DotBot/1.1; http://www.opensiteexplorer.org/dotbot, help@moz.com)"
216.244.66.238 - - [04/Apr/2019:05:26:27 +0300] "GET /robots.txt HTTP/1.1" 200 3607 "-" "Mozilla/5.0 (compatible; DotBot/1.1; http://www.opensiteexplorer.org/dotbot, help@moz.com)"
141.101.69.52 - - [04/Apr/2019:05:27:06 +0300] "GET /Matches/1171789/Live/Kenya-Premier-League-2017-SoNy-Sugar-Muhoroni-Youth-FC HTTP/1.1" 301 3978 "-" "Mozilla/5.0 (compatible; AhrefsBot/6.1; +http://ahrefs.com/robot/)"
141.101.104.222 - - [04/Apr/2019:05:32:59 +0300] "GET /Matches/1222148/Live/Spain-La-Liga-2017-2018-Las-Palmas-Malaga HTTP/1.1" 301 3978 "-" "Mozilla/5.0 (compatible; AhrefsBot/6.1; +http://ahrefs.com/robot/)"
141.101.69.52 - - [04/Apr/2019:05:39:29 +0300] "GET /italy/serie-a/sampdoria-vs-pescara-3975 HTTP/1.1" 301 571 "-" "Mozilla/5.0 (compatible; AhrefsBot/6.1; +http://ahrefs.com/robot/)"
192.99.13.15 - - [04/Apr/2019:05:46:02 +0300] "GET / HTTP/1.1" 301 493 "-" "Mozilla/5.0 (Windows NT 10.0; Win64; x64) AppleWebKit/537.36 (KHTML, like Gecko) Chrome/63.0.3239.132 Safari/537.36"
172.69.54.238 - - [04/Apr/2019:05:49:12 +0300] "GET /europe/europa-league/paok-vs-slovan-liberec-2574 HTTP/1.1" 301 3978 "-" "Mozilla/5.0 (compatible; AhrefsBot/6.1; +http://ahrefs.com/robot/)"
172.69.226.176 - - [04/Apr/2019:06:04:52 +0300] "GET /news/page/334 HTTP/1.1" 301 3978 "-" "Mozilla/5.0 (compatible; AhrefsBot/6.1; +http://ahrefs.com/robot/)"
172.69.226.176 - - [04/Apr/2019:06:11:00 +0300] "GET /europe/europa-league/viktoria-plzen-vs-astra-giurgiu-1317 HTTP/1.1" 301 607 "-" "Mozilla/5.0 (compatible; AhrefsBot/6.1; +http://ahrefs.com/robot/)"
216.244.66.238 - - [04/Apr/2019:06:15:41 +0300] "GET /robots.txt HTTP/1.1" 301 457 "-" "Mozilla/5.0 (compatible; DotBot/1.1; http://www.opensiteexplorer.org/dotbot, help@moz.com)"
216.244.66.238 - - [04/Apr/2019:06:15:42 +0300] "GET /robots.txt HTTP/1.1" 200 3607 "-" "Mozilla/5.0 (compatible; DotBot/1.1; http://www.opensiteexplorer.org/dotbot, help@moz.com)"
141.101.69.52 - - [04/Apr/2019:06:17:10 +0300] "GET /france/ligue-1/bastia-vs-dijon-1731 HTTP/1.1" 301 3978 "-" "Mozilla/5.0 (compatible; AhrefsBot/6.1; +http://ahrefs.com/robot/)"
172.69.54.178 - - [04/Apr/2019:06:17:39 +0300] "GET /spain/la-liga/real-betis-vs-sporting-gijon-3382 HTTP/1.1" 301 587 "-" "Mozilla/5.0 (compatible; AhrefsBot/6.1; +http://ahrefs.com/robot/)"
162.158.111.98 - - [04/Apr/2019:06:23:59 +0300] "GET /france/ligue-1/bordeaux-vs-amiens-6015 HTTP/1.1" 301 569 "-" "Mozilla/5.0 (compatible; AhrefsBot/6.1; +http://ahrefs.com/robot/)"
141.101.76.239 - - [04/Apr/2019:06:24:59 +0300] "GET /england/english-championship/preston-vs-brentford-4045 HTTP/1.1" 301 601 "-" "Mozilla/5.0 (compatible; AhrefsBot/6.1; +http://ahrefs.com/robot/)"
167.86.90.229 - - [04/Apr/2019:06:35:34 +0300] "GET /robots.txt HTTP/1.1" 301 513 "-" "Mozilla/5.0 (compatible; MJ12bot/v1.4.8; http://mj12bot.com/)"
167.86.90.229 - - [04/Apr/2019:06:35:37 +0300] "GET /robots.txt HTTP/1.1" 200 3853 "-" "Mozilla/5.0 (compatible; MJ12bot/v1.4.8; http://mj12bot.com/)"
167.86.90.229 - - [04/Apr/2019:06:35:58 +0300] "GET /news/?d=1&pagen=105 HTTP/1.1" 301 479 "-" "Mozilla/5.0 (compatible; MJ12bot/v1.4.8; http://mj12bot.com/)"
167.86.90.229 - - [04/Apr/2019:06:36:24 +0300] "GET /news/?d=1&pagen=105 HTTP/1.1" 301 3954 "-" "Mozilla/5.0 (compatible; MJ12bot/v1.4.8; http://mj12bot.com/)"
167.86.90.229 - - [04/Apr/2019:06:36:47 +0300] "GET /?d=1&pagen=105 HTTP/1.1" 200 19298 "-" "Mozilla/5.0 (compatible; MJ12bot/v1.4.8; http://mj12bot.com/)"
167.86.90.229 - - [04/Apr/2019:06:37:12 +0300] "GET /news/?d=1&pagen=106 HTTP/1.1" 301 479 "-" "Mozilla/5.0 (compatible; MJ12bot/v1.4.8; http://mj12bot.com/)"
167.86.90.229 - - [04/Apr/2019:06:37:37 +0300] "GET /news/?d=1&pagen=106 HTTP/1.1" 301 3954 "-" "Mozilla/5.0 (compatible; MJ12bot/v1.4.8; http://mj12bot.com/)"
167.86.90.229 - - [04/Apr/2019:06:38:04 +0300] "GET /?d=1&pagen=106 HTTP/1.1" 200 13698 "-" "Mozilla/5.0 (compatible; MJ12bot/v1.4.8; http://mj12bot.com/)"
167.86.90.229 - - [04/Apr/2019:06:38:26 +0300] "GET /news/?d=1&pagen=107 HTTP/1.1" 301 479 "-" "Mozilla/5.0 (compatible; MJ12bot/v1.4.8; http://mj12bot.com/)"
167.86.90.229 - - [04/Apr/2019:06:38:51 +0300] "GET /news/?d=1&pagen=107 HTTP/1.1" 301 3954 "-" "Mozilla/5.0 (compatible; MJ12bot/v1.4.8; http://mj12bot.com/)"
167.86.90.229 - - [04/Apr/2019:06:39:14 +0300] "GET /?d=1&pagen=107 HTTP/1.1" 200 13698 "-" "Mozilla/5.0 (compatible; MJ12bot/v1.4.8; http://mj12bot.com/)"
167.86.90.229 - - [04/Apr/2019:06:39:36 +0300] "GET /news/?d=1&pagen=122 HTTP/1.1" 301 479 "-" "Mozilla/5.0 (compatible; MJ12bot/v1.4.8; http://mj12bot.com/)"
167.86.90.229 - - [04/Apr/2019:06:40:02 +0300] "GET /news/?d=1&pagen=122 HTTP/1.1" 301 3954 "-" "Mozilla/5.0 (compatible; MJ12bot/v1.4.8; http://mj12bot.com/)"
167.86.90.229 - - [04/Apr/2019:06:40:26 +0300] "GET /?d=1&pagen=122 HTTP/1.1" 200 13698 "-" "Mozilla/5.0 (compatible; MJ12bot/v1.4.8; http://mj12bot.com/)"
167.86.90.229 - - [04/Apr/2019:06:40:47 +0300] "GET /news/?d=1&pagen=356 HTTP/1.1" 301 479 "-" "Mozilla/5.0 (compatible; MJ12bot/v1.4.8; http://mj12bot.com/)"
167.86.90.229 - - [04/Apr/2019:06:41:11 +0300] "GET /news/?d=1&pagen=356 HTTP/1.1" 301 3954 "-" "Mozilla/5.0 (compatible; MJ12bot/v1.4.8; http://mj12bot.com/)"
167.86.90.229 - - [04/Apr/2019:06:41:33 +0300] "GET /?d=1&pagen=356 HTTP/1.1" 200 13698 "-" "Mozilla/5.0 (compatible; MJ12bot/v1.4.8; http://mj12bot.com/)"
167.86.90.229 - - [04/Apr/2019:06:41:58 +0300] "GET /news/?d=1&pagen=357 HTTP/1.1" 301 479 "-" "Mozilla/5.0 (compatible; MJ12bot/v1.4.8; http://mj12bot.com/)"
167.86.90.229 - - [04/Apr/2019:06:42:20 +0300] "GET /news/?d=1&pagen=357 HTTP/1.1" 301 3954 "-" "Mozilla/5.0 (compatible; MJ12bot/v1.4.8; http://mj12bot.com/)"
167.86.90.229 - - [04/Apr/2019:06:42:47 +0300] "GET /?d=1&pagen=357 HTTP/1.1" 200 13698 "-" "Mozilla/5.0 (compatible; MJ12bot/v1.4.8; http://mj12bot.com/)"
167.86.90.229 - - [04/Apr/2019:06:43:09 +0300] "GET /news/?d=1&pagen=358 HTTP/1.1" 301 479 "-" "Mozilla/5.0 (compatible; MJ12bot/v1.4.8; http://mj12bot.com/)"
167.86.90.229 - - [04/Apr/2019:06:43:31 +0300] "GET /news/?d=1&pagen=358 HTTP/1.1" 301 3954 "-" "Mozilla/5.0 (compatible; MJ12bot/v1.4.8; http://mj12bot.com/)"
167.86.90.229 - - [04/Apr/2019:06:43:53 +0300] "GET /?d=1&pagen=358 HTTP/1.1" 200 13698 "-" "Mozilla/5.0 (compatible; MJ12bot/v1.4.8; http://mj12bot.com/)"
167.86.90.229 - - [04/Apr/2019:06:44:16 +0300] "GET /news/?d=1&pagen=359 HTTP/1.1" 301 479 "-" "Mozilla/5.0 (compatible; MJ12bot/v1.4.8; http://mj12bot.com/)"
167.86.90.229 - - [04/Apr/2019:06:44:42 +0300] "GET /news/?d=1&pagen=359 HTTP/1.1" 301 3954 "-" "Mozilla/5.0 (compatible; MJ12bot/v1.4.8; http://mj12bot.com/)"
167.86.90.229 - - [04/Apr/2019:06:45:05 +0300] "GET /?d=1&pagen=359 HTTP/1.1" 200 13698 "-" "Mozilla/5.0 (compatible; MJ12bot/v1.4.8; http://mj12bot.com/)"
172.69.54.202 - - [04/Apr/2019:06:46:37 +0300] "GET /login/google/%2Fbookmakers%2Freviews%2Fbetin-kenya HTTP/1.1" 404 459 "-" "Mozilla/5.0 (compatible; AhrefsBot/6.1; +http://ahrefs.com/robot/)"
167.86.90.229 - - [04/Apr/2019:06:48:59 +0300] "GET /news/?d=1&pagen=91 HTTP/1.1" 301 533 "-" "Mozilla/5.0 (compatible; MJ12bot/v1.4.8; http://mj12bot.com/)"
141.101.77.15 - - [04/Apr/2019:06:49:18 +0300] "GET /france/ligue-1/lille-vs-psg-1726 HTTP/1.1" 301 557 "-" "Mozilla/5.0 (compatible; AhrefsBot/6.1; +http://ahrefs.com/robot/)"
167.86.90.229 - - [04/Apr/2019:06:49:20 +0300] "GET /news/?d=1&pagen=91 HTTP/1.1" 301 4008 "-" "Mozilla/5.0 (compatible; MJ12bot/v1.4.8; http://mj12bot.com/)"
167.86.90.229 - - [04/Apr/2019:06:49:43 +0300] "GET /?d=1&pagen=91 HTTP/1.1" 200 13698 "-" "Mozilla/5.0 (compatible; MJ12bot/v1.4.8; http://mj12bot.com/)"
167.86.90.229 - - [04/Apr/2019:06:50:07 +0300] "GET /news/?d=1&pagen=92 HTTP/1.1" 301 477 "-" "Mozilla/5.0 (compatible; MJ12bot/v1.4.8; http://mj12bot.com/)"
167.86.90.229 - - [04/Apr/2019:06:50:29 +0300] "GET /news/?d=1&pagen=92 HTTP/1.1" 301 3952 "-" "Mozilla/5.0 (compatible; MJ12bot/v1.4.8; http://mj12bot.com/)"
167.86.90.229 - - [04/Apr/2019:06:50:52 +0300] "GET /?d=1&pagen=92 HTTP/1.1" 200 13698 "-" "Mozilla/5.0 (compatible; MJ12bot/v1.4.8; http://mj12bot.com/)"
167.86.90.229 - - [04/Apr/2019:06:51:14 +0300] "GET /news/?d=1&pagen=93 HTTP/1.1" 301 477 "-" "Mozilla/5.0 (compatible; MJ12bot/v1.4.8; http://mj12bot.com/)"
167.86.90.229 - - [04/Apr/2019:06:51:35 +0300] "GET /news/?d=1&pagen=93 HTTP/1.1" 301 3952 "-" "Mozilla/5.0 (compatible; MJ12bot/v1.4.8; http://mj12bot.com/)"
167.86.90.229 - - [04/Apr/2019:06:51:58 +0300] "GET /?d=1&pagen=93 HTTP/1.1" 200 13698 "-" "Mozilla/5.0 (compatible; MJ12bot/v1.4.8; http://mj12bot.com/)"
