172.68.59.109 - - [03/Apr/2019:21:58:28 +0300] "GET /redirect/ng HTTP/1.1" 302 4033 "-" "Mozilla/5.0 (compatible; Googlebot/2.1; +http://www.google.com/bot.html)"
141.101.104.222 - - [03/Apr/2019:22:03:38 +0300] "GET /spain/la-liga/osasuna-vs-barcelona-2515 HTTP/1.1" 301 3978 "-" "Mozilla/5.0 (compatible; AhrefsBot/6.1; +http://ahrefs.com/robot/)"
141.101.69.94 - - [03/Apr/2019:22:06:38 +0300] "GET /Matches/1190997/Live/France-Ligue-1-2017-2018-Monaco-Dijon HTTP/1.1" 301 3978 "-" "Mozilla/5.0 (compatible; AhrefsBot/6.1; +http://ahrefs.com/robot/)"
162.158.106.223 - - [03/Apr/2019:22:16:23 +0300] "GET /robots.txt HTTP/1.1" 301 513 "-" "Mozilla/5.0 (compatible; DotBot/1.1; http://www.opensiteexplorer.org/dotbot, help@moz.com)"
141.101.69.118 - - [03/Apr/2019:22:21:41 +0300] "GET / HTTP/1.1" 301 493 "-" "Mozilla/5.0 (X11; Linux x86_64) AppleWebKit/537.36 (KHTML, like Gecko) Chrome/49.0.2623.75 Safari/537.36 Google Favicon"
141.101.69.118 - - [03/Apr/2019:22:21:44 +0300] "GET / HTTP/1.1" 200 13754 "-" "Mozilla/5.0 (X11; Linux x86_64) AppleWebKit/537.36 (KHTML, like Gecko) Chrome/49.0.2623.75 Safari/537.36 Google Favicon"
172.69.55.11 - - [03/Apr/2019:22:26:09 +0300] "GET /england/premier-league/watford-vs-stoke-city-4069 HTTP/1.1" 301 591 "-" "Mozilla/5.0 (compatible; AhrefsBot/6.1; +http://ahrefs.com/robot/)"
172.69.226.48 - - [03/Apr/2019:22:27:39 +0300] "GET /login/google/%2Fnews%2F%3Fd%3D1%26pagen%3D19 HTTP/1.1" 404 451 "-" "Mozilla/5.0 (compatible; AhrefsBot/6.1; +http://ahrefs.com/robot/)"
141.101.69.52 - - [03/Apr/2019:22:29:39 +0300] "GET /france/ligue-1/bordeaux-vs-lorient-1867 HTTP/1.1" 301 3978 "-" "Mozilla/5.0 (compatible; AhrefsBot/6.1; +http://ahrefs.com/robot/)"
172.68.11.174 - - [03/Apr/2019:22:30:47 +0300] "GET /robots.txt HTTP/1.1" 304 3720 "-" "Mozilla/5.0 (compatible; YandexBot/3.0; +http://yandex.com/bots)"
172.68.246.21 - - [03/Apr/2019:22:30:51 +0300] "GET /favicon.ico HTTP/1.1" 301 3978 "-" "Mozilla/5.0 (compatible; YandexBot/3.0; +http://yandex.com/bots)"
172.68.245.146 - - [03/Apr/2019:22:30:55 +0300] "GET / HTTP/1.1" 200 13754 "-" "Mozilla/5.0 (compatible; YandexBot/3.0; +http://yandex.com/bots)"
172.69.54.154 - - [03/Apr/2019:22:33:35 +0300] "GET /Teams/1503/Show/Italy-Benevento HTTP/1.1" 301 555 "-" "Mozilla/5.0 (compatible; AhrefsBot/6.1; +http://ahrefs.com/robot/)"
172.69.226.48 - - [03/Apr/2019:22:40:06 +0300] "GET /germany/bundesliga/sc-freiburg-vs-wolfsburg-1513 HTTP/1.1" 301 589 "-" "Mozilla/5.0 (compatible; AhrefsBot/6.1; +http://ahrefs.com/robot/)"
172.69.226.176 - - [03/Apr/2019:22:46:07 +0300] "GET /england/premier-league/crystal-palace-vs-west-ham-4067 HTTP/1.1" 301 3978 "-" "Mozilla/5.0 (compatible; AhrefsBot/6.1; +http://ahrefs.com/robot/)"
172.69.62.17 - - [03/Apr/2019:22:56:21 +0300] "GET / HTTP/1.1" 301 493 "-" "Mozilla/5.0 (compatible; SurdotlyBot/1.0; +http://sur.ly/bot.html)"
162.158.79.174 - - [03/Apr/2019:22:56:21 +0300] "GET / HTTP/1.1" 200 13754 "-" "Mozilla/5.0 (compatible; SurdotlyBot/1.0; +http://sur.ly/bot.html)"
172.69.63.70 - - [03/Apr/2019:22:56:23 +0300] "GET / HTTP/1.1" 200 13754 "-" "Mozilla/5.0 (compatible; SurdotlyBot/1.0; +http://sur.ly/bot.html)"
162.158.79.252 - - [03/Apr/2019:22:56:23 +0300] "GET /robots.txt HTTP/1.1" 301 513 "-" "Mozilla/5.0 (compatible; SurdotlyBot/1.0; +http://sur.ly/bot.html)"
162.158.79.252 - - [03/Apr/2019:22:56:24 +0300] "GET /robots.txt HTTP/1.1" 304 3720 "-" "Mozilla/5.0 (compatible; SurdotlyBot/1.0; +http://sur.ly/bot.html)"
141.101.88.197 - - [03/Apr/2019:22:56:56 +0300] "GET /england/premier-league/brighton-vs-stoke-city-4274 HTTP/1.1" 301 3978 "-" "Mozilla/5.0 (compatible; AhrefsBot/6.1; +http://ahrefs.com/robot/)"
162.158.106.223 - - [03/Apr/2019:23:05:54 +0300] "GET /robots.txt HTTP/1.1" 301 513 "-" "Mozilla/5.0 (compatible; DotBot/1.1; http://www.opensiteexplorer.org/dotbot, help@moz.com)"
141.101.69.52 - - [03/Apr/2019:23:07:07 +0300] "GET /england/premier-league/west-brom-vs-huddersfield-5967 HTTP/1.1" 301 599 "http://oddscracker.com/" "Mozilla/5.0 (Windows NT 10.0; Win64; x64) AppleWebKit/537.36 (KHTML, like Gecko) Chrome/69.0.3497.100 Safari/537.36"
141.101.69.52 - - [03/Apr/2019:23:07:07 +0300] "GET /england/premier-league/west-brom-vs-huddersfield-5967 HTTP/1.1" 301 3978 "-" "Mozilla/5.0 (Windows NT 10.0; Win64; x64) AppleWebKit/537.36 (KHTML, like Gecko) Chrome/69.0.3497.100 Safari/537.36"
141.101.69.52 - - [03/Apr/2019:23:07:07 +0300] "GET / HTTP/1.1" 200 13754 "https://oddscracker.com/england/premier-league/west-brom-vs-huddersfield-5967" "Mozilla/5.0 (Windows NT 10.0; Win64; x64) AppleWebKit/537.36 (KHTML, like Gecko) Chrome/69.0.3497.100 Safari/537.36"
108.162.229.173 - - [03/Apr/2019:23:07:22 +0300] "GET /Matches/1193065/Live/England-League-1-2017-2018-Scunthorpe-Oldham HTTP/1.1" 301 3978 "-" "Mozilla/5.0 (compatible; AhrefsBot/6.1; +http://ahrefs.com/robot/)"
108.162.229.245 - - [03/Apr/2019:23:08:52 +0300] "GET /germany/bundesliga/hertha-berlin-vs-werder-bremen-2452 HTTP/1.1" 301 3978 "-" "Mozilla/5.0 (compatible; AhrefsBot/6.1; +http://ahrefs.com/robot/)"
172.69.226.176 - - [03/Apr/2019:23:13:21 +0300] "GET /england/premier-league/liverpool-vs-tottenham-3677 HTTP/1.1" 301 593 "-" "Mozilla/5.0 (compatible; AhrefsBot/6.1; +http://ahrefs.com/robot/)"
141.101.69.142 - - [03/Apr/2019:23:15:26 +0300] "GET /england/premier-league/burnley-vs-bournemouth-2287 HTTP/1.1" 301 3978 "-" "Mozilla/5.0 (compatible; AhrefsBot/6.1; +http://ahrefs.com/robot/)"
141.101.104.23 - - [03/Apr/2019:23:19:26 +0300] "GET /england/premier-league/everton-vs-southampton-3276 HTTP/1.1" 301 593 "-" "Mozilla/5.0 (compatible; AhrefsBot/6.1; +http://ahrefs.com/robot/)"
172.69.54.202 - - [03/Apr/2019:23:23:53 +0300] "GET /italy/serie-a/torino-fc-vs-cagliari-4111 HTTP/1.1" 301 3978 "-" "Mozilla/5.0 (compatible; AhrefsBot/6.1; +http://ahrefs.com/robot/)"
141.101.104.23 - - [03/Apr/2019:23:25:59 +0300] "GET /bookmakers/wp-login.php HTTP/1.1" 301 539 "-" "Mozilla/5.0 (Windows NT 10.0; WOW64) AppleWebKit/537.36 (KHTML, like Gecko) Chrome/51.0.2704.103 Safari/537.36"
172.69.54.238 - - [03/Apr/2019:23:26:00 +0300] "GET /bookmakers/wp-login.php HTTP/1.1" 301 3978 "-" "Mozilla/5.0 (Windows NT 10.0; WOW64) AppleWebKit/537.36 (KHTML, like Gecko) Chrome/51.0.2704.103 Safari/537.36"
172.69.54.238 - - [03/Apr/2019:23:26:00 +0300] "GET / HTTP/1.1" 200 13754 "-" "Mozilla/5.0 (Windows NT 10.0; WOW64) AppleWebKit/537.36 (KHTML, like Gecko) Chrome/51.0.2704.103 Safari/537.36"
141.101.76.233 - - [03/Apr/2019:23:41:58 +0300] "GET /france/ligue-1/psg-vs-nantes-1876 HTTP/1.1" 301 559 "-" "Mozilla/5.0 (compatible; AhrefsBot/6.1; +http://ahrefs.com/robot/)"
162.158.111.98 - - [03/Apr/2019:23:43:04 +0300] "GET /spain/la-liga/osasuna-vs-valencia-3108 HTTP/1.1" 301 3978 "-" "Mozilla/5.0 (compatible; AhrefsBot/6.1; +http://ahrefs.com/robot/)"
172.69.226.48 - - [03/Apr/2019:23:47:10 +0300] "GET /england/league-one/chesterfield-vs-bolton-wanderers-3069 HTTP/1.1" 301 605 "-" "Mozilla/5.0 (compatible; AhrefsBot/6.1; +http://ahrefs.com/robot/)"
162.158.111.98 - - [03/Apr/2019:23:51:10 +0300] "GET /login/google/%2Fnews%2F%3Fd%3D1%26pagen%3D286 HTTP/1.1" 404 452 "-" "Mozilla/5.0 (compatible; AhrefsBot/6.1; +http://ahrefs.com/robot/)"
162.158.74.10 - - [03/Apr/2019:23:53:03 +0300] "GET /index.php?redirect=ng HTTP/1.1" 302 4033 "-" "Mozilla/5.0 (compatible; Googlebot/2.1; +http://www.google.com/bot.html)"
162.158.106.223 - - [03/Apr/2019:23:55:08 +0300] "GET /robots.txt HTTP/1.1" 301 513 "-" "Mozilla/5.0 (compatible; DotBot/1.1; http://www.opensiteexplorer.org/dotbot, help@moz.com)"
162.158.111.86 - - [04/Apr/2019:00:05:41 +0300] "GET /europe/europa-league/fc-astana-vs-olympiacos-1831 HTTP/1.1" 301 591 "-" "Mozilla/5.0 (compatible; AhrefsBot/6.1; +http://ahrefs.com/robot/)"
172.69.54.154 - - [04/Apr/2019:00:09:12 +0300] "GET /Matches/1201946/Live/Germany-Bundesliga-2017-2018-Hertha-Berlin-Hoffenheim HTTP/1.1" 301 3978 "-" "Mozilla/5.0 (compatible; AhrefsBot/6.1; +http://ahrefs.com/robot/)"
141.101.69.52 - - [04/Apr/2019:00:10:12 +0300] "GET /spain/la-liga/sevilla-vs-eibar-3852 HTTP/1.1" 301 3978 "-" "Mozilla/5.0 (compatible; AhrefsBot/6.1; +http://ahrefs.com/robot/)"
108.162.229.245 - - [04/Apr/2019:00:14:12 +0300] "GET /france/ligue-1/lorient-vs-as-saint-etienne-3043 HTTP/1.1" 301 587 "-" "Mozilla/5.0 (compatible; AhrefsBot/6.1; +http://ahrefs.com/robot/)"
172.69.226.30 - - [04/Apr/2019:00:16:11 +0300] "GET /france/ligue-1/as-monaco-vs-lorient-3372 HTTP/1.1" 301 573 "-" "Mozilla/5.0 (compatible; AhrefsBot/6.1; +http://ahrefs.com/robot/)"
108.162.229.245 - - [04/Apr/2019:00:21:22 +0300] "GET /germany/bundesliga/hertha-berlin-vs-eintracht-frankfurt-3903 HTTP/1.1" 301 613 "-" "Mozilla/5.0 (compatible; AhrefsBot/6.1; +http://ahrefs.com/robot/)"
108.162.229.173 - - [04/Apr/2019:00:30:21 +0300] "GET /england/premier-league/chelsea-vs-swansea-5255 HTTP/1.1" 301 585 "-" "Mozilla/5.0 (compatible; AhrefsBot/6.1; +http://ahrefs.com/robot/)"
141.101.88.197 - - [04/Apr/2019:00:33:51 +0300] "GET /Matches/1202090/Live/Germany-Bundesliga-2017-2018-Borussia-M-Gladbach-Borussia-Dortmund HTTP/1.1" 301 3978 "-" "Mozilla/5.0 (compatible; AhrefsBot/6.1; +http://ahrefs.com/robot/)"
162.158.106.31 - - [04/Apr/2019:00:34:08 +0300] "GET /event/1-fc-kln-1-fsv-mainz-05-18 HTTP/1.1" 301 3978 "-" "Mozilla/5.0 (compatible; bingbot/2.0; +http://www.bing.com/bingbot.htm)"
162.158.39.12 - - [04/Apr/2019:00:34:46 +0300] "GET / HTTP/1.1" 301 493 "-" "Mozilla/5.0 (Windows NT 10.0; WOW64; Trident/7.0; rv:11.0) like Gecko"
162.158.38.161 - - [04/Apr/2019:00:34:47 +0300] "GET / HTTP/1.1" 200 13754 "-" "Mozilla/5.0 (Windows NT 10.0; WOW64; Trident/7.0; rv:11.0) like Gecko"
162.158.106.223 - - [04/Apr/2019:00:44:30 +0300] "GET /robots.txt HTTP/1.1" 301 513 "-" "Mozilla/5.0 (compatible; DotBot/1.1; http://www.opensiteexplorer.org/dotbot, help@moz.com)"
141.101.77.45 - - [04/Apr/2019:00:47:14 +0300] "GET /england/league-one/shrewsbury-town-vs-fleetwood-town-3419 HTTP/1.1" 301 607 "-" "Mozilla/5.0 (compatible; AhrefsBot/6.1; +http://ahrefs.com/robot/)"
141.101.69.142 - - [04/Apr/2019:00:55:44 +0300] "GET /europe/champions-league/italy-vs-sweden-5540 HTTP/1.1" 301 581 "-" "Mozilla/5.0 (compatible; AhrefsBot/6.1; +http://ahrefs.com/robot/)"
172.69.62.59 - - [04/Apr/2019:01:00:40 +0300] "GET /redirect/ke HTTP/1.1" 302 4033 "-" "Mozilla/5.0 (compatible; SemrushBot/3~bl; +http://www.semrush.com/bot.html)"
141.101.69.52 - - [04/Apr/2019:01:03:05 +0300] "GET /europe/champions-league/croatia-vs-greece-5361 HTTP/1.1" 301 3978 "-" "Mozilla/5.0 (compatible; AhrefsBot/6.1; +http://ahrefs.com/robot/)"
172.69.54.238 - - [04/Apr/2019:01:06:35 +0300] "GET /france/ligue-1/as-monaco-vs-caen-3170 HTTP/1.1" 301 567 "-" "Mozilla/5.0 (compatible; AhrefsBot/6.1; +http://ahrefs.com/robot/)"
172.69.226.48 - - [04/Apr/2019:01:10:05 +0300] "GET /login/facebook/%2Fnews%2F%3Fd%3D1%26pagen%3D3 HTTP/1.1" 404 452 "-" "Mozilla/5.0 (compatible; AhrefsBot/6.1; +http://ahrefs.com/robot/)"
172.69.54.202 - - [04/Apr/2019:01:13:35 +0300] "GET /Matches/1193321/Live/England-Championship-2017-2018-Middlesbrough-Reading HTTP/1.1" 301 3978 "-" "Mozilla/5.0 (compatible; AhrefsBot/6.1; +http://ahrefs.com/robot/)"
172.69.226.48 - - [04/Apr/2019:01:15:35 +0300] "GET /leagues HTTP/1.1" 301 507 "-" "Mozilla/5.0 (compatible; AhrefsBot/6.1; +http://ahrefs.com/robot/)"
141.101.88.197 - - [04/Apr/2019:01:27:30 +0300] "GET /europe/champions-league/celtic-vs-anderlecht-5819 HTTP/1.1" 301 591 "-" "Mozilla/5.0 (compatible; AhrefsBot/6.1; +http://ahrefs.com/robot/)"
108.162.229.173 - - [04/Apr/2019:01:32:00 +0300] "GET /england/premier-league/tottenham-vs-middlesbrough-3619 HTTP/1.1" 301 3978 "-" "Mozilla/5.0 (compatible; AhrefsBot/6.1; +http://ahrefs.com/robot/)"
162.158.111.86 - - [04/Apr/2019:01:34:49 +0300] "GET /england/english-championship/huddersfield-vs-sheffield-wednesday-1196 HTTP/1.1" 301 631 "-" "Mozilla/5.0 (compatible; AhrefsBot/6.1; +http://ahrefs.com/robot/)"
172.68.65.247 - - [04/Apr/2019:01:39:34 +0300] "GET /terms HTTP/1.1" 301 3978 "-" "Mozilla/5.0 (compatible; bingbot/2.0; +http://www.bing.com/bingbot.htm)"
172.69.33.132 - - [04/Apr/2019:01:39:54 +0300] "GET /index.php/bookmakers/reviews/betyetu HTTP/1.1" 200 13754 "-" "Sogou web spider/4.0(+http://www.sogou.com/docs/help/webmasters.htm#07)"
172.68.46.222 - - [04/Apr/2019:01:40:16 +0300] "GET / HTTP/1.1" 200 13754 "-" "Sogou web spider/4.0(+http://www.sogou.com/docs/help/webmasters.htm#07)"
108.162.246.204 - - [04/Apr/2019:01:41:04 +0300] "GET /bookmakers/reviews/betyetu HTTP/1.1" 301 3978 "-" "Mozilla/5.0 (compatible; bingbot/2.0; +http://www.bing.com/bingbot.htm)"
141.101.76.239 - - [04/Apr/2019:01:43:40 +0300] "GET /leagues/italy/serie-a HTTP/1.1" 301 3978 "-" "Mozilla/5.0 (compatible; AhrefsBot/6.1; +http://ahrefs.com/robot/)"
141.101.69.52 - - [04/Apr/2019:01:44:10 +0300] "GET /italy/serie-a/udinese-vs-inter-milan-3297 HTTP/1.1" 301 3978 "-" "Mozilla/5.0 (compatible; AhrefsBot/6.1; +http://ahrefs.com/robot/)"
141.101.88.197 - - [04/Apr/2019:01:52:27 +0300] "GET /germany/bundesliga/eintracht-frankfurt-vs-werder-bremen-4032 HTTP/1.1" 301 613 "-" "Mozilla/5.0 (compatible; AhrefsBot/6.1; +http://ahrefs.com/robot/)"
141.101.69.142 - - [04/Apr/2019:01:53:45 +0300] "GET /news/page/188 HTTP/1.1" 301 3978 "-" "Mozilla/5.0 (compatible; AhrefsBot/6.1; +http://ahrefs.com/robot/)"
162.158.158.82 - - [04/Apr/2019:01:54:34 +0300] "GET / HTTP/1.1" 200 13754 "https://www.google.com/" "Mozilla/5.0 (Windows NT 10.0; Win64; x64) AppleWebKit/537.36 (KHTML, like Gecko) Chrome/73.0.3683.86 Safari/537.36"
141.101.76.233 - - [04/Apr/2019:02:03:06 +0300] "GET /england/english-championship/nottingham-forest-vs-birmingham-city-1185 HTTP/1.1" 301 633 "-" "Mozilla/5.0 (compatible; AhrefsBot/6.1; +http://ahrefs.com/robot/)"
162.158.158.82 - - [04/Apr/2019:02:03:44 +0300] "GET / HTTP/1.1" 200 13754 "https://www.google.com/" "Mozilla/5.0 (Windows NT 10.0; Win64; x64) AppleWebKit/537.36 (KHTML, like Gecko) Chrome/73.0.3683.86 Safari/537.36"
141.101.76.239 - - [04/Apr/2019:02:06:01 +0300] "GET /bookmakers/wp-login.php HTTP/1.1" 301 539 "-" "Mozilla/5.0 (Windows NT 10.0; WOW64) AppleWebKit/537.36 (KHTML, like Gecko) Chrome/51.0.2704.103 Safari/537.36"
172.69.54.238 - - [04/Apr/2019:02:06:02 +0300] "GET /bookmakers/wp-login.php HTTP/1.1" 301 3978 "-" "Mozilla/5.0 (Windows NT 10.0; WOW64) AppleWebKit/537.36 (KHTML, like Gecko) Chrome/51.0.2704.103 Safari/537.36"
172.69.54.238 - - [04/Apr/2019:02:06:02 +0300] "GET / HTTP/1.1" 200 13754 "-" "Mozilla/5.0 (Windows NT 10.0; WOW64) AppleWebKit/537.36 (KHTML, like Gecko) Chrome/51.0.2704.103 Safari/537.36"
162.158.158.82 - - [04/Apr/2019:02:07:12 +0300] "GET / HTTP/1.1" 200 13696 "https://www.google.com/" "Mozilla/5.0 (Windows NT 10.0; Win64; x64) AppleWebKit/537.36 (KHTML, like Gecko) Chrome/73.0.3683.86 Safari/537.36"
141.101.98.209 - - [04/Apr/2019:02:07:14 +0300] "GET /img/headline-bg.png HTTP/1.1" 200 14713 "https://oddscracker.com/" "Mozilla/5.0 (Windows NT 10.0; Win64; x64) AppleWebKit/537.36 (KHTML, like Gecko) Chrome/73.0.3683.86 Safari/537.36"
141.101.99.210 - - [04/Apr/2019:02:07:35 +0300] "GET /img/favicon.png HTTP/1.1" 200 14313 "https://oddscracker.com/" "Mozilla/5.0 (Windows NT 10.0; Win64; x64) AppleWebKit/537.36 (KHTML, like Gecko) Chrome/73.0.3683.86 Safari/537.36"
172.69.226.48 - - [04/Apr/2019:02:07:43 +0300] "GET /england/english-championship/manchester-united-vs-burnley-1924 HTTP/1.1" 301 3978 "-" "Mozilla/5.0 (compatible; AhrefsBot/6.1; +http://ahrefs.com/robot/)"
162.158.158.82 - - [04/Apr/2019:02:08:37 +0300] "GET /index.php?redirect=gh HTTP/1.1" 302 3975 "https://oddscracker.com/" "Mozilla/5.0 (Windows NT 10.0; Win64; x64) AppleWebKit/537.36 (KHTML, like Gecko) Chrome/73.0.3683.86 Safari/537.36"
162.158.106.223 - - [04/Apr/2019:02:09:22 +0300] "GET /robots.txt HTTP/1.1" 301 513 "-" "Mozilla/5.0 (compatible; DotBot/1.1; http://www.opensiteexplorer.org/dotbot, help@moz.com)"
141.101.69.52 - - [04/Apr/2019:02:18:26 +0300] "GET /england/premier-league/bournemouth-vs-tottenham-1218 HTTP/1.1" 301 3978 "-" "Mozilla/5.0 (compatible; AhrefsBot/6.1; +http://ahrefs.com/robot/)"
172.69.226.48 - - [04/Apr/2019:02:34:28 +0300] "GET /england/english-championship/arsenal-vs-tottenham-1938 HTTP/1.1" 301 601 "-" "Mozilla/5.0 (compatible; AhrefsBot/6.1; +http://ahrefs.com/robot/)"
141.101.69.94 - - [04/Apr/2019:02:34:58 +0300] "GET /news/?d=1&pagen=32 HTTP/1.1" 301 533 "-" "Mozilla/5.0 (compatible; AhrefsBot/6.1; +http://ahrefs.com/robot/)"
141.101.76.77 - - [04/Apr/2019:02:39:28 +0300] "GET /world/friendly-matches/brighton-vs-stoke-city-5277 HTTP/1.1" 301 593 "-" "Mozilla/5.0 (compatible; AhrefsBot/6.1; +http://ahrefs.com/robot/)"
108.162.229.245 - - [04/Apr/2019:02:42:28 +0300] "GET /Teams/33/Show/Germany-Wolfsburg HTTP/1.1" 301 3978 "-" "Mozilla/5.0 (compatible; AhrefsBot/6.1; +http://ahrefs.com/robot/)"
141.101.88.197 - - [04/Apr/2019:02:47:02 +0300] "GET /england/premier-league/tottenham-vs-swansea-2489 HTTP/1.1" 301 589 "-" "Mozilla/5.0 (compatible; AhrefsBot/6.1; +http://ahrefs.com/robot/)"
141.101.69.142 - - [04/Apr/2019:02:47:32 +0300] "GET /england/premier-league/arsenal-vs-manchester-city-6023 HTTP/1.1" 301 3978 "-" "Mozilla/5.0 (compatible; AhrefsBot/6.1; +http://ahrefs.com/robot/)"
141.101.88.197 - - [04/Apr/2019:02:54:02 +0300] "GET /spain/la-liga/eibar-vs-alaves-2519 HTTP/1.1" 301 561 "-" "Mozilla/5.0 (compatible; AhrefsBot/6.1; +http://ahrefs.com/robot/)"
141.101.77.45 - - [04/Apr/2019:02:54:33 +0300] "GET /france/ligue-1/west-ham-vs-liverpool-4567 HTTP/1.1" 301 575 "-" "Mozilla/5.0 (compatible; AhrefsBot/6.1; +http://ahrefs.com/robot/)"
162.158.106.223 - - [04/Apr/2019:02:58:50 +0300] "GET /robots.txt HTTP/1.1" 301 513 "-" "Mozilla/5.0 (compatible; DotBot/1.1; http://www.opensiteexplorer.org/dotbot, help@moz.com)"
141.101.88.197 - - [04/Apr/2019:02:59:32 +0300] "GET /england/english-championship/sevilla-vs-celta-vigo-5025 HTTP/1.1" 301 3978 "-" "Mozilla/5.0 (compatible; AhrefsBot/6.1; +http://ahrefs.com/robot/)"
141.101.77.45 - - [04/Apr/2019:03:01:13 +0300] "GET /europe/europa-league/manchester-united-vs-fenerbahce-1312 HTTP/1.1" 301 3978 "-" "Mozilla/5.0 (compatible; AhrefsBot/6.1; +http://ahrefs.com/robot/)"
141.101.88.197 - - [04/Apr/2019:03:08:22 +0300] "GET /england/premier-league/manchester-united-vs-burnley-1737 HTTP/1.1" 301 605 "-" "Mozilla/5.0 (compatible; AhrefsBot/6.1; +http://ahrefs.com/robot/)"
141.101.104.23 - - [04/Apr/2019:03:09:52 +0300] "GET /Teams/311/Show/France-Montpellier HTTP/1.1" 301 3978 "-" "Mozilla/5.0 (compatible; AhrefsBot/6.1; +http://ahrefs.com/robot/)"
172.69.54.178 - - [04/Apr/2019:03:11:40 +0300] "GET /france/ligue-1/atletico-madrid-vs-qarabag-4557 HTTP/1.1" 301 3978 "-" "Mozilla/5.0 (compatible; AhrefsBot/6.1; +http://ahrefs.com/robot/)"
162.158.111.86 - - [04/Apr/2019:03:21:53 +0300] "GET /england/premier-league/stoke-city-vs-burnley-2144 HTTP/1.1" 301 591 "-" "Mozilla/5.0 (compatible; AhrefsBot/6.1; +http://ahrefs.com/robot/)"
172.68.11.174 - - [04/Apr/2019:03:24:37 +0300] "GET /robots.txt HTTP/1.1" 301 513 "-" "Mozilla/5.0 (compatible; Linux x86_64; Mail.RU_Bot/Robots/2.0; +http://go.mail.ru/help/robots)"
172.68.246.105 - - [04/Apr/2019:03:24:40 +0300] "GET / HTTP/1.1" 301 493 "-" "Mozilla/5.0 (compatible; Linux x86_64; Mail.RU_Bot/Robots/2.0; +http://go.mail.ru/help/robots)"
172.68.245.122 - - [04/Apr/2019:03:24:50 +0300] "GET / HTTP/1.1" 200 13754 "http://oddscracker.com/" "Mozilla/5.0 (compatible; Linux x86_64; Mail.RU_Bot/Robots/2.0; +http://go.mail.ru/help/robots)"
108.162.246.84 - - [04/Apr/2019:03:32:49 +0300] "GET /italy HTTP/1.1" 301 3978 "-" "Mozilla/5.0 (compatible; DotBot/1.1; http://www.opensiteexplorer.org/dotbot, help@moz.com)"
141.101.88.197 - - [04/Apr/2019:03:38:19 +0300] "GET /europe/champions-league/fc-copenhagen-vs-fc-porto-2058 HTTP/1.1" 301 3978 "-" "Mozilla/5.0 (compatible; AhrefsBot/6.1; +http://ahrefs.com/robot/)"
162.158.111.98 - - [04/Apr/2019:03:45:49 +0300] "GET /italy/serie-a/atalanta-vs-cagliari-3610 HTTP/1.1" 301 571 "-" "Mozilla/5.0 (compatible; AhrefsBot/6.1; +http://ahrefs.com/robot/)"
141.101.76.131 - - [04/Apr/2019:03:46:49 +0300] "GET /europe/champions-league/legia-warsaw-vs-borussia-dortmund-105 HTTP/1.1" 301 615 "-" "Mozilla/5.0 (compatible; AhrefsBot/6.1; +http://ahrefs.com/robot/)"
162.158.106.223 - - [04/Apr/2019:03:48:32 +0300] "GET /robots.txt HTTP/1.1" 301 513 "-" "Mozilla/5.0 (compatible; DotBot/1.1; http://www.opensiteexplorer.org/dotbot, help@moz.com)"
141.101.88.197 - - [04/Apr/2019:03:54:25 +0300] "GET /england/premier-league/manchester-city-vs-arsenal-4082 HTTP/1.1" 301 601 "-" "Mozilla/5.0 (compatible; AhrefsBot/6.1; +http://ahrefs.com/robot/)"
162.158.106.181 - - [04/Apr/2019:03:55:28 +0300] "GET /events/Premier_League HTTP/1.1" 301 3978 "-" "Mozilla/5.0 (compatible; bingbot/2.0; +http://www.bing.com/bingbot.htm)"
108.162.229.245 - - [04/Apr/2019:03:57:02 +0300] "GET /Teams/39/Show/Germany-Schalke-04 HTTP/1.1" 301 3978 "-" "Mozilla/5.0 (compatible; AhrefsBot/6.1; +http://ahrefs.com/robot/)"
172.69.62.71 - - [04/Apr/2019:03:59:37 +0300] "GET / HTTP/1.1" 301 493 "-" "Mozilla/5.0 (Windows NT 10.0; Win64; x64) AppleWebKit/537.36 (KHTML, like Gecko) Chrome/63.0.3239.132 Safari/537.36"
162.158.79.192 - - [04/Apr/2019:04:07:32 +0300] "GET / HTTP/1.1" 200 13754 "-" "Mozilla/5.0 (compatible; bingbot/2.0; +http://www.bing.com/bingbot.htm)"
162.158.106.223 - - [04/Apr/2019:04:07:40 +0300] "GET /robots.txt HTTP/1.1" 301 513 "-" "Mozilla/5.0 (compatible; bingbot/2.0; +http://www.bing.com/bingbot.htm)"
108.162.229.173 - - [04/Apr/2019:04:18:28 +0300] "GET /Matches/1193273/Live/England-Championship-2017-2018-Sunderland-Brentford HTTP/1.1" 301 637 "-" "Mozilla/5.0 (compatible; AhrefsBot/6.1; +http://ahrefs.com/robot/)"
141.101.104.222 - - [04/Apr/2019:04:36:35 +0300] "GET /Matches/1225347/Live/Italy-Serie-A-2017-2018-Sassuolo-Torino HTTP/1.1" 301 613 "-" "Mozilla/5.0 (compatible; AhrefsBot/6.1; +http://ahrefs.com/robot/)"
141.101.99.174 - - [04/Apr/2019:04:36:59 +0300] "GET /phpmyadmin/ HTTP/1.1" 200 8028 "-" "Mozilla/5.0 (X11; Ubuntu; Linux x86_64; rv:65.0) Gecko/20100101 Firefox/65.0"
141.101.99.174 - - [04/Apr/2019:04:36:59 +0300] "GET /phpmyadmin/js/get_scripts.js.php?scripts%5B%5D=jquery/jquery.debounce-1.0.5.js&scripts%5B%5D=menu-resizer.js&scripts%5B%5D=cross_framing_protection.js&scripts%5B%5D=rte.js&scripts%5B%5D=tracekit/tracekit.js&scripts%5B%5D=error_report.js&scripts%5B%5D=config.js&scripts%5B%5D=doclinks.js&scripts%5B%5D=functions.js&scripts%5B%5D=navigation.js&v=4.6.6deb4 HTTP/1.1" 200 83232 "-" "Mozilla/5.0 (X11; Ubuntu; Linux x86_64; rv:65.0) Gecko/20100101 Firefox/65.0"
141.101.107.193 - - [04/Apr/2019:04:36:59 +0300] "GET /phpmyadmin/themes/pmahomme/jquery/jquery-ui-1.11.4.css HTTP/1.1" 200 11974 "-" "Mozilla/5.0 (X11; Ubuntu; Linux x86_64; rv:65.0) Gecko/20100101 Firefox/65.0"
141.101.99.174 - - [04/Apr/2019:04:36:59 +0300] "GET /phpmyadmin/phpmyadmin.css.php?nocache=4437063584ltr HTTP/1.1" 200 24084 "-" "Mozilla/5.0 (X11; Ubuntu; Linux x86_64; rv:65.0) Gecko/20100101 Firefox/65.0"
141.101.99.174 - - [04/Apr/2019:04:36:59 +0300] "GET /phpmyadmin/js/whitelist.php?lang=en&db=&token=141a09ef589e6ddb9f05a15926efb886&v=4.6.6deb4 HTTP/1.1" 200 4357 "-" "Mozilla/5.0 (X11; Ubuntu; Linux x86_64; rv:65.0) Gecko/20100101 Firefox/65.0"
162.158.154.26 - - [04/Apr/2019:04:37:00 +0300] "GET /phpmyadmin/js/codemirror/addon/lint/lint.css?v=4.6.6deb4 HTTP/1.1" 200 5108 "-" "Mozilla/5.0 (X11; Ubuntu; Linux x86_64; rv:65.0) Gecko/20100101 Firefox/65.0"
162.158.155.15 - - [04/Apr/2019:04:37:01 +0300] "GET /phpmyadmin/themes/pmahomme/css/printview.css?v=4.6.6deb4 HTTP/1.1" 200 4809 "-" "Mozilla/5.0 (X11; Ubuntu; Linux x86_64; rv:65.0) Gecko/20100101 Firefox/65.0"
141.101.99.174 - - [04/Apr/2019:04:37:01 +0300] "GET /phpmyadmin/js/get_scripts.js.php?scripts%5B%5D=indexes.js&scripts%5B%5D=common.js&scripts%5B%5D=page_settings.js&scripts%5B%5D=codemirror/lib/codemirror.js&scripts%5B%5D=codemirror/mode/sql/sql.js&scripts%5B%5D=codemirror/addon/runmode/runmode.js&scripts%5B%5D=codemirror/addon/hint/show-hint.js&scripts%5B%5D=codemirror/addon/hint/sql-hint.js&scripts%5B%5D=codemirror/addon/lint/lint.js&scripts%5B%5D=codemirror/addon/lint/sql-lint.js&v=4.6.6deb4 HTTP/1.1" 200 123168 "-" "Mozilla/5.0 (X11; Ubuntu; Linux x86_64; rv:65.0) Gecko/20100101 Firefox/65.0"
162.158.155.135 - - [04/Apr/2019:04:37:02 +0300] "GET /phpmyadmin/js/codemirror/addon/hint/show-hint.css?v=4.6.6deb4 HTTP/1.1" 200 4157 "-" "Mozilla/5.0 (X11; Ubuntu; Linux x86_64; rv:65.0) Gecko/20100101 Firefox/65.0"
141.101.99.174 - - [04/Apr/2019:04:37:02 +0300] "GET /phpmyadmin/js/get_image.js.php?theme=pmahomme&v=4.6.6deb4 HTTP/1.1" 200 5745 "-" "Mozilla/5.0 (X11; Ubuntu; Linux x86_64; rv:65.0) Gecko/20100101 Firefox/65.0"
162.158.154.206 - - [04/Apr/2019:04:37:02 +0300] "GET /phpmyadmin/js/codemirror/lib/codemirror.css?v=4.6.6deb4 HTTP/1.1" 200 6290 "-" "Mozilla/5.0 (X11; Ubuntu; Linux x86_64; rv:65.0) Gecko/20100101 Firefox/65.0"
141.101.99.174 - - [04/Apr/2019:04:37:02 +0300] "GET /phpmyadmin/js/get_scripts.js.php?scripts%5B%5D=jquery/jquery-2.1.4.min.js&scripts%5B%5D=sprintf.js&scripts%5B%5D=ajax.js&scripts%5B%5D=keyhandler.js&scripts%5B%5D=jquery/jquery-ui-1.11.4.min.js&scripts%5B%5D=jquery/jquery.cookie.js&scripts%5B%5D=jquery/jquery.mousewheel.js&scripts%5B%5D=jquery/jquery.event.drag-2.2.js&scripts%5B%5D=jquery/jquery-ui-timepicker-addon.js&scripts%5B%5D=jquery/jquery.ba-hashchange-1.3.js&v=4.6.6deb4 HTTP/1.1" 200 138397 "-" "Mozilla/5.0 (X11; Ubuntu; Linux x86_64; rv:65.0) Gecko/20100101 Firefox/65.0"
141.101.99.174 - - [04/Apr/2019:04:37:02 +0300] "GET /phpmyadmin/js/get_scripts.js.php?scripts%5B%5D=console.js&v=4.6.6deb4 HTTP/1.1" 200 14717 "-" "Mozilla/5.0 (X11; Ubuntu; Linux x86_64; rv:65.0) Gecko/20100101 Firefox/65.0"
162.158.154.242 - - [04/Apr/2019:04:37:03 +0300] "GET /phpmyadmin/themes/pmahomme/img/logo_right.png HTTP/1.1" 200 8349 "-" "Mozilla/5.0 (X11; Ubuntu; Linux x86_64; rv:65.0) Gecko/20100101 Firefox/65.0"
162.158.155.87 - - [04/Apr/2019:04:37:03 +0300] "GET /phpmyadmin/themes/dot.gif HTTP/1.1" 200 3811 "-" "Mozilla/5.0 (X11; Ubuntu; Linux x86_64; rv:65.0) Gecko/20100101 Firefox/65.0"
141.101.99.174 - - [04/Apr/2019:04:37:03 +0300] "GET /phpmyadmin/js/messages.php?lang=en&db=&token=141a09ef589e6ddb9f05a15926efb886&v=4.6.6deb4 HTTP/1.1" 200 12522 "-" "Mozilla/5.0 (X11; Ubuntu; Linux x86_64; rv:65.0) Gecko/20100101 Firefox/65.0"
141.101.98.215 - - [04/Apr/2019:04:37:03 +0300] "GET /phpmyadmin/favicon.ico HTTP/1.1" 200 26332 "-" "Mozilla/5.0 (X11; Ubuntu; Linux x86_64; rv:65.0) Gecko/20100101 Firefox/65.0"
162.158.154.116 - - [04/Apr/2019:04:37:03 +0300] "GET /phpmyadmin/themes/pmahomme/img/sprites.png?v=4.6.6deb4 HTTP/1.1" 200 50593 "-" "Mozilla/5.0 (X11; Ubuntu; Linux x86_64; rv:65.0) Gecko/20100101 Firefox/65.0"
141.101.99.174 - - [04/Apr/2019:04:37:07 +0300] "POST /phpmyadmin/index.php HTTP/1.1" 302 1172 "-" "Mozilla/5.0 (X11; Ubuntu; Linux x86_64; rv:65.0) Gecko/20100101 Firefox/65.0"
141.101.99.174 - - [04/Apr/2019:04:37:07 +0300] "GET /phpmyadmin/index.php?token=e8e346afd9a1e7de8aec6bb6be9f4b8c HTTP/1.1" 200 15058 "-" "Mozilla/5.0 (X11; Ubuntu; Linux x86_64; rv:65.0) Gecko/20100101 Firefox/65.0"
141.101.99.138 - - [04/Apr/2019:04:37:07 +0300] "GET /phpmyadmin/themes/pmahomme/img/b_plugin.png HTTP/1.1" 200 4361 "-" "Mozilla/5.0 (X11; Ubuntu; Linux x86_64; rv:65.0) Gecko/20100101 Firefox/65.0"
141.101.99.12 - - [04/Apr/2019:04:37:07 +0300] "GET /phpmyadmin/themes/pmahomme/img/ajax_clock_small.gif HTTP/1.1" 200 5610 "-" "Mozilla/5.0 (X11; Ubuntu; Linux x86_64; rv:65.0) Gecko/20100101 Firefox/65.0"
141.101.99.12 - - [04/Apr/2019:04:37:07 +0300] "GET /phpmyadmin/themes/pmahomme/img/s_collapseall.png HTTP/1.1" 200 3939 "-" "Mozilla/5.0 (X11; Ubuntu; Linux x86_64; rv:65.0) Gecko/20100101 Firefox/65.0"
162.158.154.68 - - [04/Apr/2019:04:37:07 +0300] "GET /phpmyadmin/themes/pmahomme/img/logo_left.png HTTP/1.1" 200 6034 "-" "Mozilla/5.0 (X11; Ubuntu; Linux x86_64; rv:65.0) Gecko/20100101 Firefox/65.0"
141.101.99.174 - - [04/Apr/2019:04:37:07 +0300] "GET /phpmyadmin/phpmyadmin.css.php?nocache=5991405411ltr HTTP/1.1" 200 24084 "-" "Mozilla/5.0 (X11; Ubuntu; Linux x86_64; rv:65.0) Gecko/20100101 Firefox/65.0"
141.101.99.174 - - [04/Apr/2019:04:37:07 +0300] "GET /phpmyadmin/js/whitelist.php?lang=en&db=&token=e8e346afd9a1e7de8aec6bb6be9f4b8c&v=4.6.6deb4 HTTP/1.1" 200 4357 "-" "Mozilla/5.0 (X11; Ubuntu; Linux x86_64; rv:65.0) Gecko/20100101 Firefox/65.0"
141.101.99.174 - - [04/Apr/2019:04:37:07 +0300] "GET /phpmyadmin/js/messages.php?lang=en&db=&token=e8e346afd9a1e7de8aec6bb6be9f4b8c&v=4.6.6deb4 HTTP/1.1" 200 12522 "-" "Mozilla/5.0 (X11; Ubuntu; Linux x86_64; rv:65.0) Gecko/20100101 Firefox/65.0"
141.101.99.174 - - [04/Apr/2019:04:37:08 +0300] "POST /phpmyadmin/navigation.php?ajax_request=1&token=e8e346afd9a1e7de8aec6bb6be9f4b8c HTTP/1.1" 200 3342 "-" "Mozilla/5.0 (X11; Ubuntu; Linux x86_64; rv:65.0) Gecko/20100101 Firefox/65.0"
141.101.98.41 - - [04/Apr/2019:04:37:08 +0300] "GET /phpmyadmin/themes/pmahomme/img/left_nav_bg.png HTTP/1.1" 200 4027 "-" "Mozilla/5.0 (X11; Ubuntu; Linux x86_64; rv:65.0) Gecko/20100101 Firefox/65.0"
141.101.99.174 - - [04/Apr/2019:04:37:08 +0300] "POST /phpmyadmin/db_structure.php?ajax_request=1&favorite_table=1&sync_favorite_tables=1&token=e8e346afd9a1e7de8aec6bb6be9f4b8c HTTP/1.1" 200 1227 "-" "Mozilla/5.0 (X11; Ubuntu; Linux x86_64; rv:65.0) Gecko/20100101 Firefox/65.0"
141.101.99.174 - - [04/Apr/2019:04:37:16 +0300] "GET /phpmyadmin/db_structure.php?server=1&db=oddscr5_oddscracker_ke&token=e8e346afd9a1e7de8aec6bb6be9f4b8c&ajax_request=true&ajax_page_request=true&_nocache=1554341836450485573 HTTP/1.1" 200 11829 "-" "Mozilla/5.0 (X11; Ubuntu; Linux x86_64; rv:65.0) Gecko/20100101 Firefox/65.0"
141.101.107.253 - - [04/Apr/2019:04:37:17 +0300] "GET /phpmyadmin/themes/pmahomme/img/arrow_ltr.png HTTP/1.1" 200 3908 "-" "Mozilla/5.0 (X11; Ubuntu; Linux x86_64; rv:65.0) Gecko/20100101 Firefox/65.0"
141.101.99.174 - - [04/Apr/2019:04:37:17 +0300] "GET /phpmyadmin/js/get_scripts.js.php?scripts%5B%5D=db_structure.js&scripts%5B%5D=tbl_change.js&call_done=1&v=4.6.6deb4 HTTP/1.1" 200 11223 "-" "Mozilla/5.0 (X11; Ubuntu; Linux x86_64; rv:65.0) Gecko/20100101 Firefox/65.0"
141.101.99.174 - - [04/Apr/2019:04:37:17 +0300] "GET /phpmyadmin/navigation.php?ajax_request=1&token=e8e346afd9a1e7de8aec6bb6be9f4b8c&aPath=cm9vdA%3D%3D.b2Rkc2NyNV9vZGRzY3JhY2tlcl9rZQ%3D%3D&vPath=cm9vdA%3D%3D.b2Rkc2NyNQ%3D%3D.b2Rkc2NyYWNrZXI%3D.a2U%3D&pos=0&pos2_name=&pos2_value=&searchClause=&searchClause2=&_nocache=1554341837082126817 HTTP/1.1" 200 6798 "-" "Mozilla/5.0 (X11; Ubuntu; Linux x86_64; rv:65.0) Gecko/20100101 Firefox/65.0"
141.101.99.174 - - [04/Apr/2019:04:37:19 +0300] "GET /phpmyadmin/sql.php?db=oddscr5_oddscracker_ke&token=e8e346afd9a1e7de8aec6bb6be9f4b8c&goto=db_structure.php&table=oc_settings&pos=0&ajax_request=true&ajax_page_request=true&_nocache=1554341839826784205 HTTP/1.1" 200 11545 "-" "Mozilla/5.0 (X11; Ubuntu; Linux x86_64; rv:65.0) Gecko/20100101 Firefox/65.0"
141.101.99.174 - - [04/Apr/2019:04:37:20 +0300] "GET /phpmyadmin/js/get_scripts.js.php?scripts%5B%5D=jquery/jquery.uitablefilter.js&scripts%5B%5D=gis_data_editor.js&scripts%5B%5D=multi_column_sort.js&scripts%5B%5D=makegrid.js&scripts%5B%5D=sql.js&call_done=1&v=4.6.6deb4 HTTP/1.1" 200 31880 "-" "Mozilla/5.0 (X11; Ubuntu; Linux x86_64; rv:65.0) Gecko/20100101 Firefox/65.0"
141.101.98.173 - - [04/Apr/2019:04:37:20 +0300] "GET /phpmyadmin/themes/pmahomme/img/s_fulltext.png HTTP/1.1" 200 3962 "-" "Mozilla/5.0 (X11; Ubuntu; Linux x86_64; rv:65.0) Gecko/20100101 Firefox/65.0"
141.101.99.174 - - [04/Apr/2019:04:37:20 +0300] "GET /phpmyadmin/index.php?ajax_request=1&recent_table=1&token=e8e346afd9a1e7de8aec6bb6be9f4b8c&no_debug=true&_nocache=1554341840496270960 HTTP/1.1" 200 2464 "-" "Mozilla/5.0 (X11; Ubuntu; Linux x86_64; rv:65.0) Gecko/20100101 Firefox/65.0"
162.158.155.171 - - [04/Apr/2019:04:37:20 +0300] "GET /phpmyadmin/themes/pmahomme/img/col_pointer.png HTTP/1.1" 200 3882 "-" "Mozilla/5.0 (X11; Ubuntu; Linux x86_64; rv:65.0) Gecko/20100101 Firefox/65.0"
162.158.158.146 - - [04/Apr/2019:04:37:20 +0300] "GET /phpmyadmin/themes/pmahomme/img/col_drop.png HTTP/1.1" 200 3901 "-" "Mozilla/5.0 (X11; Ubuntu; Linux x86_64; rv:65.0) Gecko/20100101 Firefox/65.0"
162.158.106.223 - - [04/Apr/2019:04:37:24 +0300] "GET /robots.txt HTTP/1.1" 301 513 "-" "Mozilla/5.0 (compatible; DotBot/1.1; http://www.opensiteexplorer.org/dotbot, help@moz.com)"
141.101.99.174 - - [04/Apr/2019:04:37:27 +0300] "POST /phpmyadmin/sql.php HTTP/1.1" 200 11774 "-" "Mozilla/5.0 (X11; Ubuntu; Linux x86_64; rv:65.0) Gecko/20100101 Firefox/65.0"
141.101.99.174 - - [04/Apr/2019:04:37:27 +0300] "GET /phpmyadmin/index.php?ajax_request=1&recent_table=1&token=e8e346afd9a1e7de8aec6bb6be9f4b8c&no_debug=true&_nocache=1554341847679975433 HTTP/1.1" 200 2447 "-" "Mozilla/5.0 (X11; Ubuntu; Linux x86_64; rv:65.0) Gecko/20100101 Firefox/65.0"
141.101.99.174 - - [04/Apr/2019:04:37:30 +0300] "POST /phpmyadmin/sql.php HTTP/1.1" 200 8799 "-" "Mozilla/5.0 (X11; Ubuntu; Linux x86_64; rv:65.0) Gecko/20100101 Firefox/65.0"
141.101.99.174 - - [04/Apr/2019:04:39:21 +0300] "POST /phpmyadmin/sql.php HTTP/1.1" 200 8801 "-" "Mozilla/5.0 (X11; Ubuntu; Linux x86_64; rv:65.0) Gecko/20100101 Firefox/65.0"
141.101.99.174 - - [04/Apr/2019:04:39:23 +0300] "GET /phpmyadmin/tbl_change.php?db=oddscr5_oddscracker_ke&table=oc_settings&where_clause=%60oc_settings%60.%60SettingID%60+%3D+33&clause_is_unique=1&sql_query=SELECT+%2A+FROM+%60oc_settings%60&goto=sql.php&default_action=update&token=e8e346afd9a1e7de8aec6bb6be9f4b8c&ajax_request=true&ajax_page_request=true&_nocache=1554341962951750555 HTTP/1.1" 200 10801 "-" "Mozilla/5.0 (X11; Ubuntu; Linux x86_64; rv:65.0) Gecko/20100101 Firefox/65.0"
141.101.99.174 - - [04/Apr/2019:04:39:23 +0300] "GET /phpmyadmin/js/get_scripts.js.php?scripts%5B%5D=big_ints.js&scripts%5B%5D=jquery/jquery.validate.js&scripts%5B%5D=jquery/additional-methods.js&call_done=1&v=4.6.6deb4 HTTP/1.1" 200 22409 "-" "Mozilla/5.0 (X11; Ubuntu; Linux x86_64; rv:65.0) Gecko/20100101 Firefox/65.0"
141.101.99.174 - - [04/Apr/2019:04:39:23 +0300] "GET /phpmyadmin/index.php?ajax_request=1&recent_table=1&token=e8e346afd9a1e7de8aec6bb6be9f4b8c&no_debug=true&_nocache=1554341963693413828 HTTP/1.1" 200 2447 "-" "Mozilla/5.0 (X11; Ubuntu; Linux x86_64; rv:65.0) Gecko/20100101 Firefox/65.0"
141.101.99.174 - - [04/Apr/2019:04:39:41 +0300] "GET /phpmyadmin/navigation.php?ajax_request=1&token=e8e346afd9a1e7de8aec6bb6be9f4b8c&aPath=cm9vdA%3D%3D.b2Rkc2NyNV9vZGRzY3JhY2tlcl9tdw%3D%3D&vPath=cm9vdA%3D%3D.b2Rkc2NyNQ%3D%3D.b2Rkc2NyYWNrZXI%3D.bXc%3D&pos=0&pos2_name=&pos2_value=&searchClause=&searchClause2=&_nocache=1554341981580918538 HTTP/1.1" 200 6807 "-" "Mozilla/5.0 (X11; Ubuntu; Linux x86_64; rv:65.0) Gecko/20100101 Firefox/65.0"
141.101.99.174 - - [04/Apr/2019:04:39:44 +0300] "GET /phpmyadmin/sql.php?server=1&db=oddscr5_oddscracker_mw&table=oc_settings&pos=0&token=e8e346afd9a1e7de8aec6bb6be9f4b8c&ajax_request=true&ajax_page_request=true&_nocache=1554341984374544473 HTTP/1.1" 200 15008 "-" "Mozilla/5.0 (X11; Ubuntu; Linux x86_64; rv:65.0) Gecko/20100101 Firefox/65.0"
141.101.99.174 - - [04/Apr/2019:04:39:45 +0300] "GET /phpmyadmin/index.php?ajax_request=1&recent_table=1&token=e8e346afd9a1e7de8aec6bb6be9f4b8c&no_debug=true&_nocache=1554341985085461851 HTTP/1.1" 200 5917 "-" "Mozilla/5.0 (X11; Ubuntu; Linux x86_64; rv:65.0) Gecko/20100101 Firefox/65.0"
141.101.99.174 - - [04/Apr/2019:04:39:46 +0300] "POST /phpmyadmin/sql.php HTTP/1.1" 200 8313 "-" "Mozilla/5.0 (X11; Ubuntu; Linux x86_64; rv:65.0) Gecko/20100101 Firefox/65.0"
141.101.99.174 - - [04/Apr/2019:04:39:47 +0300] "GET /phpmyadmin/index.php?ajax_request=1&recent_table=1&token=e8e346afd9a1e7de8aec6bb6be9f4b8c&no_debug=true&_nocache=1554341987107740168 HTTP/1.1" 200 5922 "-" "Mozilla/5.0 (X11; Ubuntu; Linux x86_64; rv:65.0) Gecko/20100101 Firefox/65.0"
141.101.99.174 - - [04/Apr/2019:04:39:50 +0300] "GET /phpmyadmin/tbl_change.php?db=oddscr5_oddscracker_mw&table=oc_settings&where_clause=%60oc_settings%60.%60SettingID%60+%3D+33&clause_is_unique=1&sql_query=SELECT+%2A+FROM+%60oc_settings%60&goto=sql.php&default_action=update&token=e8e346afd9a1e7de8aec6bb6be9f4b8c&ajax_request=true&ajax_page_request=true&_nocache=1554341990283210313 HTTP/1.1" 200 10813 "-" "Mozilla/5.0 (X11; Ubuntu; Linux x86_64; rv:65.0) Gecko/20100101 Firefox/65.0"
141.101.99.174 - - [04/Apr/2019:04:39:50 +0300] "GET /phpmyadmin/index.php?ajax_request=1&recent_table=1&token=e8e346afd9a1e7de8aec6bb6be9f4b8c&no_debug=true&_nocache=1554341990727157148 HTTP/1.1" 200 2465 "-" "Mozilla/5.0 (X11; Ubuntu; Linux x86_64; rv:65.0) Gecko/20100101 Firefox/65.0"
141.101.69.142 - - [04/Apr/2019:04:42:07 +0300] "GET /england/league-one/southend-united-vs-charlton-athletic-3352 HTTP/1.1" 301 3978 "-" "Mozilla/5.0 (compatible; AhrefsBot/6.1; +http://ahrefs.com/robot/)"
172.69.54.238 - - [04/Apr/2019:04:43:07 +0300] "GET /Matches/1171801/Live/Kenya-Premier-League-2017-Ulinzi-Stars-Kariobangi-Sharks HTTP/1.1" 301 647 "-" "Mozilla/5.0 (compatible; AhrefsBot/6.1; +http://ahrefs.com/robot/)"
162.158.158.82 - - [04/Apr/2019:04:43:25 +0300] "GET /redirect/gh HTTP/1.1" 302 4033 "https://ke.oddscracker.com/" "Mozilla/5.0 (X11; Linux x86_64) AppleWebKit/537.36 (KHTML, like Gecko) Chrome/72.0.3626.121 Safari/537.36"
141.101.76.239 - - [04/Apr/2019:04:43:56 +0300] "GET /phpmyadmin/sql.php?server=1&db=oddscr5_oddscracker_ke&table=oc_settings&pos=0&token=e8e346afd9a1e7de8aec6bb6be9f4b8c&ajax_request=true&ajax_page_request=true&_nocache=1554342235796154936 HTTP/1.1" 200 15008 "-" "Mozilla/5.0 (X11; Ubuntu; Linux x86_64; rv:65.0) Gecko/20100101 Firefox/65.0"
141.101.76.239 - - [04/Apr/2019:04:43:56 +0300] "GET /phpmyadmin/index.php?ajax_request=1&recent_table=1&token=e8e346afd9a1e7de8aec6bb6be9f4b8c&no_debug=true&_nocache=1554342236353816095 HTTP/1.1" 200 5919 "-" "Mozilla/5.0 (X11; Ubuntu; Linux x86_64; rv:65.0) Gecko/20100101 Firefox/65.0"
141.101.76.239 - - [04/Apr/2019:04:43:58 +0300] "POST /phpmyadmin/sql.php HTTP/1.1" 200 8313 "-" "Mozilla/5.0 (X11; Ubuntu; Linux x86_64; rv:65.0) Gecko/20100101 Firefox/65.0"
141.101.76.239 - - [04/Apr/2019:04:43:58 +0300] "GET /phpmyadmin/index.php?ajax_request=1&recent_table=1&token=e8e346afd9a1e7de8aec6bb6be9f4b8c&no_debug=true&_nocache=1554342238789496469 HTTP/1.1" 200 2467 "-" "Mozilla/5.0 (X11; Ubuntu; Linux x86_64; rv:65.0) Gecko/20100101 Firefox/65.0"
141.101.76.239 - - [04/Apr/2019:04:44:01 +0300] "GET /phpmyadmin/tbl_change.php?db=oddscr5_oddscracker_ke&table=oc_settings&where_clause=%60oc_settings%60.%60SettingID%60+%3D+33&clause_is_unique=1&sql_query=SELECT+%2A+FROM+%60oc_settings%60&goto=sql.php&default_action=update&token=e8e346afd9a1e7de8aec6bb6be9f4b8c&ajax_request=true&ajax_page_request=true&_nocache=1554342240884803145 HTTP/1.1" 200 10809 "-" "Mozilla/5.0 (X11; Ubuntu; Linux x86_64; rv:65.0) Gecko/20100101 Firefox/65.0"
141.101.76.239 - - [04/Apr/2019:04:44:01 +0300] "GET /phpmyadmin/index.php?ajax_request=1&recent_table=1&token=e8e346afd9a1e7de8aec6bb6be9f4b8c&no_debug=true&_nocache=1554342241342146023 HTTP/1.1" 200 5922 "-" "Mozilla/5.0 (X11; Ubuntu; Linux x86_64; rv:65.0) Gecko/20100101 Firefox/65.0"
141.101.76.239 - - [04/Apr/2019:04:44:28 +0300] "GET /phpmyadmin/sql.php?server=1&db=oddscr5_oddscracker_ke&table=oc_settings&pos=0&token=e8e346afd9a1e7de8aec6bb6be9f4b8c&ajax_request=true&ajax_page_request=true&_nocache=1554342268216647108 HTTP/1.1" 200 15000 "-" "Mozilla/5.0 (X11; Ubuntu; Linux x86_64; rv:65.0) Gecko/20100101 Firefox/65.0"
141.101.76.239 - - [04/Apr/2019:04:44:28 +0300] "GET /phpmyadmin/index.php?ajax_request=1&recent_table=1&token=e8e346afd9a1e7de8aec6bb6be9f4b8c&no_debug=true&_nocache=1554342268724495629 HTTP/1.1" 200 5925 "-" "Mozilla/5.0 (X11; Ubuntu; Linux x86_64; rv:65.0) Gecko/20100101 Firefox/65.0"
141.101.76.239 - - [04/Apr/2019:04:44:30 +0300] "POST /phpmyadmin/sql.php HTTP/1.1" 200 8315 "-" "Mozilla/5.0 (X11; Ubuntu; Linux x86_64; rv:65.0) Gecko/20100101 Firefox/65.0"
141.101.76.239 - - [04/Apr/2019:04:44:30 +0300] "GET /phpmyadmin/index.php?ajax_request=1&recent_table=1&token=e8e346afd9a1e7de8aec6bb6be9f4b8c&no_debug=true&_nocache=1554342270234655878 HTTP/1.1" 200 5915 "-" "Mozilla/5.0 (X11; Ubuntu; Linux x86_64; rv:65.0) Gecko/20100101 Firefox/65.0"
141.101.76.239 - - [04/Apr/2019:04:44:33 +0300] "GET /phpmyadmin/tbl_change.php?db=oddscr5_oddscracker_ke&table=oc_settings&where_clause=%60oc_settings%60.%60SettingID%60+%3D+34&clause_is_unique=1&sql_query=SELECT+%2A+FROM+%60oc_settings%60&goto=sql.php&default_action=update&token=e8e346afd9a1e7de8aec6bb6be9f4b8c&ajax_request=true&ajax_page_request=true&_nocache=1554342273721725336 HTTP/1.1" 200 7080 "-" "Mozilla/5.0 (X11; Ubuntu; Linux x86_64; rv:65.0) Gecko/20100101 Firefox/65.0"
141.101.76.239 - - [04/Apr/2019:04:44:34 +0300] "GET /phpmyadmin/index.php?ajax_request=1&recent_table=1&token=e8e346afd9a1e7de8aec6bb6be9f4b8c&no_debug=true&_nocache=1554342274071203420 HTTP/1.1" 200 2469 "-" "Mozilla/5.0 (X11; Ubuntu; Linux x86_64; rv:65.0) Gecko/20100101 Firefox/65.0"
141.101.76.239 - - [04/Apr/2019:04:44:40 +0300] "GET /phpmyadmin/sql.php?server=1&db=oddscr5_oddscracker_ke&table=oc_settings&pos=0&token=e8e346afd9a1e7de8aec6bb6be9f4b8c&ajax_request=true&ajax_page_request=true&_nocache=1554342280021217889 HTTP/1.1" 200 15008 "-" "Mozilla/5.0 (X11; Ubuntu; Linux x86_64; rv:65.0) Gecko/20100101 Firefox/65.0"
141.101.76.239 - - [04/Apr/2019:04:44:40 +0300] "GET /phpmyadmin/index.php?ajax_request=1&recent_table=1&token=e8e346afd9a1e7de8aec6bb6be9f4b8c&no_debug=true&_nocache=1554342280570927798 HTTP/1.1" 200 5922 "-" "Mozilla/5.0 (X11; Ubuntu; Linux x86_64; rv:65.0) Gecko/20100101 Firefox/65.0"
141.101.76.239 - - [04/Apr/2019:04:44:42 +0300] "POST /phpmyadmin/sql.php HTTP/1.1" 200 11785 "-" "Mozilla/5.0 (X11; Ubuntu; Linux x86_64; rv:65.0) Gecko/20100101 Firefox/65.0"
141.101.76.239 - - [04/Apr/2019:04:44:42 +0300] "GET /phpmyadmin/index.php?ajax_request=1&recent_table=1&token=e8e346afd9a1e7de8aec6bb6be9f4b8c&no_debug=true&_nocache=1554342282729661589 HTTP/1.1" 200 2463 "-" "Mozilla/5.0 (X11; Ubuntu; Linux x86_64; rv:65.0) Gecko/20100101 Firefox/65.0"
141.101.76.239 - - [04/Apr/2019:04:44:50 +0300] "GET /phpmyadmin/tbl_change.php?db=oddscr5_oddscracker_ke&table=oc_settings&where_clause=%60oc_settings%60.%60SettingID%60+%3D+33&clause_is_unique=1&sql_query=SELECT+%2A+FROM+%60oc_settings%60&goto=sql.php&default_action=update&token=e8e346afd9a1e7de8aec6bb6be9f4b8c&ajax_request=true&ajax_page_request=true&_nocache=1554342290427661235 HTTP/1.1" 200 10791 "-" "Mozilla/5.0 (X11; Ubuntu; Linux x86_64; rv:65.0) Gecko/20100101 Firefox/65.0"
141.101.76.239 - - [04/Apr/2019:04:44:50 +0300] "GET /phpmyadmin/index.php?ajax_request=1&recent_table=1&token=e8e346afd9a1e7de8aec6bb6be9f4b8c&no_debug=true&_nocache=1554342290938507016 HTTP/1.1" 200 2466 "-" "Mozilla/5.0 (X11; Ubuntu; Linux x86_64; rv:65.0) Gecko/20100101 Firefox/65.0"
141.101.76.239 - - [04/Apr/2019:04:46:38 +0300] "GET /phpmyadmin/db_structure.php?server=1&db=oddscr5_oddscracker_gh&token=e8e346afd9a1e7de8aec6bb6be9f4b8c&ajax_request=true&ajax_page_request=true&_nocache=1554342398191437215 HTTP/1.1" 200 11797 "-" "Mozilla/5.0 (X11; Ubuntu; Linux x86_64; rv:65.0) Gecko/20100101 Firefox/65.0"
141.101.76.239 - - [04/Apr/2019:04:46:39 +0300] "GET /phpmyadmin/navigation.php?ajax_request=1&token=e8e346afd9a1e7de8aec6bb6be9f4b8c&aPath=cm9vdA%3D%3D.b2Rkc2NyNV9vZGRzY3JhY2tlcl9naA%3D%3D&vPath=cm9vdA%3D%3D.b2Rkc2NyNQ%3D%3D.b2Rkc2NyYWNrZXI%3D.Z2g%3D&pos=0&pos2_name=&pos2_value=&searchClause=&searchClause2=&_nocache=1554342398984630465 HTTP/1.1" 200 6795 "-" "Mozilla/5.0 (X11; Ubuntu; Linux x86_64; rv:65.0) Gecko/20100101 Firefox/65.0"
141.101.76.239 - - [04/Apr/2019:04:46:43 +0300] "GET /phpmyadmin/sql.php?db=oddscr5_oddscracker_gh&token=e8e346afd9a1e7de8aec6bb6be9f4b8c&goto=db_structure.php&table=oc_settings&pos=0&ajax_request=true&ajax_page_request=true&_nocache=1554342403146540751 HTTP/1.1" 200 14958 "-" "Mozilla/5.0 (X11; Ubuntu; Linux x86_64; rv:65.0) Gecko/20100101 Firefox/65.0"
141.101.76.239 - - [04/Apr/2019:04:46:43 +0300] "GET /phpmyadmin/index.php?ajax_request=1&recent_table=1&token=e8e346afd9a1e7de8aec6bb6be9f4b8c&no_debug=true&_nocache=1554342403790916061 HTTP/1.1" 200 2476 "-" "Mozilla/5.0 (X11; Ubuntu; Linux x86_64; rv:65.0) Gecko/20100101 Firefox/65.0"
141.101.76.239 - - [04/Apr/2019:04:46:46 +0300] "POST /phpmyadmin/sql.php HTTP/1.1" 200 11790 "-" "Mozilla/5.0 (X11; Ubuntu; Linux x86_64; rv:65.0) Gecko/20100101 Firefox/65.0"
141.101.76.239 - - [04/Apr/2019:04:46:47 +0300] "GET /phpmyadmin/index.php?ajax_request=1&recent_table=1&token=e8e346afd9a1e7de8aec6bb6be9f4b8c&no_debug=true&_nocache=1554342407028683586 HTTP/1.1" 200 5935 "-" "Mozilla/5.0 (X11; Ubuntu; Linux x86_64; rv:65.0) Gecko/20100101 Firefox/65.0"
141.101.76.239 - - [04/Apr/2019:04:46:49 +0300] "GET /phpmyadmin/tbl_change.php?db=oddscr5_oddscracker_gh&table=oc_settings&where_clause=%60oc_settings%60.%60SettingID%60+%3D+33&clause_is_unique=1&sql_query=SELECT+%2A+FROM+%60oc_settings%60&goto=sql.php&default_action=update&token=e8e346afd9a1e7de8aec6bb6be9f4b8c&ajax_request=true&ajax_page_request=true&_nocache=1554342409627241622 HTTP/1.1" 200 10814 "-" "Mozilla/5.0 (X11; Ubuntu; Linux x86_64; rv:65.0) Gecko/20100101 Firefox/65.0"
141.101.76.239 - - [04/Apr/2019:04:46:50 +0300] "GET /phpmyadmin/index.php?ajax_request=1&recent_table=1&token=e8e346afd9a1e7de8aec6bb6be9f4b8c&no_debug=true&_nocache=1554342410096160412 HTTP/1.1" 200 2476 "-" "Mozilla/5.0 (X11; Ubuntu; Linux x86_64; rv:65.0) Gecko/20100101 Firefox/65.0"
162.158.158.82 - - [04/Apr/2019:04:47:55 +0300] "GET /redirect/za HTTP/1.1" 302 3975 "https://gh.oddscracker.com/" "Mozilla/5.0 (X11; Linux x86_64) AppleWebKit/537.36 (KHTML, like Gecko) Chrome/72.0.3626.121 Safari/537.36"
162.158.158.82 - - [04/Apr/2019:04:48:10 +0300] "GET /redirect/ke HTTP/1.1" 302 3975 "https://za.oddscracker.com/" "Mozilla/5.0 (X11; Linux x86_64) AppleWebKit/537.36 (KHTML, like Gecko) Chrome/72.0.3626.121 Safari/537.36"
162.158.158.82 - - [04/Apr/2019:04:48:46 +0300] "GET /redirect/gh HTTP/1.1" 302 3975 "https://ke.oddscracker.com/" "Mozilla/5.0 (X11; Linux x86_64) AppleWebKit/537.36 (KHTML, like Gecko) Chrome/72.0.3626.121 Safari/537.36"
162.158.158.82 - - [04/Apr/2019:04:50:04 +0300] "GET /redirect/ug HTTP/1.1" 302 3975 "https://gh.oddscracker.com/" "Mozilla/5.0 (X11; Linux x86_64) AppleWebKit/537.36 (KHTML, like Gecko) Chrome/72.0.3626.121 Safari/537.36"
172.69.55.11 - - [04/Apr/2019:04:50:05 +0300] "GET /bookmakers/wp-login.php HTTP/1.1" 301 539 "-" "Mozilla/5.0 (Windows NT 10.0; WOW64) AppleWebKit/537.36 (KHTML, like Gecko) Chrome/51.0.2704.103 Safari/537.36"
172.69.54.178 - - [04/Apr/2019:04:50:07 +0300] "GET /bookmakers/wp-login.php HTTP/1.1" 301 3978 "-" "Mozilla/5.0 (Windows NT 10.0; WOW64) AppleWebKit/537.36 (KHTML, like Gecko) Chrome/51.0.2704.103 Safari/537.36"
172.69.54.178 - - [04/Apr/2019:04:50:07 +0300] "GET / HTTP/1.1" 200 10297 "-" "Mozilla/5.0 (Windows NT 10.0; WOW64) AppleWebKit/537.36 (KHTML, like Gecko) Chrome/51.0.2704.103 Safari/537.36"
141.101.98.179 - - [04/Apr/2019:04:50:26 +0300] "GET /redirect/ng HTTP/1.1" 302 3975 "https://ug.oddscracker.com/" "Mozilla/5.0 (X11; Linux x86_64) AppleWebKit/537.36 (KHTML, like Gecko) Chrome/72.0.3626.121 Safari/537.36"
141.101.104.23 - - [04/Apr/2019:04:53:19 +0300] "GET /italy/serie-a/fiorentina-vs-palermo-2138 HTTP/1.1" 301 3978 "-" "Mozilla/5.0 (compatible; AhrefsBot/6.1; +http://ahrefs.com/robot/)"
141.101.88.197 - - [04/Apr/2019:04:53:48 +0300] "GET /england/english-championship/fulham-vs-burton-albion-15 HTTP/1.1" 301 603 "-" "Mozilla/5.0 (compatible; AhrefsBot/6.1; +http://ahrefs.com/robot/)"
141.101.76.239 - - [04/Apr/2019:04:56:59 +0300] "GET /login/google/%2Fnews%2Fpage%2F279 HTTP/1.1" 404 442 "-" "Mozilla/5.0 (compatible; AhrefsBot/6.1; +http://ahrefs.com/robot/)"
172.69.226.48 - - [04/Apr/2019:04:57:59 +0300] "GET /germany/bundesliga/eintracht-frankfurt-vs-fc-cologne-1711 HTTP/1.1" 301 3978 "-" "Mozilla/5.0 (compatible; AhrefsBot/6.1; +http://ahrefs.com/robot/)"
172.69.54.202 - - [04/Apr/2019:05:01:50 +0300] "GET /germany/bundesliga/bayern-munich-vs-wolfsburg-2311 HTTP/1.1" 301 3978 "-" "Mozilla/5.0 (compatible; AhrefsBot/6.1; +http://ahrefs.com/robot/)"
141.101.107.169 - - [04/Apr/2019:05:02:43 +0300] "GET /redirect/ke HTTP/1.1" 302 3975 "https://ng.oddscracker.com/" "Mozilla/5.0 (X11; Linux x86_64) AppleWebKit/537.36 (KHTML, like Gecko) Chrome/72.0.3626.121 Safari/537.36"
141.101.107.169 - - [04/Apr/2019:05:03:04 +0300] "GET /redirect/gh HTTP/1.1" 302 3975 "https://ke.oddscracker.com/" "Mozilla/5.0 (X11; Linux x86_64) AppleWebKit/537.36 (KHTML, like Gecko) Chrome/72.0.3626.121 Safari/537.36"
141.101.107.169 - - [04/Apr/2019:05:03:38 +0300] "GET /redirect/ke HTTP/1.1" 302 3975 "https://gh.oddscracker.com/bookmakers/reviews" "Mozilla/5.0 (X11; Linux x86_64) AppleWebKit/537.36 (KHTML, like Gecko) Chrome/72.0.3626.121 Safari/537.36"
141.101.76.131 - - [04/Apr/2019:05:04:06 +0300] "GET /england/premier-league/southampton-vs-liverpool-1886 HTTP/1.1" 301 597 "-" "Mozilla/5.0 (compatible; AhrefsBot/6.1; +http://ahrefs.com/robot/)"
141.101.99.246 - - [04/Apr/2019:05:05:04 +0300] "POST /phpmyadmin/tbl_replace.php HTTP/1.1" 200 12293 "-" "Mozilla/5.0 (X11; Ubuntu; Linux x86_64; rv:65.0) Gecko/20100101 Firefox/65.0"
141.101.99.246 - - [04/Apr/2019:05:05:04 +0300] "GET /phpmyadmin/index.php?ajax_request=1&recent_table=1&token=e8e346afd9a1e7de8aec6bb6be9f4b8c&no_debug=true&_nocache=1554343504863377482 HTTP/1.1" 200 2471 "-" "Mozilla/5.0 (X11; Ubuntu; Linux x86_64; rv:65.0) Gecko/20100101 Firefox/65.0"
141.101.107.169 - - [04/Apr/2019:05:05:15 +0300] "GET /redirect/gh HTTP/1.1" 302 3975 "https://ke.oddscracker.com/" "Mozilla/5.0 (X11; Linux x86_64) AppleWebKit/537.36 (KHTML, like Gecko) Chrome/72.0.3626.121 Safari/537.36"
