172.69.226.30 - - [03/Apr/2019:06:57:27 +0300] "GET / HTTP/1.1" 301 493 "-" "Mozilla/5.0 (Windows NT 10.0; Win64; x64) AppleWebKit/537.36 (KHTML, like Gecko) Chrome/63.0.3239.132 Safari/537.36"
162.158.111.98 - - [03/Apr/2019:06:58:23 +0300] "GET /news/page/225 HTTP/1.1" 301 519 "-" "Mozilla/5.0 (compatible; AhrefsBot/6.1; +http://ahrefs.com/robot/)"
141.101.76.239 - - [03/Apr/2019:07:00:23 +0300] "GET /news/page/280 HTTP/1.1" 301 519 "-" "Mozilla/5.0 (compatible; AhrefsBot/6.1; +http://ahrefs.com/robot/)"
172.69.54.142 - - [03/Apr/2019:07:00:53 +0300] "GET /europe/europa-league/southampton-vs-inter-milan-1849 HTTP/1.1" 301 597 "-" "Mozilla/5.0 (compatible; AhrefsBot/6.1; +http://ahrefs.com/robot/)"
162.158.88.27 - - [03/Apr/2019:07:04:08 +0300] "GET /news/?d=1&pagen=90 HTTP/1.1" 301 533 "-" "Mozilla/5.0 (compatible; MJ12bot/v1.4.8; http://mj12bot.com/)"
162.158.93.88 - - [03/Apr/2019:07:04:29 +0300] "GET /news/?d=1&pagen=90 HTTP/1.1" 301 4008 "-" "Mozilla/5.0 (compatible; MJ12bot/v1.4.8; http://mj12bot.com/)"
162.158.89.194 - - [03/Apr/2019:07:04:50 +0300] "GET /?d=1&pagen=90 HTTP/1.1" 200 13754 "-" "Mozilla/5.0 (compatible; MJ12bot/v1.4.8; http://mj12bot.com/)"
141.101.88.197 - - [03/Apr/2019:07:05:55 +0300] "GET /germany/bundesliga/bayer-leverkusen-vs-eintracht-frankfurt-3700 HTTP/1.1" 301 3978 "-" "Mozilla/5.0 (compatible; AhrefsBot/6.1; +http://ahrefs.com/robot/)"
141.101.88.197 - - [03/Apr/2019:07:07:55 +0300] "GET /europe/champions-league/psv-eindhoven-vs-fk-rostov-2562 HTTP/1.1" 301 3978 "-" "Mozilla/5.0 (compatible; AhrefsBot/6.1; +http://ahrefs.com/robot/)"
172.69.226.176 - - [03/Apr/2019:07:08:45 +0300] "GET / HTTP/1.1" 301 493 "-" "Mozilla/5.0 (Windows NT 10.0; Win64; x64) AppleWebKit/537.36 (KHTML, like Gecko) Chrome/63.0.3239.132 Safari/537.36"
162.158.93.166 - - [03/Apr/2019:07:10:37 +0300] "GET /index.php/archives HTTP/1.1" 200 13754 "-" "Mozilla/5.0 (compatible; MJ12bot/v1.4.8; http://mj12bot.com/)"
162.158.93.166 - - [03/Apr/2019:07:11:39 +0300] "GET /index.php/bookmakers HTTP/1.1" 200 13754 "-" "Mozilla/5.0 (compatible; MJ12bot/v1.4.8; http://mj12bot.com/)"
162.158.93.166 - - [03/Apr/2019:07:12:42 +0300] "GET /index.php/bookmakers/comparison HTTP/1.1" 200 13754 "-" "Mozilla/5.0 (compatible; MJ12bot/v1.4.8; http://mj12bot.com/)"
141.101.69.52 - - [03/Apr/2019:07:13:02 +0300] "GET /england/league-one/southend-united-vs-rochdale-3522 HTTP/1.1" 301 3978 "-" "Mozilla/5.0 (compatible; AhrefsBot/6.1; +http://ahrefs.com/robot/)"
162.158.154.188 - - [03/Apr/2019:07:13:20 +0300] "GET /wp-login.php HTTP/1.1" 301 517 "-" "Mozilla/5.0 (Windows NT 6.1; WOW64; rv:40.0) Gecko/20100101 Firefox/40.1"
162.158.158.132 - - [03/Apr/2019:07:13:21 +0300] "GET /wp-login.php HTTP/1.1" 301 3978 "-" "Mozilla/5.0 (Windows NT 6.1; WOW64; rv:40.0) Gecko/20100101 Firefox/40.1"
162.158.158.96 - - [03/Apr/2019:07:13:22 +0300] "GET / HTTP/1.1" 200 13754 "-" "Mozilla/5.0 (Windows NT 6.1; WOW64; rv:40.0) Gecko/20100101 Firefox/40.1"
141.101.99.174 - - [03/Apr/2019:07:13:23 +0300] "GET / HTTP/1.1" 301 493 "-" "Mozilla/5.0 (Windows NT 6.1; WOW64; rv:40.0) Gecko/20100101 Firefox/40.1"
162.158.158.96 - - [03/Apr/2019:07:13:24 +0300] "GET / HTTP/1.1" 200 13696 "-" "Mozilla/5.0 (Windows NT 6.1; WOW64; rv:40.0) Gecko/20100101 Firefox/40.1"
162.158.93.166 - - [03/Apr/2019:07:13:26 +0300] "GET /index.php/bookmakers/comparison HTTP/1.1" 200 13754 "-" "Mozilla/5.0 (compatible; MJ12bot/v1.4.8; http://mj12bot.com/)"
162.158.93.166 - - [03/Apr/2019:07:14:31 +0300] "GET /index.php/bookmakers/reviews HTTP/1.1" 200 13754 "-" "Mozilla/5.0 (compatible; MJ12bot/v1.4.8; http://mj12bot.com/)"
162.158.93.166 - - [03/Apr/2019:07:15:14 +0300] "GET /index.php/bookmakers/reviews HTTP/1.1" 200 13754 "-" "Mozilla/5.0 (compatible; MJ12bot/v1.4.8; http://mj12bot.com/)"
162.158.93.166 - - [03/Apr/2019:07:16:18 +0300] "GET /index.php/bookmakers/reviews/256bet HTTP/1.1" 200 13754 "-" "Mozilla/5.0 (compatible; MJ12bot/v1.4.8; http://mj12bot.com/)"
162.158.93.166 - - [03/Apr/2019:07:17:00 +0300] "GET /index.php/bookmakers/reviews/256bet HTTP/1.1" 200 13754 "-" "Mozilla/5.0 (compatible; MJ12bot/v1.4.8; http://mj12bot.com/)"
162.158.93.166 - - [03/Apr/2019:07:18:02 +0300] "GET /index.php/bookmakers/reviews/betikacom HTTP/1.1" 200 13754 "-" "Mozilla/5.0 (compatible; MJ12bot/v1.4.8; http://mj12bot.com/)"
162.158.93.166 - - [03/Apr/2019:07:18:45 +0300] "GET /index.php/bookmakers/reviews/betikacom HTTP/1.1" 200 13754 "-" "Mozilla/5.0 (compatible; MJ12bot/v1.4.8; http://mj12bot.com/)"
162.158.93.166 - - [03/Apr/2019:07:19:49 +0300] "GET /index.php/bookmakers/reviews/betin-kenya HTTP/1.1" 200 13754 "-" "Mozilla/5.0 (compatible; MJ12bot/v1.4.8; http://mj12bot.com/)"
162.158.93.166 - - [03/Apr/2019:07:20:30 +0300] "GET /index.php/bookmakers/reviews/betin-kenya HTTP/1.1" 200 13754 "-" "Mozilla/5.0 (compatible; MJ12bot/v1.4.8; http://mj12bot.com/)"
141.101.88.197 - - [03/Apr/2019:07:21:27 +0300] "GET /germany/bundesliga/northern-ireland-vs-switzerland-5287 HTTP/1.1" 301 603 "-" "Mozilla/5.0 (compatible; AhrefsBot/6.1; +http://ahrefs.com/robot/)"
162.158.93.166 - - [03/Apr/2019:07:21:32 +0300] "GET /index.php/bookmakers/reviews/betpawa HTTP/1.1" 200 13754 "-" "Mozilla/5.0 (compatible; MJ12bot/v1.4.8; http://mj12bot.com/)"
162.158.93.166 - - [03/Apr/2019:07:22:14 +0300] "GET /index.php/bookmakers/reviews/betpawa HTTP/1.1" 200 13754 "-" "Mozilla/5.0 (compatible; MJ12bot/v1.4.8; http://mj12bot.com/)"
162.158.93.166 - - [03/Apr/2019:07:23:17 +0300] "GET /index.php/bookmakers/reviews/betway HTTP/1.1" 200 13754 "-" "Mozilla/5.0 (compatible; MJ12bot/v1.4.8; http://mj12bot.com/)"
162.158.93.166 - - [03/Apr/2019:07:23:59 +0300] "GET /index.php/bookmakers/reviews/betway HTTP/1.1" 200 13754 "-" "Mozilla/5.0 (compatible; MJ12bot/v1.4.8; http://mj12bot.com/)"
141.101.69.52 - - [03/Apr/2019:07:24:44 +0300] "GET /england/english-championship/brighton-vs-wolverhampton-wanderers-1470 HTTP/1.1" 301 631 "-" "Mozilla/5.0 (compatible; AhrefsBot/6.1; +http://ahrefs.com/robot/)"
162.158.106.223 - - [03/Apr/2019:07:31:36 +0300] "GET /robots.txt HTTP/1.1" 301 513 "-" "Mozilla/5.0 (compatible; DotBot/1.1; http://www.opensiteexplorer.org/dotbot, help@moz.com)"
141.101.88.197 - - [03/Apr/2019:07:32:14 +0300] "GET /spain/la-liga/cd-leganes-vs-sevilla-1229 HTTP/1.1" 301 3978 "-" "Mozilla/5.0 (compatible; AhrefsBot/6.1; +http://ahrefs.com/robot/)"
172.69.54.178 - - [03/Apr/2019:07:40:49 +0300] "GET /england/english-championship/aston-villa-vs-ipswich-5734 HTTP/1.1" 301 605 "-" "Mozilla/5.0 (compatible; AhrefsBot/6.1; +http://ahrefs.com/robot/)"
141.101.104.222 - - [03/Apr/2019:07:41:19 +0300] "GET /spain/la-liga/espanyol-vs-deportivo-la-coruna-3119 HTTP/1.1" 301 593 "-" "Mozilla/5.0 (compatible; AhrefsBot/6.1; +http://ahrefs.com/robot/)"
141.101.77.45 - - [03/Apr/2019:07:43:49 +0300] "GET /italy/serie-a/torino-fc-vs-lazio-1276 HTTP/1.1" 301 567 "-" "Mozilla/5.0 (compatible; AhrefsBot/6.1; +http://ahrefs.com/robot/)"
162.158.88.141 - - [03/Apr/2019:07:51:37 +0300] "GET /index.php/bookmakers/reviews/betyetu HTTP/1.1" 200 13754 "-" "Mozilla/5.0 (compatible; MJ12bot/v1.4.8; http://mj12bot.com/)"
162.158.88.141 - - [03/Apr/2019:07:52:19 +0300] "GET /index.php/bookmakers/reviews/betyetu HTTP/1.1" 200 13754 "-" "Mozilla/5.0 (compatible; MJ12bot/v1.4.8; http://mj12bot.com/)"
172.68.59.61 - - [03/Apr/2019:07:52:22 +0300] "GET / HTTP/1.1" 200 13754 "-" "Mozilla/5.0 (Linux; Android 6.0.1; Nexus 5X Build/MMB29P) AppleWebKit/537.36 (KHTML, like Gecko) Chrome/41.0.2272.96 Mobile Safari/537.36 (compatible; Googlebot/2.1; +http://www.google.com/bot.html)"
162.158.88.141 - - [03/Apr/2019:07:53:21 +0300] "GET /index.php/bookmakers/reviews/eazibet HTTP/1.1" 200 13754 "-" "Mozilla/5.0 (compatible; MJ12bot/v1.4.8; http://mj12bot.com/)"
162.158.88.141 - - [03/Apr/2019:07:54:03 +0300] "GET /index.php/bookmakers/reviews/eazibet HTTP/1.1" 200 13754 "-" "Mozilla/5.0 (compatible; MJ12bot/v1.4.8; http://mj12bot.com/)"
162.158.88.141 - - [03/Apr/2019:07:55:07 +0300] "GET /index.php/bookmakers/reviews/elitebetkenya HTTP/1.1" 200 13754 "-" "Mozilla/5.0 (compatible; MJ12bot/v1.4.8; http://mj12bot.com/)"
172.68.189.80 - - [03/Apr/2019:07:55:29 +0300] "GET / HTTP/1.1" 200 13754 "https://www.oddscracker.com/" "Mozilla/5.0 (Macintosh; Intel Mac OS X 10_12_6) AppleWebKit/537.36 (KHTML, like Gecko) Chrome/61.0.3163.100 Safari/537.36"
162.158.88.141 - - [03/Apr/2019:07:55:50 +0300] "GET /index.php/bookmakers/reviews/elitebetkenya HTTP/1.1" 200 13754 "-" "Mozilla/5.0 (compatible; MJ12bot/v1.4.8; http://mj12bot.com/)"
162.158.88.141 - - [03/Apr/2019:07:56:58 +0300] "GET /index.php/bookmakers/reviews/justbet HTTP/1.1" 200 13754 "-" "Mozilla/5.0 (compatible; MJ12bot/v1.4.8; http://mj12bot.com/)"
162.158.88.141 - - [03/Apr/2019:07:57:42 +0300] "GET /index.php/bookmakers/reviews/justbet HTTP/1.1" 200 13754 "-" "Mozilla/5.0 (compatible; MJ12bot/v1.4.8; http://mj12bot.com/)"
162.158.88.141 - - [03/Apr/2019:07:58:50 +0300] "GET /index.php/bookmakers/reviews/mcheza HTTP/1.1" 200 13754 "-" "Mozilla/5.0 (compatible; MJ12bot/v1.4.8; http://mj12bot.com/)"
162.158.88.141 - - [03/Apr/2019:07:59:38 +0300] "GET /index.php/bookmakers/reviews/mcheza HTTP/1.1" 200 13754 "-" "Mozilla/5.0 (compatible; MJ12bot/v1.4.8; http://mj12bot.com/)"
162.158.88.141 - - [03/Apr/2019:08:00:45 +0300] "GET /index.php/bookmakers/reviews/sportpesa HTTP/1.1" 200 13754 "-" "Mozilla/5.0 (compatible; MJ12bot/v1.4.8; http://mj12bot.com/)"
162.158.88.141 - - [03/Apr/2019:08:01:31 +0300] "GET /index.php/bookmakers/reviews/sportpesa HTTP/1.1" 200 13754 "-" "Mozilla/5.0 (compatible; MJ12bot/v1.4.8; http://mj12bot.com/)"
162.158.88.141 - - [03/Apr/2019:08:02:37 +0300] "GET /index.php/contact HTTP/1.1" 200 13754 "-" "Mozilla/5.0 (compatible; MJ12bot/v1.4.8; http://mj12bot.com/)"
162.158.88.141 - - [03/Apr/2019:08:03:47 +0300] "GET /index.php/help HTTP/1.1" 200 13754 "-" "Mozilla/5.0 (compatible; MJ12bot/v1.4.8; http://mj12bot.com/)"
172.69.54.142 - - [03/Apr/2019:08:04:08 +0300] "GET /bookmakers/wp-login.php HTTP/1.1" 301 539 "-" "Mozilla/5.0 (Windows NT 10.0; WOW64) AppleWebKit/537.36 (KHTML, like Gecko) Chrome/51.0.2704.103 Safari/537.36"
141.101.104.222 - - [03/Apr/2019:08:04:09 +0300] "GET /bookmakers/wp-login.php HTTP/1.1" 301 3978 "-" "Mozilla/5.0 (Windows NT 10.0; WOW64) AppleWebKit/537.36 (KHTML, like Gecko) Chrome/51.0.2704.103 Safari/537.36"
141.101.104.222 - - [03/Apr/2019:08:04:09 +0300] "GET / HTTP/1.1" 200 13754 "-" "Mozilla/5.0 (Windows NT 10.0; WOW64) AppleWebKit/537.36 (KHTML, like Gecko) Chrome/51.0.2704.103 Safari/537.36"
162.158.88.141 - - [03/Apr/2019:08:04:54 +0300] "GET /index.php/jackpots HTTP/1.1" 200 13754 "-" "Mozilla/5.0 (compatible; MJ12bot/v1.4.8; http://mj12bot.com/)"
141.101.69.52 - - [03/Apr/2019:08:04:59 +0300] "GET /news/page/169 HTTP/1.1" 301 3978 "-" "Mozilla/5.0 (compatible; AhrefsBot/6.1; +http://ahrefs.com/robot/)"
162.158.88.141 - - [03/Apr/2019:08:05:59 +0300] "GET /index.php/leagues/ HTTP/1.1" 200 13754 "-" "Mozilla/5.0 (compatible; MJ12bot/v1.4.8; http://mj12bot.com/)"
162.158.88.141 - - [03/Apr/2019:08:06:46 +0300] "GET /index.php/leagues/ HTTP/1.1" 200 13754 "-" "Mozilla/5.0 (compatible; MJ12bot/v1.4.8; http://mj12bot.com/)"
162.158.88.141 - - [03/Apr/2019:08:07:54 +0300] "GET /index.php/news HTTP/1.1" 200 13754 "-" "Mozilla/5.0 (compatible; MJ12bot/v1.4.8; http://mj12bot.com/)"
108.162.229.173 - - [03/Apr/2019:08:08:45 +0300] "GET /england/premier-league/huddersfield-vs-west-brom-4076 HTTP/1.1" 301 599 "-" "Mozilla/5.0 (compatible; AhrefsBot/6.1; +http://ahrefs.com/robot/)"
162.158.88.141 - - [03/Apr/2019:08:09:03 +0300] "GET /index.php/privacy HTTP/1.1" 200 13754 "-" "Mozilla/5.0 (compatible; MJ12bot/v1.4.8; http://mj12bot.com/)"
108.162.229.173 - - [03/Apr/2019:08:16:57 +0300] "GET /england/english-championship/cardiff-city-vs-bristol-city-1186 HTTP/1.1" 301 617 "-" "Mozilla/5.0 (compatible; AhrefsBot/6.1; +http://ahrefs.com/robot/)"
172.69.226.48 - - [03/Apr/2019:08:17:26 +0300] "GET /england/premier-league/everton-vs-crystal-palace-5958 HTTP/1.1" 301 3978 "-" "Mozilla/5.0 (compatible; AhrefsBot/6.1; +http://ahrefs.com/robot/)"
172.69.54.202 - - [03/Apr/2019:08:18:26 +0300] "GET /Matches/1202102/Live/Germany-Bundesliga-2017-2018-Augsburg-VfB-Stuttgart HTTP/1.1" 301 3978 "-" "Mozilla/5.0 (compatible; AhrefsBot/6.1; +http://ahrefs.com/robot/)"
162.158.106.223 - - [03/Apr/2019:08:20:22 +0300] "GET /robots.txt HTTP/1.1" 301 513 "-" "Mozilla/5.0 (compatible; DotBot/1.1; http://www.opensiteexplorer.org/dotbot, help@moz.com)"
172.69.226.48 - - [03/Apr/2019:08:21:56 +0300] "GET /Matches/1192938/Live/England-League-1-2017-2018-Oxford-Bury HTTP/1.1" 301 611 "-" "Mozilla/5.0 (compatible; AhrefsBot/6.1; +http://ahrefs.com/robot/)"
172.68.59.61 - - [03/Apr/2019:08:22:47 +0300] "GET / HTTP/1.1" 200 13754 "-" "Mozilla/5.0 (Linux; Android 6.0.1; Nexus 5X Build/MMB29P) AppleWebKit/537.36 (KHTML, like Gecko) Chrome/41.0.2272.96 Mobile Safari/537.36 (compatible; Googlebot/2.1; +http://www.google.com/bot.html)"
141.101.69.142 - - [03/Apr/2019:08:24:26 +0300] "GET /login/google/%2Fnews%2Fpage%2F145 HTTP/1.1" 404 442 "-" "Mozilla/5.0 (compatible; AhrefsBot/6.1; +http://ahrefs.com/robot/)"
141.101.104.23 - - [03/Apr/2019:08:27:26 +0300] "GET /Matches/1191001/Live/France-Ligue-1-2017-2018-Montpellier-Guingamp HTTP/1.1" 301 3978 "-" "Mozilla/5.0 (compatible; AhrefsBot/6.1; +http://ahrefs.com/robot/)"
108.162.229.173 - - [03/Apr/2019:08:32:26 +0300] "GET /england/premier-league/manchester-united-vs-tottenham-4065 HTTP/1.1" 301 609 "-" "Mozilla/5.0 (compatible; AhrefsBot/6.1; +http://ahrefs.com/robot/)"
162.158.74.52 - - [03/Apr/2019:08:32:49 +0300] "GET /index.php/event/fc-augsburg-fc-bayern-mnchen-21 HTTP/1.1" 200 13754 "-" "Mozilla/5.0 (compatible; Googlebot/2.1; +http://www.google.com/bot.html)"
141.101.88.197 - - [03/Apr/2019:08:36:26 +0300] "GET /germany/bundesliga/fc-cologne-vs-hamburger-sv-1704 HTTP/1.1" 301 3978 "-" "Mozilla/5.0 (compatible; AhrefsBot/6.1; +http://ahrefs.com/robot/)"
162.158.92.131 - - [03/Apr/2019:08:41:13 +0300] "GET /index.php/register HTTP/1.1" 200 13754 "-" "Mozilla/5.0 (compatible; MJ12bot/v1.4.8; http://mj12bot.com/)"
162.158.92.131 - - [03/Apr/2019:08:42:14 +0300] "GET /index.php/terms HTTP/1.1" 200 13754 "-" "Mozilla/5.0 (compatible; MJ12bot/v1.4.8; http://mj12bot.com/)"
172.68.59.61 - - [03/Apr/2019:08:43:01 +0300] "GET / HTTP/1.1" 200 13754 "-" "Mozilla/5.0 (compatible; Googlebot/2.1; +http://www.google.com/bot.html)"
172.68.59.61 - - [03/Apr/2019:08:43:02 +0300] "GET / HTTP/1.1" 200 10297 "-" "Mozilla/5.0 (compatible; Googlebot/2.1; +http://www.google.com/bot.html)"
108.162.229.173 - - [03/Apr/2019:08:43:33 +0300] "GET /germany/bundesliga/croatia-vs-greece-5288 HTTP/1.1" 301 3978 "-" "Mozilla/5.0 (compatible; AhrefsBot/6.1; +http://ahrefs.com/robot/)"
108.162.229.245 - - [03/Apr/2019:08:44:47 +0300] "GET /england/premier-league/republic-of-ireland-vs-denmark-5550 HTTP/1.1" 301 3978 "-" "Mozilla/5.0 (compatible; AhrefsBot/6.1; +http://ahrefs.com/robot/)"
162.158.42.11 - - [03/Apr/2019:08:47:34 +0300] "GET / HTTP/1.1" 302 4033 "https://www.kenyatalk.com/index.php?threads/arbitrage-sports-betting.45995/page-3" "Mozilla/5.0 (Windows NT 10.0; Win64; x64) AppleWebKit/537.36 (KHTML, like Gecko) Chrome/73.0.3683.86 Safari/537.36"
172.68.59.61 - - [03/Apr/2019:08:53:09 +0300] "GET / HTTP/1.1" 301 493 "-" "Mozilla/5.0 (Linux; Android 6.0.1; Nexus 5X Build/MMB29P) AppleWebKit/537.36 (KHTML, like Gecko) Chrome/41.0.2272.96 Mobile Safari/537.36 (compatible; Googlebot/2.1; +http://www.google.com/bot.html)"
172.68.59.61 - - [03/Apr/2019:08:53:10 +0300] "GET / HTTP/1.1" 200 13754 "-" "Mozilla/5.0 (Linux; Android 6.0.1; Nexus 5X Build/MMB29P) AppleWebKit/537.36 (KHTML, like Gecko) Chrome/41.0.2272.96 Mobile Safari/537.36 (compatible; Googlebot/2.1; +http://www.google.com/bot.html)"
172.69.54.142 - - [03/Apr/2019:09:00:54 +0300] "GET /news/page/304 HTTP/1.1" 301 3978 "-" "Mozilla/5.0 (compatible; AhrefsBot/6.1; +http://ahrefs.com/robot/)"
141.101.69.52 - - [03/Apr/2019:09:02:54 +0300] "GET /england/premier-league/burnley-vs-crystal-palace-1747 HTTP/1.1" 301 599 "-" "Mozilla/5.0 (compatible; AhrefsBot/6.1; +http://ahrefs.com/robot/)"
162.158.106.223 - - [03/Apr/2019:09:09:10 +0300] "GET /robots.txt HTTP/1.1" 301 513 "-" "Mozilla/5.0 (compatible; DotBot/1.1; http://www.opensiteexplorer.org/dotbot, help@moz.com)"
172.69.226.176 - - [03/Apr/2019:09:20:35 +0300] "GET /england/premier-league/crystal-palace-vs-tottenham-3965 HTTP/1.1" 301 603 "-" "Mozilla/5.0 (compatible; AhrefsBot/6.1; +http://ahrefs.com/robot/)"
162.158.111.98 - - [03/Apr/2019:09:21:05 +0300] "GET /europe/europa-league/rosenborg-vs-real-sociedad-4912 HTTP/1.1" 301 597 "-" "Mozilla/5.0 (compatible; AhrefsBot/6.1; +http://ahrefs.com/robot/)"
141.101.88.197 - - [03/Apr/2019:09:25:05 +0300] "GET /france/ligue-1/montpellier-vs-dijon-3268 HTTP/1.1" 301 573 "-" "Mozilla/5.0 (compatible; AhrefsBot/6.1; +http://ahrefs.com/robot/)"
108.162.229.245 - - [03/Apr/2019:09:26:05 +0300] "GET /europe/champions-league/napoli-vs-besiktas-1293 HTTP/1.1" 301 587 "-" "Mozilla/5.0 (compatible; AhrefsBot/6.1; +http://ahrefs.com/robot/)"
141.101.104.23 - - [03/Apr/2019:09:26:35 +0300] "GET /europe/champions-league/club-brugge-vs-fc-copenhagen-2371 HTTP/1.1" 301 607 "-" "Mozilla/5.0 (compatible; AhrefsBot/6.1; +http://ahrefs.com/robot/)"
172.69.54.154 - - [03/Apr/2019:09:31:35 +0300] "GET /italy/serie-a/sampdoria-vs-lazio-2535 HTTP/1.1" 301 567 "-" "Mozilla/5.0 (compatible; AhrefsBot/6.1; +http://ahrefs.com/robot/)"
141.101.69.142 - - [03/Apr/2019:09:35:05 +0300] "GET /news/page/324 HTTP/1.1" 301 3978 "-" "Mozilla/5.0 (compatible; AhrefsBot/6.1; +http://ahrefs.com/robot/)"
172.69.54.142 - - [03/Apr/2019:09:43:40 +0300] "GET /news/page/339 HTTP/1.1" 301 519 "-" "Mozilla/5.0 (compatible; AhrefsBot/6.1; +http://ahrefs.com/robot/)"
141.101.98.53 - - [03/Apr/2019:09:45:59 +0300] "GET /wp-login.php HTTP/1.1" 301 517 "-" "Mozilla/5.0 (Windows NT 6.1; WOW64; rv:40.0) Gecko/20100101 Firefox/40.1"
162.158.154.224 - - [03/Apr/2019:09:46:00 +0300] "GET /wp-login.php HTTP/1.1" 301 3978 "-" "Mozilla/5.0 (Windows NT 6.1; WOW64; rv:40.0) Gecko/20100101 Firefox/40.1"
141.101.107.169 - - [03/Apr/2019:09:46:01 +0300] "GET / HTTP/1.1" 200 13754 "-" "Mozilla/5.0 (Windows NT 6.1; WOW64; rv:40.0) Gecko/20100101 Firefox/40.1"
141.101.107.49 - - [03/Apr/2019:09:46:02 +0300] "GET / HTTP/1.1" 301 493 "-" "Mozilla/5.0 (Windows NT 6.1; WOW64; rv:40.0) Gecko/20100101 Firefox/40.1"
141.101.107.169 - - [03/Apr/2019:09:46:02 +0300] "GET / HTTP/1.1" 200 10239 "-" "Mozilla/5.0 (Windows NT 6.1; WOW64; rv:40.0) Gecko/20100101 Firefox/40.1"
172.69.22.57 - - [03/Apr/2019:09:46:05 +0300] "GET /bookmakers/reviews HTTP/1.1" 301 529 "-" "Mozilla/5.0 (compatible; Cloudflare-AMP/1.0; +https://amp.cloudflare.com/doc/fetcher.html) AppleWebKit/534.34"
162.158.107.110 - - [03/Apr/2019:09:46:05 +0300] "GET /bookmakers/reviews HTTP/1.1" 301 3978 "http://oddscracker.com/bookmakers/reviews" "Mozilla/5.0 (compatible; Cloudflare-AMP/1.0; +https://amp.cloudflare.com/doc/fetcher.html) AppleWebKit/534.34"
162.158.107.110 - - [03/Apr/2019:09:46:06 +0300] "GET / HTTP/1.1" 200 13754 "https://oddscracker.com/bookmakers/reviews" "Mozilla/5.0 (compatible; Cloudflare-AMP/1.0; +https://amp.cloudflare.com/doc/fetcher.html) AppleWebKit/534.34"
141.101.69.142 - - [03/Apr/2019:09:51:52 +0300] "GET /england/league-one/rochdale-vs-oxford-3589 HTTP/1.1" 301 3978 "-" "Mozilla/5.0 (compatible; AhrefsBot/6.1; +http://ahrefs.com/robot/)"
172.68.59.61 - - [03/Apr/2019:09:54:39 +0300] "GET / HTTP/1.1" 200 13754 "-" "Mozilla/5.0 (compatible; Googlebot/2.1; +http://www.google.com/bot.html)"
162.158.106.223 - - [03/Apr/2019:09:58:19 +0300] "GET /robots.txt HTTP/1.1" 301 513 "-" "Mozilla/5.0 (compatible; DotBot/1.1; http://www.opensiteexplorer.org/dotbot, help@moz.com)"
141.101.69.94 - - [03/Apr/2019:10:03:13 +0300] "GET /login/facebook/%2Fstandings%2FFriendly_Matches HTTP/1.1" 404 457 "-" "Mozilla/5.0 (compatible; AhrefsBot/6.1; +http://ahrefs.com/robot/)"
172.69.226.30 - - [03/Apr/2019:10:04:13 +0300] "GET /Matches/1225422/Live/Italy-Serie-A-2017-2018-Lazio-Juventus HTTP/1.1" 301 3978 "-" "Mozilla/5.0 (compatible; AhrefsBot/6.1; +http://ahrefs.com/robot/)"
108.162.229.173 - - [03/Apr/2019:10:08:21 +0300] "GET /spain/la-liga/barcelona-vs-sporting-gijon-2699 HTTP/1.1" 301 3978 "-" "Mozilla/5.0 (compatible; AhrefsBot/6.1; +http://ahrefs.com/robot/)"
141.101.69.52 - - [03/Apr/2019:10:10:21 +0300] "GET /france/ligue-1/bournemouth-vs-huddersfield-5049 HTTP/1.1" 301 587 "-" "Mozilla/5.0 (compatible; AhrefsBot/6.1; +http://ahrefs.com/robot/)"
162.158.79.60 - - [03/Apr/2019:10:11:57 +0300] "GET /redirect/ng HTTP/1.1" 302 4033 "-" "Mozilla/5.0 (compatible; SemrushBot/3~bl; +http://www.semrush.com/bot.html)"
141.101.76.131 - - [03/Apr/2019:10:12:57 +0300] "GET /europe/europa-league/real-sociedad-vs-rb-salzburg-6040 HTTP/1.1" 301 601 "-" "Mozilla/5.0 (compatible; AhrefsBot/6.1; +http://ahrefs.com/robot/)"
162.158.111.86 - - [03/Apr/2019:10:18:27 +0300] "GET /france/ligue-1/toulouse-vs-nantes-3247 HTTP/1.1" 301 569 "-" "Mozilla/5.0 (compatible; AhrefsBot/6.1; +http://ahrefs.com/robot/)"
172.69.63.4 - - [03/Apr/2019:10:24:16 +0300] "GET /england/premier-league/?stats=1 HTTP/1.1" 301 3994 "-" "Mozilla/5.0 (compatible; bingbot/2.0; +http://www.bing.com/bingbot.htm)"
172.69.226.176 - - [03/Apr/2019:10:33:24 +0300] "GET /spain/copa-del-rey/sporting-gijon-vs-eibar-2293 HTTP/1.1" 301 3978 "-" "Mozilla/5.0 (compatible; AhrefsBot/6.1; +http://ahrefs.com/robot/)"
141.101.88.197 - - [03/Apr/2019:10:33:56 +0300] "GET /europe/europa-league/arsenal-vs-tottenham-5103 HTTP/1.1" 301 3978 "-" "Mozilla/5.0 (compatible; AhrefsBot/6.1; +http://ahrefs.com/robot/)"
172.69.54.28 - - [03/Apr/2019:10:34:28 +0300] "GET /robots.txt HTTP/1.1" 304 3720 "-" "Mozilla/5.0 (compatible; AhrefsBot/6.1; +http://ahrefs.com/robot/)"
172.69.226.30 - - [03/Apr/2019:10:40:14 +0300] "GET /login/facebook/%2Fnews%2Fpage%2F54 HTTP/1.1" 404 443 "-" "Mozilla/5.0 (compatible; AhrefsBot/6.1; +http://ahrefs.com/robot/)"
172.69.54.178 - - [03/Apr/2019:10:46:42 +0300] "GET /login/facebook/%2Fnews%2F%3Fd%3D1%26pagen%3D563 HTTP/1.1" 404 454 "-" "Mozilla/5.0 (compatible; AhrefsBot/6.1; +http://ahrefs.com/robot/)"
162.158.106.223 - - [03/Apr/2019:10:46:44 +0300] "GET /robots.txt HTTP/1.1" 301 513 "-" "Mozilla/5.0 (compatible; DotBot/1.1; http://www.opensiteexplorer.org/dotbot, help@moz.com)"
141.101.69.94 - - [03/Apr/2019:10:48:42 +0300] "GET /login/google/%2Fnews%2Fpage%2F230 HTTP/1.1" 404 442 "-" "Mozilla/5.0 (compatible; AhrefsBot/6.1; +http://ahrefs.com/robot/)"
141.101.69.94 - - [03/Apr/2019:10:51:12 +0300] "GET /news/?d=1&pagen=48 HTTP/1.1" 301 533 "-" "Mozilla/5.0 (compatible; AhrefsBot/6.1; +http://ahrefs.com/robot/)"
108.162.216.179 - - [03/Apr/2019:10:56:39 +0300] "GET /views/base/assets/images/fav.png HTTP/1.1" 301 557 "-" "Mozilla/5.0 (compatible; Googlebot/2.1; +http://www.google.com/bot.html)"
108.162.216.179 - - [03/Apr/2019:10:57:48 +0300] "GET /views/base/assets/images/fav.png HTTP/1.1" 301 3978 "-" "Mozilla/5.0 (compatible; Googlebot/2.1; +http://www.google.com/bot.html)"
172.68.59.61 - - [03/Apr/2019:10:57:48 +0300] "GET / HTTP/1.1" 200 13754 "-" "Mozilla/5.0 (compatible; Googlebot/2.1; +http://www.google.com/bot.html)"
162.158.94.21 - - [03/Apr/2019:10:58:45 +0300] "GET /wp-login.php HTTP/1.1" 301 517 "-" "Mozilla/5.0 (Windows NT 6.1; WOW64; rv:40.0) Gecko/20100101 Firefox/40.1"
162.158.91.186 - - [03/Apr/2019:10:58:46 +0300] "GET /wp-login.php HTTP/1.1" 301 3978 "-" "Mozilla/5.0 (Windows NT 6.1; WOW64; rv:40.0) Gecko/20100101 Firefox/40.1"
162.158.88.141 - - [03/Apr/2019:10:58:46 +0300] "GET / HTTP/1.1" 200 13754 "-" "Mozilla/5.0 (Windows NT 6.1; WOW64; rv:40.0) Gecko/20100101 Firefox/40.1"
162.158.92.167 - - [03/Apr/2019:10:58:47 +0300] "GET / HTTP/1.1" 301 493 "-" "Mozilla/5.0 (Windows NT 6.1; WOW64; rv:40.0) Gecko/20100101 Firefox/40.1"
162.158.88.141 - - [03/Apr/2019:10:58:47 +0300] "GET / HTTP/1.1" 200 13696 "-" "Mozilla/5.0 (Windows NT 6.1; WOW64; rv:40.0) Gecko/20100101 Firefox/40.1"
141.101.69.142 - - [03/Apr/2019:11:01:49 +0300] "GET /bookmakers/reviews/elitebetkenya HTTP/1.1" 301 557 "-" "Mozilla/5.0 (compatible; AhrefsBot/6.1; +http://ahrefs.com/robot/)"
141.101.104.222 - - [03/Apr/2019:11:04:19 +0300] "GET /europe/champions-league/ludogorets-razgrad-vs-basel-2040 HTTP/1.1" 301 3978 "-" "Mozilla/5.0 (compatible; AhrefsBot/6.1; +http://ahrefs.com/robot/)"
172.68.59.61 - - [03/Apr/2019:11:09:27 +0300] "GET / HTTP/1.1" 200 13754 "-" "Mozilla/5.0 (compatible; Googlebot/2.1; +http://www.google.com/bot.html)"
141.101.69.94 - - [03/Apr/2019:11:12:03 +0300] "GET /world/friendly-matches/manchester-united-vs-newcastle-5035 HTTP/1.1" 301 609 "-" "Mozilla/5.0 (compatible; AhrefsBot/6.1; +http://ahrefs.com/robot/)"
172.69.54.238 - - [03/Apr/2019:11:34:33 +0300] "GET /england/english-championship/swansea-vs-chelsea-203 HTTP/1.1" 301 3978 "-" "Mozilla/5.0 (compatible; AhrefsBot/6.1; +http://ahrefs.com/robot/)"
162.158.106.223 - - [03/Apr/2019:11:36:13 +0300] "GET /robots.txt HTTP/1.1" 301 513 "-" "Mozilla/5.0 (compatible; DotBot/1.1; http://www.opensiteexplorer.org/dotbot, help@moz.com)"
172.69.54.178 - - [03/Apr/2019:11:37:33 +0300] "GET /italy/serie-a/crotone-vs-sampdoria-2014 HTTP/1.1" 301 571 "-" "Mozilla/5.0 (compatible; AhrefsBot/6.1; +http://ahrefs.com/robot/)"
141.101.69.52 - - [03/Apr/2019:11:41:35 +0300] "GET /spain/la-liga/real-madrid-vs-granada-3129 HTTP/1.1" 301 3978 "-" "Mozilla/5.0 (compatible; AhrefsBot/6.1; +http://ahrefs.com/robot/)"
172.69.226.30 - - [03/Apr/2019:11:43:05 +0300] "GET /standings/Ligue_1 HTTP/1.1" 301 527 "-" "Mozilla/5.0 (compatible; AhrefsBot/6.1; +http://ahrefs.com/robot/)"
172.69.226.30 - - [03/Apr/2019:11:57:50 +0300] "GET /europe/champions-league/ghana-vs-egypt-5369 HTTP/1.1" 301 3978 "-" "Mozilla/5.0 (compatible; AhrefsBot/6.1; +http://ahrefs.com/robot/)"
108.162.229.173 - - [03/Apr/2019:12:03:13 +0300] "GET /contact-us/ HTTP/1.1" 301 3978 "-" "Mozilla/5.0 (compatible; AhrefsBot/6.1; +http://ahrefs.com/robot/)"
108.162.229.173 - - [03/Apr/2019:12:11:04 +0300] "GET /spain/la-liga/real-madrid-vs-granada-3129 HTTP/1.1" 301 575 "-" "Mozilla/5.0 (compatible; AhrefsBot/6.1; +http://ahrefs.com/robot/)"
162.158.111.86 - - [03/Apr/2019:12:20:40 +0300] "GET /england/english-championship/barnsley-vs-reading-fc-194 HTTP/1.1" 301 3978 "-" "Mozilla/5.0 (compatible; AhrefsBot/6.1; +http://ahrefs.com/robot/)"
162.158.74.40 - - [03/Apr/2019:12:23:37 +0300] "GET /index.php/ajax/search HTTP/1.1" 200 13754 "-" "Mozilla/5.0 (compatible; Googlebot/2.1; +http://www.google.com/bot.html)"
162.158.106.223 - - [03/Apr/2019:12:24:49 +0300] "GET /robots.txt HTTP/1.1" 301 513 "-" "Mozilla/5.0 (compatible; DotBot/1.1; http://www.opensiteexplorer.org/dotbot, help@moz.com)"
172.69.226.48 - - [03/Apr/2019:12:24:51 +0300] "GET /news/page/296 HTTP/1.1" 301 519 "-" "Mozilla/5.0 (compatible; AhrefsBot/6.1; +http://ahrefs.com/robot/)"
172.69.54.154 - - [03/Apr/2019:12:29:56 +0300] "GET /spain/la-liga/celta-vigo-vs-malaga-3099 HTTP/1.1" 301 3978 "-" "Mozilla/5.0 (compatible; AhrefsBot/6.1; +http://ahrefs.com/robot/)"
141.101.69.52 - - [03/Apr/2019:12:32:30 +0300] "GET /england/premier-league/sweden-vs-italy-5327 HTTP/1.1" 301 3978 "-" "Mozilla/5.0 (compatible; AhrefsBot/6.1; +http://ahrefs.com/robot/)"
141.101.69.40 - - [03/Apr/2019:12:43:20 +0300] "GET /robots.txt HTTP/1.1" 301 513 "-" "Mozilla/5.0 (compatible; AhrefsBot/6.1; +http://ahrefs.com/robot/)"
141.101.69.40 - - [03/Apr/2019:12:43:20 +0300] "GET /robots.txt HTTP/1.1" 304 3720 "-" "Mozilla/5.0 (compatible; AhrefsBot/6.1; +http://ahrefs.com/robot/)"
141.101.76.131 - - [03/Apr/2019:12:44:05 +0300] "GET /Matches/1222148/Live/Spain-La-Liga-2017-2018-Las-Palmas-Malaga HTTP/1.1" 301 617 "-" "Mozilla/5.0 (compatible; AhrefsBot/6.1; +http://ahrefs.com/robot/)"
172.69.226.176 - - [03/Apr/2019:12:49:35 +0300] "GET /europe/europa-league/?stats=1 HTTP/1.1" 301 551 "-" "Mozilla/5.0 (compatible; AhrefsBot/6.1; +http://ahrefs.com/robot/)"
141.101.69.142 - - [03/Apr/2019:13:07:22 +0300] "GET /Matches/1190414/Live/England-Premier-League-2017-2018-West-Ham-Bournemouth HTTP/1.1" 301 641 "-" "Mozilla/5.0 (compatible; AhrefsBot/6.1; +http://ahrefs.com/robot/)"
162.158.106.223 - - [03/Apr/2019:13:14:06 +0300] "GET /robots.txt HTTP/1.1" 301 513 "-" "Mozilla/5.0 (compatible; DotBot/1.1; http://www.opensiteexplorer.org/dotbot, help@moz.com)"
141.101.69.142 - - [03/Apr/2019:13:15:04 +0300] "GET /kenya/kenya-premier-league/chemelil-sugar-fc-vs-posta-ranger-1621 HTTP/1.1" 301 623 "-" "Mozilla/5.0 (compatible; AhrefsBot/6.1; +http://ahrefs.com/robot/)"
172.69.226.48 - - [03/Apr/2019:13:17:04 +0300] "GET /login/google/%2Fevents%2FKenya_Premier_League HTTP/1.1" 404 456 "-" "Mozilla/5.0 (compatible; AhrefsBot/6.1; +http://ahrefs.com/robot/)"
172.69.54.154 - - [03/Apr/2019:13:22:40 +0300] "GET /Matches/1225391/Live/Italy-Serie-A-2017-2018-Cagliari-Napoli HTTP/1.1" 301 613 "-" "Mozilla/5.0 (compatible; AhrefsBot/6.1; +http://ahrefs.com/robot/)"
172.69.226.48 - - [03/Apr/2019:13:31:47 +0300] "GET /europe/champions-league/manchester-united-vs-tottenham-4247 HTTP/1.1" 301 611 "-" "Mozilla/5.0 (compatible; AhrefsBot/6.1; +http://ahrefs.com/robot/)"
108.162.229.173 - - [03/Apr/2019:13:34:37 +0300] "GET /bookmakers/reviews/supabet247 HTTP/1.1" 301 551 "-" "Mozilla/5.0 (compatible; AhrefsBot/6.1; +http://ahrefs.com/robot/)"
172.69.54.202 - - [03/Apr/2019:13:36:07 +0300] "GET /Matches/1222298/Live/Spain-La-Liga-2017-2018-Sevilla-Atletico-Madrid HTTP/1.1" 301 629 "-" "Mozilla/5.0 (compatible; AhrefsBot/6.1; +http://ahrefs.com/robot/)"
172.69.226.48 - - [03/Apr/2019:13:40:08 +0300] "GET /spain/la-liga/barcelona-vs-las-palmas-3307 HTTP/1.1" 301 577 "-" "Mozilla/5.0 (compatible; AhrefsBot/6.1; +http://ahrefs.com/robot/)"
162.158.106.187 - - [03/Apr/2019:13:48:43 +0300] "GET /kenya HTTP/1.1" 301 3978 "-" "Mozilla/5.0 (compatible; DotBot/1.1; http://www.opensiteexplorer.org/dotbot, help@moz.com)"
172.69.226.30 - - [03/Apr/2019:13:49:38 +0300] "GET /news/page/190 HTTP/1.1" 301 3978 "-" "Mozilla/5.0 (compatible; AhrefsBot/6.1; +http://ahrefs.com/robot/)"
141.101.104.222 - - [03/Apr/2019:13:50:08 +0300] "GET /Teams/62/Show/Spain-Celta-Vigo HTTP/1.1" 301 3978 "-" "Mozilla/5.0 (compatible; AhrefsBot/6.1; +http://ahrefs.com/robot/)"
162.158.106.223 - - [03/Apr/2019:14:04:27 +0300] "GET /robots.txt HTTP/1.1" 301 513 "-" "Mozilla/5.0 (compatible; DotBot/1.1; http://www.opensiteexplorer.org/dotbot, help@moz.com)"
172.69.54.202 - - [03/Apr/2019:14:50:01 +0300] "GET /bookmakers/wp-login.php HTTP/1.1" 301 539 "-" "Mozilla/5.0 (Windows NT 10.0; WOW64) AppleWebKit/537.36 (KHTML, like Gecko) Chrome/51.0.2704.103 Safari/537.36"
172.69.55.11 - - [03/Apr/2019:14:50:04 +0300] "GET /bookmakers/wp-login.php HTTP/1.1" 301 3978 "-" "Mozilla/5.0 (Windows NT 10.0; WOW64) AppleWebKit/537.36 (KHTML, like Gecko) Chrome/51.0.2704.103 Safari/537.36"
172.69.55.11 - - [03/Apr/2019:14:50:04 +0300] "GET / HTTP/1.1" 200 10297 "-" "Mozilla/5.0 (Windows NT 10.0; WOW64) AppleWebKit/537.36 (KHTML, like Gecko) Chrome/51.0.2704.103 Safari/537.36"
162.158.106.223 - - [03/Apr/2019:14:53:51 +0300] "GET /robots.txt HTTP/1.1" 301 513 "-" "Mozilla/5.0 (compatible; DotBot/1.1; http://www.opensiteexplorer.org/dotbot, help@moz.com)"
141.101.69.52 - - [03/Apr/2019:14:59:12 +0300] "GET /france/ligue-1/malaga-vs-deportivo-la-coruna-5057 HTTP/1.1" 301 3978 "-" "Mozilla/5.0 (compatible; AhrefsBot/6.1; +http://ahrefs.com/robot/)"
108.162.229.173 - - [03/Apr/2019:14:59:42 +0300] "GET /england/league-one/gillingham-vs-rochdale-2279 HTTP/1.1" 301 3978 "-" "Mozilla/5.0 (compatible; AhrefsBot/6.1; +http://ahrefs.com/robot/)"
172.69.226.176 - - [03/Apr/2019:15:02:10 +0300] "GET /germany/bundesliga/borussia-dortmund-vs-augsburg-3060 HTTP/1.1" 301 599 "-" "Mozilla/5.0 (compatible; AhrefsBot/6.1; +http://ahrefs.com/robot/)"
172.69.226.176 - - [03/Apr/2019:15:03:40 +0300] "GET /england/league-one/huddersfield-vs-west-brom-4623 HTTP/1.1" 301 3978 "-" "Mozilla/5.0 (compatible; AhrefsBot/6.1; +http://ahrefs.com/robot/)"
141.101.76.233 - - [03/Apr/2019:15:05:39 +0300] "GET /bookmakers/reviews/sportpesa HTTP/1.1" 301 549 "-" "Mozilla/5.0 (compatible; AhrefsBot/6.1; +http://ahrefs.com/robot/)"
172.69.226.48 - - [03/Apr/2019:15:06:09 +0300] "GET /Matches/1192479/Live/England-Championship-2017-2018-Cardiff-Bolton HTTP/1.1" 301 625 "-" "Mozilla/5.0 (compatible; AhrefsBot/6.1; +http://ahrefs.com/robot/)"
108.162.229.173 - - [03/Apr/2019:15:07:19 +0300] "GET /england/premier-league/arsenal-vs-stoke-city-2913 HTTP/1.1" 301 591 "-" "Mozilla/5.0 (compatible; AhrefsBot/6.1; +http://ahrefs.com/robot/)"
141.101.69.52 - - [03/Apr/2019:15:16:10 +0300] "GET /england/premier-league/arsenal-vs-burnley-3470 HTTP/1.1" 301 3978 "-" "Mozilla/5.0 (compatible; AhrefsBot/6.1; +http://ahrefs.com/robot/)"
162.158.106.67 - - [03/Apr/2019:15:28:02 +0300] "GET / HTTP/1.1" 301 493 "-" "Mozilla/5.0 (compatible; bingbot/2.0; +http://www.bing.com/bingbot.htm)"
162.158.106.223 - - [03/Apr/2019:15:42:45 +0300] "GET /robots.txt HTTP/1.1" 301 513 "-" "Mozilla/5.0 (compatible; DotBot/1.1; http://www.opensiteexplorer.org/dotbot, help@moz.com)"
141.101.76.77 - - [03/Apr/2019:16:27:19 +0300] "GET /germany/bundesliga/psg-vs-rennes-2106 HTTP/1.1" 301 567 "-" "Mozilla/5.0 (compatible; AhrefsBot/6.1; +http://ahrefs.com/robot/)"
162.158.106.223 - - [03/Apr/2019:16:32:02 +0300] "GET /robots.txt HTTP/1.1" 301 513 "-" "Mozilla/5.0 (compatible; DotBot/1.1; http://www.opensiteexplorer.org/dotbot, help@moz.com)"
172.69.54.202 - - [03/Apr/2019:16:38:21 +0300] "GET /italy/serie-a/ac-milan-vs-fiorentina-3783 HTTP/1.1" 301 575 "-" "Mozilla/5.0 (compatible; AhrefsBot/6.1; +http://ahrefs.com/robot/)"
141.101.88.197 - - [03/Apr/2019:16:41:02 +0300] "GET /england/english-championship/swansea-vs-chelsea-203 HTTP/1.1" 301 595 "-" "Mozilla/5.0 (compatible; AhrefsBot/6.1; +http://ahrefs.com/robot/)"
162.158.111.98 - - [03/Apr/2019:16:41:32 +0300] "GET /spain/la-liga/sevilla-vs-cd-leganes-4323 HTTP/1.1" 301 573 "-" "Mozilla/5.0 (compatible; AhrefsBot/6.1; +http://ahrefs.com/robot/)"
141.101.104.222 - - [03/Apr/2019:16:51:22 +0300] "GET /spain/la-liga/sevilla-vs-girona-cf-5978 HTTP/1.1" 301 571 "-" "Mozilla/5.0 (compatible; AhrefsBot/6.1; +http://ahrefs.com/robot/)"
141.101.88.197 - - [03/Apr/2019:16:51:52 +0300] "GET /spain/copa-del-rey/port-vale-vs-crewe-alexandra-5456 HTTP/1.1" 301 3978 "-" "Mozilla/5.0 (compatible; AhrefsBot/6.1; +http://ahrefs.com/robot/)"
141.101.77.45 - - [03/Apr/2019:16:52:22 +0300] "GET /Matches/1222271/Live/Spain-La-Liga-2017-2018-Malaga-Valencia HTTP/1.1" 301 3978 "-" "Mozilla/5.0 (compatible; AhrefsBot/6.1; +http://ahrefs.com/robot/)"
172.69.226.30 - - [03/Apr/2019:16:52:52 +0300] "GET /login/google/%2Fnews%2Fpage%2F318 HTTP/1.1" 404 442 "-" "Mozilla/5.0 (compatible; AhrefsBot/6.1; +http://ahrefs.com/robot/)"
172.69.226.48 - - [03/Apr/2019:16:53:22 +0300] "GET /england/english-championship/aston-villa-vs-brentford-23 HTTP/1.1" 301 605 "-" "Mozilla/5.0 (compatible; AhrefsBot/6.1; +http://ahrefs.com/robot/)"
172.69.54.142 - - [03/Apr/2019:16:55:01 +0300] "GET /bookmakers/wp-login.php HTTP/1.1" 301 539 "-" "Mozilla/5.0 (Windows NT 10.0; WOW64) AppleWebKit/537.36 (KHTML, like Gecko) Chrome/51.0.2704.103 Safari/537.36"
141.101.76.77 - - [03/Apr/2019:16:55:01 +0300] "GET /bookmakers/wp-login.php HTTP/1.1" 301 3978 "-" "Mozilla/5.0 (Windows NT 10.0; WOW64) AppleWebKit/537.36 (KHTML, like Gecko) Chrome/51.0.2704.103 Safari/537.36"
141.101.76.77 - - [03/Apr/2019:16:55:01 +0300] "GET / HTTP/1.1" 200 10297 "-" "Mozilla/5.0 (Windows NT 10.0; WOW64) AppleWebKit/537.36 (KHTML, like Gecko) Chrome/51.0.2704.103 Safari/537.36"
108.162.229.245 - - [03/Apr/2019:17:00:24 +0300] "GET /login/facebook/%2Fnews%2Fpage%2F315 HTTP/1.1" 404 444 "-" "Mozilla/5.0 (compatible; AhrefsBot/6.1; +http://ahrefs.com/robot/)"
141.101.104.222 - - [03/Apr/2019:17:12:05 +0300] "GET /Matches/1222295/Live/Spain-La-Liga-2017-2018-Leganes-Las-Palmas HTTP/1.1" 301 619 "-" "Mozilla/5.0 (compatible; AhrefsBot/6.1; +http://ahrefs.com/robot/)"
172.68.59.61 - - [03/Apr/2019:17:16:44 +0300] "GET / HTTP/1.1" 200 13754 "-" "Mozilla/5.0 (Linux; Android 6.0.1; Nexus 5X Build/MMB29P) AppleWebKit/537.36 (KHTML, like Gecko) Chrome/41.0.2272.96 Mobile Safari/537.36 (compatible; Googlebot/2.1; +http://www.google.com/bot.html)"
162.158.106.223 - - [03/Apr/2019:17:21:18 +0300] "GET /robots.txt HTTP/1.1" 301 513 "-" "Mozilla/5.0 (compatible; DotBot/1.1; http://www.opensiteexplorer.org/dotbot, help@moz.com)"
172.68.59.61 - - [03/Apr/2019:17:26:27 +0300] "GET / HTTP/1.1" 200 13754 "-" "Mozilla/5.0 (compatible; Googlebot/2.1; +http://www.google.com/bot.html)"
172.68.59.61 - - [03/Apr/2019:17:26:27 +0300] "GET / HTTP/1.1" 200 10297 "-" "Mozilla/5.0 (compatible; Googlebot/2.1; +http://www.google.com/bot.html)"
141.101.77.15 - - [03/Apr/2019:17:35:10 +0300] "GET /england/english-championship/middlesbrough-vs-birmingham-city-5695 HTTP/1.1" 301 3978 "-" "Mozilla/5.0 (compatible; AhrefsBot/6.1; +http://ahrefs.com/robot/)"
172.68.59.61 - - [03/Apr/2019:17:36:46 +0300] "GET / HTTP/1.1" 200 13754 "-" "Mozilla/5.0 (Linux; Android 6.0.1; Nexus 5X Build/MMB29P) AppleWebKit/537.36 (KHTML, like Gecko) Chrome/41.0.2272.96 Mobile Safari/537.36 (compatible; Googlebot/2.1; +http://www.google.com/bot.html)"
162.158.106.67 - - [03/Apr/2019:17:52:05 +0300] "GET / HTTP/1.1" 301 493 "-" "Mozilla/5.0 (compatible; bingbot/2.0; +http://www.bing.com/bingbot.htm)"
162.158.7.60 - - [03/Apr/2019:18:02:32 +0300] "GET /catalog/product_frontend_action/synchronize HTTP/1.1" 301 579 "oddscracker.com" "Mozilla/5.1 (Windows NT 6.0; WOW64) AppleWebKit/537.37 (KHTML, like Gecko) Chrome/58.0.1145.75 Safari/537.37"
172.69.54.202 - - [03/Apr/2019:18:06:12 +0300] "GET /news/page/174 HTTP/1.1" 301 519 "-" "Mozilla/5.0 (compatible; AhrefsBot/6.1; +http://ahrefs.com/robot/)"
141.101.76.233 - - [03/Apr/2019:18:07:43 +0300] "GET /italy/serie-a/liverpool-vs-southampton-5078 HTTP/1.1" 301 579 "-" "Mozilla/5.0 (compatible; AhrefsBot/6.1; +http://ahrefs.com/robot/)"
172.69.54.178 - - [03/Apr/2019:18:16:20 +0300] "GET /england/league-one/peterborough-vs-portsmouth-5745 HTTP/1.1" 301 593 "-" "Mozilla/5.0 (compatible; AhrefsBot/6.1; +http://ahrefs.com/robot/)"
141.101.69.52 - - [03/Apr/2019:18:20:05 +0300] "GET /france/ligue-1/montpellier-vs-as-saint-etienne-3894 HTTP/1.1" 301 595 "-" "Mozilla/5.0 (compatible; AhrefsBot/6.1; +http://ahrefs.com/robot/)"
172.68.59.61 - - [03/Apr/2019:18:36:54 +0300] "GET / HTTP/1.1" 301 493 "-" "Mozilla/5.0 (Linux; Android 6.0.1; Nexus 5X Build/MMB29P) AppleWebKit/537.36 (KHTML, like Gecko) Chrome/41.0.2272.96 Mobile Safari/537.36 (compatible; Googlebot/2.1; +http://www.google.com/bot.html)"
172.68.59.61 - - [03/Apr/2019:18:36:55 +0300] "GET / HTTP/1.1" 200 13754 "-" "Mozilla/5.0 (Linux; Android 6.0.1; Nexus 5X Build/MMB29P) AppleWebKit/537.36 (KHTML, like Gecko) Chrome/41.0.2272.96 Mobile Safari/537.36 (compatible; Googlebot/2.1; +http://www.google.com/bot.html)"
172.68.59.61 - - [03/Apr/2019:18:47:07 +0300] "GET / HTTP/1.1" 200 13754 "-" "Mozilla/5.0 (compatible; Googlebot/2.1; +http://www.google.com/bot.html)"
162.158.106.223 - - [03/Apr/2019:19:00:05 +0300] "GET /robots.txt HTTP/1.1" 301 513 "-" "Mozilla/5.0 (compatible; DotBot/1.1; http://www.opensiteexplorer.org/dotbot, help@moz.com)"
141.101.77.45 - - [03/Apr/2019:19:01:19 +0300] "GET /login/google/%2Fnews%2Fpage%2F201 HTTP/1.1" 404 442 "-" "Mozilla/5.0 (compatible; AhrefsBot/6.1; +http://ahrefs.com/robot/)"
108.162.229.245 - - [03/Apr/2019:19:04:19 +0300] "GET /europe/europa-league/paok-vs-slovan-liberec-2574 HTTP/1.1" 301 589 "-" "Mozilla/5.0 (compatible; AhrefsBot/6.1; +http://ahrefs.com/robot/)"
141.101.104.222 - - [03/Apr/2019:19:06:19 +0300] "GET /Matches/1193048/Live/England-League-1-2017-2018-Peterborough-AFC-Wimbledon HTTP/1.1" 301 3978 "-" "Mozilla/5.0 (compatible; AhrefsBot/6.1; +http://ahrefs.com/robot/)"
108.162.246.6 - - [03/Apr/2019:19:19:23 +0300] "GET /redirect/za HTTP/1.1" 302 4033 "-" "Mozilla/5.0 (Macintosh; Intel Mac OS X 10_10_1) AppleWebKit/600.2.5 (KHTML, like Gecko) Version/8.0.2 Safari/600.2.5 (Applebot/0.1; +http://www.apple.com/go/applebot)"
162.158.107.110 - - [03/Apr/2019:19:22:11 +0300] "GET /redirect/ke HTTP/1.1" 302 4033 "-" "Mozilla/5.0 (Macintosh; Intel Mac OS X 10_10_1) AppleWebKit/600.2.5 (KHTML, like Gecko) Version/8.0.2 Safari/600.2.5 (Applebot/0.1; +http://www.apple.com/go/applebot)"
141.101.77.15 - - [03/Apr/2019:19:23:48 +0300] "GET /england/premier-league/middlesbrough-vs-swansea-2933 HTTP/1.1" 301 597 "-" "Mozilla/5.0 (compatible; AhrefsBot/6.1; +http://ahrefs.com/robot/)"
162.158.111.86 - - [03/Apr/2019:19:26:18 +0300] "GET /login/google/%2Fnews%2Fpage%2F53 HTTP/1.1" 404 441 "-" "Mozilla/5.0 (compatible; AhrefsBot/6.1; +http://ahrefs.com/robot/)"
141.101.76.233 - - [03/Apr/2019:19:29:28 +0300] "GET /Matches/1225354/Live/Italy-Serie-A-2017-2018-Chievo-Juventus HTTP/1.1" 301 613 "-" "Mozilla/5.0 (compatible; AhrefsBot/6.1; +http://ahrefs.com/robot/)"
162.158.106.67 - - [03/Apr/2019:19:34:39 +0300] "GET / HTTP/1.1" 200 13754 "-" "Mozilla/5.0 (compatible; bingbot/2.0; +http://www.bing.com/bingbot.htm)"
172.69.54.142 - - [03/Apr/2019:19:47:56 +0300] "GET /world/friendly-matches/west-brom-vs-chelsea-5029 HTTP/1.1" 301 3978 "-" "Mozilla/5.0 (compatible; AhrefsBot/6.1; +http://ahrefs.com/robot/)"
162.158.106.223 - - [03/Apr/2019:19:49:18 +0300] "GET /robots.txt HTTP/1.1" 301 513 "-" "Mozilla/5.0 (compatible; DotBot/1.1; http://www.opensiteexplorer.org/dotbot, help@moz.com)"
141.101.76.233 - - [03/Apr/2019:19:50:10 +0300] "GET /bookmakers/wp-login.php HTTP/1.1" 301 539 "-" "Mozilla/5.0 (Windows NT 10.0; WOW64) AppleWebKit/537.36 (KHTML, like Gecko) Chrome/51.0.2704.103 Safari/537.36"
141.101.104.222 - - [03/Apr/2019:19:50:11 +0300] "GET /bookmakers/wp-login.php HTTP/1.1" 301 3978 "-" "Mozilla/5.0 (Windows NT 10.0; WOW64) AppleWebKit/537.36 (KHTML, like Gecko) Chrome/51.0.2704.103 Safari/537.36"
141.101.104.222 - - [03/Apr/2019:19:50:11 +0300] "GET / HTTP/1.1" 200 13754 "-" "Mozilla/5.0 (Windows NT 10.0; WOW64) AppleWebKit/537.36 (KHTML, like Gecko) Chrome/51.0.2704.103 Safari/537.36"
108.162.229.173 - - [03/Apr/2019:20:00:26 +0300] "GET /germany/bundesliga HTTP/1.1" 301 3978 "-" "Mozilla/5.0 (compatible; AhrefsBot/6.1; +http://ahrefs.com/robot/)"
172.69.226.176 - - [03/Apr/2019:20:03:26 +0300] "GET /england/premier-league/middlesbrough-vs-west-ham-3466 HTTP/1.1" 301 599 "-" "Mozilla/5.0 (compatible; AhrefsBot/6.1; +http://ahrefs.com/robot/)"
172.69.226.48 - - [03/Apr/2019:20:09:56 +0300] "GET /login/facebook/%2Fnews%2F%3Fd%3D1%26pagen%3D233 HTTP/1.1" 404 454 "-" "Mozilla/5.0 (compatible; AhrefsBot/6.1; +http://ahrefs.com/robot/)"
141.101.69.52 - - [03/Apr/2019:20:15:56 +0300] "GET /kenya/kenya-premier-league/tottenham-vs-crystal-palace-4677 HTTP/1.1" 301 611 "-" "Mozilla/5.0 (compatible; AhrefsBot/6.1; +http://ahrefs.com/robot/)"
141.101.76.77 - - [03/Apr/2019:20:22:13 +0300] "GET /europe/europa-league/nice-vs-fk-krasnodar-2598 HTTP/1.1" 301 585 "-" "Mozilla/5.0 (compatible; AhrefsBot/6.1; +http://ahrefs.com/robot/)"
172.69.226.30 - - [03/Apr/2019:20:26:54 +0300] "GET /spain/la-liga/villarreal-vs-malaga-4209 HTTP/1.1" 301 3978 "-" "Mozilla/5.0 (compatible; AhrefsBot/6.1; +http://ahrefs.com/robot/)"
172.69.54.238 - - [03/Apr/2019:20:31:54 +0300] "GET /europe/europa-league/rapid-vienna-vs-athletic-bilbao-2585 HTTP/1.1" 301 3978 "-" "Mozilla/5.0 (compatible; AhrefsBot/6.1; +http://ahrefs.com/robot/)"
172.69.226.176 - - [03/Apr/2019:20:34:24 +0300] "GET /france/ligue-1/toulouse-vs-as-saint-etienne-4057 HTTP/1.1" 301 589 "-" "Mozilla/5.0 (compatible; AhrefsBot/6.1; +http://ahrefs.com/robot/)"
141.101.69.52 - - [03/Apr/2019:20:38:17 +0300] "GET /england/premier-league/chelsea-vs-hull-city-3471 HTTP/1.1" 301 589 "-" "Mozilla/5.0 (compatible; AhrefsBot/6.1; +http://ahrefs.com/robot/)"
162.158.106.223 - - [03/Apr/2019:20:38:38 +0300] "GET /robots.txt HTTP/1.1" 301 513 "-" "Mozilla/5.0 (compatible; DotBot/1.1; http://www.opensiteexplorer.org/dotbot, help@moz.com)"
172.69.54.202 - - [03/Apr/2019:20:38:47 +0300] "GET /world/friendly-matches/sevilla-vs-celta-vigo-5040 HTTP/1.1" 301 591 "-" "Mozilla/5.0 (compatible; AhrefsBot/6.1; +http://ahrefs.com/robot/)"
162.158.107.26 - - [03/Apr/2019:20:40:32 +0300] "GET /redirect/tz HTTP/1.1" 302 4033 "-" "Mozilla/5.0 (compatible; bingbot/2.0; +http://www.bing.com/bingbot.htm)"
172.69.54.178 - - [03/Apr/2019:20:42:41 +0300] "GET /france/ligue-1/angers-vs-nantes-3037 HTTP/1.1" 301 3978 "-" "Mozilla/5.0 (compatible; AhrefsBot/6.1; +http://ahrefs.com/robot/)"
141.101.88.197 - - [03/Apr/2019:21:06:41 +0300] "GET /europe/champions-league/stoke-city-vs-leicester-city-4450 HTTP/1.1" 301 607 "-" "Mozilla/5.0 (compatible; AhrefsBot/6.1; +http://ahrefs.com/robot/)"
172.69.54.154 - - [03/Apr/2019:21:08:04 +0300] "GET /england/premier-league/tottenham-vs-crystal-palace-4081 HTTP/1.1" 301 603 "-" "Mozilla/5.0 (compatible; AhrefsBot/6.1; +http://ahrefs.com/robot/)"
108.162.229.245 - - [03/Apr/2019:21:08:34 +0300] "GET /europe/champions-league/dynamo-kyiv-vs-besiktas-2365 HTTP/1.1" 301 3978 "-" "Mozilla/5.0 (compatible; AhrefsBot/6.1; +http://ahrefs.com/robot/)"
162.158.111.98 - - [03/Apr/2019:21:10:05 +0300] "GET /spain/la-liga/atletico-madrid-vs-cd-leganes-3721 HTTP/1.1" 301 589 "-" "Mozilla/5.0 (compatible; AhrefsBot/6.1; +http://ahrefs.com/robot/)"
141.101.76.131 - - [03/Apr/2019:21:12:04 +0300] "GET /spain/la-liga/athletic-bilbao-vs-sporting-gijon-3558 HTTP/1.1" 301 597 "-" "Mozilla/5.0 (compatible; AhrefsBot/6.1; +http://ahrefs.com/robot/)"
162.158.106.19 - - [03/Apr/2019:21:14:58 +0300] "GET /bookmakers/reviews/sportpesa HTTP/1.1" 301 549 "-" "Mozilla/5.0 (compatible; bingbot/2.0; +http://www.bing.com/bingbot.htm)"
162.158.106.19 - - [03/Apr/2019:21:19:29 +0300] "GET /bookmakers/reviews/sportpesa HTTP/1.1" 301 3978 "-" "Mozilla/5.0 (compatible; bingbot/2.0; +http://www.bing.com/bingbot.htm)"
172.69.226.48 - - [03/Apr/2019:21:21:52 +0300] "GET /england/premier-league/manchester-united-vs-tottenham-2291 HTTP/1.1" 301 3978 "-" "Mozilla/5.0 (compatible; AhrefsBot/6.1; +http://ahrefs.com/robot/)"
108.162.229.245 - - [03/Apr/2019:21:25:03 +0300] "GET /europe/champions-league/liverpool-vs-spartak-moscow-5806 HTTP/1.1" 301 3978 "-" "Mozilla/5.0 (compatible; AhrefsBot/6.1; +http://ahrefs.com/robot/)"
172.69.226.176 - - [03/Apr/2019:21:27:33 +0300] "GET /world/friendly-matches/zambia-vs-cameroon-5304 HTTP/1.1" 301 585 "-" "Mozilla/5.0 (compatible; AhrefsBot/6.1; +http://ahrefs.com/robot/)"
162.158.106.223 - - [03/Apr/2019:21:27:51 +0300] "GET /robots.txt HTTP/1.1" 301 513 "-" "Mozilla/5.0 (compatible; DotBot/1.1; http://www.opensiteexplorer.org/dotbot, help@moz.com)"
141.101.69.142 - - [03/Apr/2019:21:28:03 +0300] "GET /world/friendly-matches/brighton-vs-stoke-city-5277 HTTP/1.1" 301 3978 "-" "Mozilla/5.0 (compatible; AhrefsBot/6.1; +http://ahrefs.com/robot/)"
141.101.76.233 - - [03/Apr/2019:21:29:33 +0300] "GET /italy/serie-a/udinese-vs-atalanta-4110 HTTP/1.1" 301 569 "-" "Mozilla/5.0 (compatible; AhrefsBot/6.1; +http://ahrefs.com/robot/)"
141.101.104.222 - - [03/Apr/2019:21:35:46 +0300] "GET /england/premier-league/arsenal-vs-swansea-1209 HTTP/1.1" 301 3978 "-" "Mozilla/5.0 (compatible; AhrefsBot/6.1; +http://ahrefs.com/robot/)"
141.101.76.131 - - [03/Apr/2019:21:41:13 +0300] "GET /england/league-one/bradford-city-vs-chesterfield-3458 HTTP/1.1" 301 599 "-" "Mozilla/5.0 (compatible; AhrefsBot/6.1; +http://ahrefs.com/robot/)"
162.158.42.39 - - [03/Apr/2019:21:45:47 +0300] "GET / HTTP/1.1" 302 3840 "-" "Mozilla/5.0 (Windows NT 10.0; Win64; x64) AppleWebKit/537.36 (KHTML, like Gecko) Chrome/73.0.3683.86 Safari/537.36"
172.69.54.238 - - [03/Apr/2019:21:46:43 +0300] "GET /england/premier-league/west-ham-vs-west-brom-3672 HTTP/1.1" 301 591 "-" "Mozilla/5.0 (compatible; AhrefsBot/6.1; +http://ahrefs.com/robot/)"
162.158.42.29 - - [03/Apr/2019:21:49:09 +0300] "GET / HTTP/1.1" 301 493 "android-app://com.google.android.gm" "Mozilla/5.0 (Linux; Android 8.1.0; DUB-LX1) AppleWebKit/537.36 (KHTML, like Gecko) Chrome/73.0.3683.90 Mobile Safari/537.36"
162.158.42.23 - - [03/Apr/2019:21:49:10 +0300] "GET / HTTP/1.1" 302 4033 "android-app://com.google.android.gm" "Mozilla/5.0 (Linux; Android 8.1.0; DUB-LX1) AppleWebKit/537.36 (KHTML, like Gecko) Chrome/73.0.3683.90 Mobile Safari/537.36"
141.101.76.131 - - [03/Apr/2019:21:49:13 +0300] "GET /spain/copa-del-rey/barcelona-vs-athletic-bilbao-3514 HTTP/1.1" 301 3978 "-" "Mozilla/5.0 (compatible; AhrefsBot/6.1; +http://ahrefs.com/robot/)"
141.101.69.142 - - [03/Apr/2019:21:49:44 +0300] "GET /bookmakers/reviews/justbet HTTP/1.1" 301 3978 "-" "Mozilla/5.0 (compatible; AhrefsBot/6.1; +http://ahrefs.com/robot/)"
162.158.42.23 - - [03/Apr/2019:21:50:35 +0300] "GET / HTTP/1.1" 302 3840 "android-app://com.google.android.gm" "Mozilla/5.0 (Linux; Android 8.1.0; DUB-LX1) AppleWebKit/537.36 (KHTML, like Gecko) Chrome/73.0.3683.90 Mobile Safari/537.36"
141.101.69.52 - - [03/Apr/2019:21:53:43 +0300] "GET /germany/bundesliga/rb-leipzig-vs-hoffenheim-3445 HTTP/1.1" 301 3978 "-" "Mozilla/5.0 (compatible; AhrefsBot/6.1; +http://ahrefs.com/robot/)"
162.158.42.23 - - [03/Apr/2019:21:54:02 +0300] "GET / HTTP/1.1" 302 3840 "android-app://com.google.android.gm" "Mozilla/5.0 (Linux; Android 8.1.0; DUB-LX1) AppleWebKit/537.36 (KHTML, like Gecko) Chrome/73.0.3683.90 Mobile Safari/537.36"
141.101.69.142 - - [03/Apr/2019:21:54:43 +0300] "GET /spain/la-liga/real-sociedad-vs-alaves-1241 HTTP/1.1" 301 577 "-" "Mozilla/5.0 (compatible; AhrefsBot/6.1; +http://ahrefs.com/robot/)"
172.68.59.151 - - [03/Apr/2019:21:58:28 +0300] "GET /robots.txt HTTP/1.1" 304 3720 "-" "Mozilla/5.0 (compatible; Googlebot/2.1; +http://www.google.com/bot.html)"
