66.133.109.36 - - [10/Mar/2019:03:48:44 +0200] "GET /.well-known/acme-challenge/0kdtoRfw0DuyyNe64Fg-l8mNXRlqTR2Glm00YdDT_GY HTTP/1.1" 200 308 "-" "Mozilla/5.0 (compatible; Let's Encrypt validation server; +https://www.letsencrypt.org)"
172.81.118.189 - - [10/Mar/2019:04:00:12 +0200] "GET /cron/update_markets/05ad6bd653789a5d9e041ad171d565688b8c790f HTTP/1.1" 404 3965 "-" "Wget/1.14 (linux-gnu)"
172.81.118.189 - - [10/Mar/2019:04:15:07 +0200] "GET /cron/update_markets/05ad6bd653789a5d9e041ad171d565688b8c790f HTTP/1.1" 200 4084 "-" "Wget/1.14 (linux-gnu)"
172.81.118.189 - - [10/Mar/2019:04:17:05 +0200] "GET /cron/update_events/05ad6bd653789a5d9e041ad171d565688b8c790f HTTP/1.1" 200 4084 "-" "Wget/1.14 (linux-gnu)"
172.81.118.189 - - [10/Mar/2019:04:30:09 +0200] "GET /cron/update_markets/05ad6bd653789a5d9e041ad171d565688b8c790f HTTP/1.1" 200 4084 "-" "Wget/1.14 (linux-gnu)"
172.81.118.189 - - [10/Mar/2019:04:45:04 +0200] "GET /cron/update_markets/05ad6bd653789a5d9e041ad171d565688b8c790f HTTP/1.1" 200 4084 "-" "Wget/1.14 (linux-gnu)"
172.81.118.189 - - [10/Mar/2019:05:00:12 +0200] "GET /cron/update_markets/05ad6bd653789a5d9e041ad171d565688b8c790f HTTP/1.1" 200 4084 "-" "Wget/1.14 (linux-gnu)"
172.81.118.189 - - [10/Mar/2019:05:15:05 +0200] "GET /cron/update_markets/05ad6bd653789a5d9e041ad171d565688b8c790f HTTP/1.1" 200 4084 "-" "Wget/1.14 (linux-gnu)"
172.81.118.189 - - [10/Mar/2019:05:17:02 +0200] "GET /cron/update_events/05ad6bd653789a5d9e041ad171d565688b8c790f HTTP/1.1" 200 4084 "-" "Wget/1.14 (linux-gnu)"
172.81.118.189 - - [10/Mar/2019:05:30:10 +0200] "GET /cron/update_markets/05ad6bd653789a5d9e041ad171d565688b8c790f HTTP/1.1" 200 4084 "-" "Wget/1.14 (linux-gnu)"
172.81.118.189 - - [10/Mar/2019:05:45:07 +0200] "GET /cron/update_markets/05ad6bd653789a5d9e041ad171d565688b8c790f HTTP/1.1" 200 4084 "-" "Wget/1.14 (linux-gnu)"
172.81.118.189 - - [10/Mar/2019:06:00:11 +0200] "GET /cron/update_markets/05ad6bd653789a5d9e041ad171d565688b8c790f HTTP/1.1" 200 4084 "-" "Wget/1.14 (linux-gnu)"
172.81.118.189 - - [10/Mar/2019:06:15:05 +0200] "GET /cron/update_markets/05ad6bd653789a5d9e041ad171d565688b8c790f HTTP/1.1" 200 4084 "-" "Wget/1.14 (linux-gnu)"
172.81.118.189 - - [10/Mar/2019:06:17:02 +0200] "GET /cron/update_events/05ad6bd653789a5d9e041ad171d565688b8c790f HTTP/1.1" 200 4084 "-" "Wget/1.14 (linux-gnu)"
172.81.118.189 - - [10/Mar/2019:06:30:09 +0200] "GET /cron/update_markets/05ad6bd653789a5d9e041ad171d565688b8c790f HTTP/1.1" 200 4084 "-" "Wget/1.14 (linux-gnu)"
66.249.69.187 - - [10/Mar/2019:06:34:31 +0200] "GET /robots.txt HTTP/1.1" 200 4015 "-" "Mozilla/5.0 (compatible; Googlebot/2.1; +http://www.google.com/bot.html)"
66.249.69.189 - - [10/Mar/2019:06:34:32 +0200] "GET / HTTP/1.1" 200 113907 "-" "Mozilla/5.0 (compatible; Googlebot/2.1; +http://www.google.com/bot.html)"
172.81.118.189 - - [10/Mar/2019:06:45:04 +0200] "GET /cron/update_markets/05ad6bd653789a5d9e041ad171d565688b8c790f HTTP/1.1" 200 4084 "-" "Wget/1.14 (linux-gnu)"
66.249.69.189 - - [10/Mar/2019:06:54:31 +0200] "GET / HTTP/1.1" 200 113907 "-" "Mozilla/5.0 (Linux; Android 6.0.1; Nexus 5X Build/MMB29P) AppleWebKit/537.36 (KHTML, like Gecko) Chrome/41.0.2272.96 Mobile Safari/537.36 (compatible; Googlebot/2.1; +http://www.google.com/bot.html)"
66.249.69.189 - - [10/Mar/2019:06:56:23 +0200] "GET /event/necaxa-toluca-543 HTTP/1.1" 200 109112 "-" "Mozilla/5.0 (Linux; Android 6.0.1; Nexus 5X Build/MMB29P) AppleWebKit/537.36 (KHTML, like Gecko) Chrome/41.0.2272.96 Mobile Safari/537.36 (compatible; Googlebot/2.1; +http://www.google.com/bot.html)"
172.81.118.189 - - [10/Mar/2019:07:00:34 +0200] "GET /cron/update_markets/05ad6bd653789a5d9e041ad171d565688b8c790f HTTP/1.1" 200 4084 "-" "Wget/1.14 (linux-gnu)"
172.81.118.189 - - [10/Mar/2019:07:00:33 +0200] "GET /cron/update_all_markets/05ad6bd653789a5d9e041ad171d565688b8c790f HTTP/1.1" 200 4084 "-" "Wget/1.14 (linux-gnu)"
66.249.69.187 - - [10/Mar/2019:07:05:51 +0200] "GET /event/getafe-sd-huesca-428 HTTP/1.1" 200 109121 "-" "Mozilla/5.0 (Linux; Android 6.0.1; Nexus 5X Build/MMB29P) AppleWebKit/537.36 (KHTML, like Gecko) Chrome/41.0.2272.96 Mobile Safari/537.36 (compatible; Googlebot/2.1; +http://www.google.com/bot.html)"
172.81.118.189 - - [10/Mar/2019:07:15:08 +0200] "GET /cron/update_markets/05ad6bd653789a5d9e041ad171d565688b8c790f HTTP/1.1" 200 4084 "-" "Wget/1.14 (linux-gnu)"
172.81.118.189 - - [10/Mar/2019:07:17:02 +0200] "GET /cron/update_events/05ad6bd653789a5d9e041ad171d565688b8c790f HTTP/1.1" 200 4084 "-" "Wget/1.14 (linux-gnu)"
172.81.118.189 - - [10/Mar/2019:07:30:10 +0200] "GET /cron/update_markets/05ad6bd653789a5d9e041ad171d565688b8c790f HTTP/1.1" 200 4084 "-" "Wget/1.14 (linux-gnu)"
62.109.30.103 - - [10/Mar/2019:07:32:05 +0200] "HEAD / HTTP/1.1" 301 243 "-" "Mozilla/5.0 (Windows NT 5.1) AppleWebKit/537.36 (KHTML, like Gecko) Chrome/34.0.1847.116 Safari/537.36"
62.109.30.103 - - [10/Mar/2019:07:32:05 +0200] "HEAD / HTTP/1.1" 301 242 "-" "Mozilla/5.0 (Windows NT 5.1) AppleWebKit/537.36 (KHTML, like Gecko) Chrome/34.0.1847.116 Safari/537.36"
172.81.118.189 - - [10/Mar/2019:07:45:08 +0200] "GET /cron/update_markets/05ad6bd653789a5d9e041ad171d565688b8c790f HTTP/1.1" 200 4084 "-" "Wget/1.14 (linux-gnu)"
66.249.69.189 - - [10/Mar/2019:07:53:12 +0200] "GET /robots.txt HTTP/1.1" 200 4015 "-" "Mozilla/5.0 (compatible; Googlebot/2.1; +http://www.google.com/bot.html)"
66.249.69.191 - - [10/Mar/2019:07:53:12 +0200] "GET /event/dundee-fc-hearts-549 HTTP/1.1" 200 109143 "-" "Mozilla/5.0 (Linux; Android 6.0.1; Nexus 5X Build/MMB29P) AppleWebKit/537.36 (KHTML, like Gecko) Chrome/41.0.2272.96 Mobile Safari/537.36 (compatible; Googlebot/2.1; +http://www.google.com/bot.html)"
172.81.118.189 - - [10/Mar/2019:08:00:16 +0200] "GET /cron/update_markets/05ad6bd653789a5d9e041ad171d565688b8c790f HTTP/1.1" 200 4084 "-" "Wget/1.14 (linux-gnu)"
172.81.118.189 - - [10/Mar/2019:08:15:12 +0200] "GET /cron/update_markets/05ad6bd653789a5d9e041ad171d565688b8c790f HTTP/1.1" 200 4084 "-" "Wget/1.14 (linux-gnu)"
172.81.118.189 - - [10/Mar/2019:08:17:02 +0200] "GET /cron/update_events/05ad6bd653789a5d9e041ad171d565688b8c790f HTTP/1.1" 200 4084 "-" "Wget/1.14 (linux-gnu)"
157.55.39.218 - - [10/Mar/2019:08:26:38 +0200] "GET /privacy HTTP/1.1" 200 109159 "-" "Mozilla/5.0 (compatible; bingbot/2.0; +http://www.bing.com/bingbot.htm)"
172.81.118.189 - - [10/Mar/2019:08:30:08 +0200] "GET /cron/update_markets/05ad6bd653789a5d9e041ad171d565688b8c790f HTTP/1.1" 200 4084 "-" "Wget/1.14 (linux-gnu)"
66.249.69.191 - - [10/Mar/2019:08:44:56 +0200] "GET /event/Eupen-Brugge-478 HTTP/1.1" 200 109112 "-" "Mozilla/5.0 (compatible; Googlebot/2.1; +http://www.google.com/bot.html)"
172.81.118.189 - - [10/Mar/2019:08:45:05 +0200] "GET /cron/update_markets/05ad6bd653789a5d9e041ad171d565688b8c790f HTTP/1.1" 200 4084 "-" "Wget/1.14 (linux-gnu)"
157.55.39.220 - - [10/Mar/2019:08:51:17 +0200] "GET /sitemap HTTP/1.1" 200 8368 "-" "Mozilla/5.0 (compatible; bingbot/2.0; +http://www.bing.com/bingbot.htm)"
172.81.118.189 - - [10/Mar/2019:09:00:18 +0200] "GET /cron/update_markets/05ad6bd653789a5d9e041ad171d565688b8c790f HTTP/1.1" 200 4084 "-" "Wget/1.14 (linux-gnu)"
172.81.118.189 - - [10/Mar/2019:09:15:05 +0200] "GET /cron/update_markets/05ad6bd653789a5d9e041ad171d565688b8c790f HTTP/1.1" 200 4084 "-" "Wget/1.14 (linux-gnu)"
172.81.118.189 - - [10/Mar/2019:09:17:02 +0200] "GET /cron/update_events/05ad6bd653789a5d9e041ad171d565688b8c790f HTTP/1.1" 200 4084 "-" "Wget/1.14 (linux-gnu)"
66.249.69.187 - - [10/Mar/2019:09:18:24 +0200] "GET /robots.txt HTTP/1.1" 200 4015 "-" "Mozilla/5.0 (compatible; Googlebot/2.1; +http://www.google.com/bot.html)"
66.249.69.189 - - [10/Mar/2019:09:18:25 +0200] "GET /event/kaa-gent-oostende-475 HTTP/1.1" 200 109131 "-" "Mozilla/5.0 (Linux; Android 6.0.1; Nexus 5X Build/MMB29P) AppleWebKit/537.36 (KHTML, like Gecko) Chrome/41.0.2272.96 Mobile Safari/537.36 (compatible; Googlebot/2.1; +http://www.google.com/bot.html)"
172.81.118.189 - - [10/Mar/2019:09:30:08 +0200] "GET /cron/update_markets/05ad6bd653789a5d9e041ad171d565688b8c790f HTTP/1.1" 200 4084 "-" "Wget/1.14 (linux-gnu)"
172.81.118.189 - - [10/Mar/2019:09:45:06 +0200] "GET /cron/update_markets/05ad6bd653789a5d9e041ad171d565688b8c790f HTTP/1.1" 200 4084 "-" "Wget/1.14 (linux-gnu)"
66.249.69.191 - - [10/Mar/2019:09:53:12 +0200] "GET /events/Romanian_Liga_1 HTTP/1.1" 200 108493 "-" "Mozilla/5.0 (compatible; Googlebot/2.1; +http://www.google.com/bot.html)"
172.81.118.189 - - [10/Mar/2019:10:00:14 +0200] "GET /cron/update_markets/05ad6bd653789a5d9e041ad171d565688b8c790f HTTP/1.1" 200 4084 "-" "Wget/1.14 (linux-gnu)"
172.81.118.189 - - [10/Mar/2019:10:15:07 +0200] "GET /cron/update_markets/05ad6bd653789a5d9e041ad171d565688b8c790f HTTP/1.1" 200 4084 "-" "Wget/1.14 (linux-gnu)"
172.81.118.189 - - [10/Mar/2019:10:17:02 +0200] "GET /cron/update_events/05ad6bd653789a5d9e041ad171d565688b8c790f HTTP/1.1" 200 4084 "-" "Wget/1.14 (linux-gnu)"
172.81.118.189 - - [10/Mar/2019:10:30:10 +0200] "GET /cron/update_markets/05ad6bd653789a5d9e041ad171d565688b8c790f HTTP/1.1" 200 4084 "-" "Wget/1.14 (linux-gnu)"
172.81.118.189 - - [10/Mar/2019:10:45:05 +0200] "GET /cron/update_markets/05ad6bd653789a5d9e041ad171d565688b8c790f HTTP/1.1" 200 4084 "-" "Wget/1.14 (linux-gnu)"
172.81.118.189 - - [10/Mar/2019:11:00:09 +0200] "GET /cron/update_markets/05ad6bd653789a5d9e041ad171d565688b8c790f HTTP/1.1" 200 4084 "-" "Wget/1.14 (linux-gnu)"
46.229.168.139 - - [10/Mar/2019:11:04:24 +0200] "GET /robots.txt HTTP/1.1" 200 3978 "-" "Mozilla/5.0 (compatible; SemrushBot/3~bl; +http://www.semrush.com/bot.html)"
46.229.168.145 - - [10/Mar/2019:11:04:24 +0200] "GET /events/Ecuador_Primera_A HTTP/1.1" 200 108453 "-" "Mozilla/5.0 (compatible; SemrushBot/3~bl; +http://www.semrush.com/bot.html)"
172.81.118.189 - - [10/Mar/2019:11:15:05 +0200] "GET /cron/update_markets/05ad6bd653789a5d9e041ad171d565688b8c790f HTTP/1.1" 200 4084 "-" "Wget/1.14 (linux-gnu)"
172.81.118.189 - - [10/Mar/2019:11:17:04 +0200] "GET /cron/update_events/05ad6bd653789a5d9e041ad171d565688b8c790f HTTP/1.1" 200 4084 "-" "Wget/1.14 (linux-gnu)"
172.81.118.189 - - [10/Mar/2019:11:30:09 +0200] "GET /cron/update_markets/05ad6bd653789a5d9e041ad171d565688b8c790f HTTP/1.1" 200 4084 "-" "Wget/1.14 (linux-gnu)"
172.81.118.189 - - [10/Mar/2019:11:45:07 +0200] "GET /cron/update_markets/05ad6bd653789a5d9e041ad171d565688b8c790f HTTP/1.1" 200 4084 "-" "Wget/1.14 (linux-gnu)"
40.77.167.85 - - [10/Mar/2019:11:45:51 +0200] "GET /terms HTTP/1.1" 200 109694 "-" "Mozilla/5.0 (compatible; bingbot/2.0; +http://www.bing.com/bingbot.htm)"
207.46.13.11 - - [10/Mar/2019:11:51:20 +0200] "GET /about HTTP/1.1" 200 108650 "-" "Mozilla/5.0 (compatible; bingbot/2.0; +http://www.bing.com/bingbot.htm)"
172.81.118.189 - - [10/Mar/2019:12:00:09 +0200] "GET /cron/update_markets/05ad6bd653789a5d9e041ad171d565688b8c790f HTTP/1.1" 200 4084 "-" "Wget/1.14 (linux-gnu)"
172.81.118.189 - - [10/Mar/2019:12:00:14 +0200] "GET /cron/update_all_markets/05ad6bd653789a5d9e041ad171d565688b8c790f HTTP/1.1" 200 4084 "-" "Wget/1.14 (linux-gnu)"
172.81.118.189 - - [10/Mar/2019:12:15:08 +0200] "GET /cron/update_markets/05ad6bd653789a5d9e041ad171d565688b8c790f HTTP/1.1" 200 4084 "-" "Wget/1.14 (linux-gnu)"
172.81.118.189 - - [10/Mar/2019:12:17:02 +0200] "GET /cron/update_events/05ad6bd653789a5d9e041ad171d565688b8c790f HTTP/1.1" 200 4084 "-" "Wget/1.14 (linux-gnu)"
172.81.118.189 - - [10/Mar/2019:12:30:09 +0200] "GET /cron/update_markets/05ad6bd653789a5d9e041ad171d565688b8c790f HTTP/1.1" 200 4084 "-" "Wget/1.14 (linux-gnu)"
66.249.69.189 - - [10/Mar/2019:12:37:12 +0200] "GET /robots.txt HTTP/1.1" 200 4015 "-" "Mozilla/5.0 (compatible; Googlebot/2.1; +http://www.google.com/bot.html)"
66.249.69.187 - - [10/Mar/2019:12:37:12 +0200] "GET /event/arka-gdynia-legia-420 HTTP/1.1" 200 109120 "-" "Mozilla/5.0 (Linux; Android 6.0.1; Nexus 5X Build/MMB29P) AppleWebKit/537.36 (KHTML, like Gecko) Chrome/41.0.2272.96 Mobile Safari/537.36 (compatible; Googlebot/2.1; +http://www.google.com/bot.html)"
172.81.118.189 - - [10/Mar/2019:12:45:06 +0200] "GET /cron/update_markets/05ad6bd653789a5d9e041ad171d565688b8c790f HTTP/1.1" 200 4084 "-" "Wget/1.14 (linux-gnu)"
216.244.66.238 - - [10/Mar/2019:13:00:05 +0200] "GET /robots.txt HTTP/1.1" 301 463 "-" "Mozilla/5.0 (compatible; DotBot/1.1; http://www.opensiteexplorer.org/dotbot, help@moz.com)"
216.244.66.238 - - [10/Mar/2019:13:00:06 +0200] "GET /robots.txt HTTP/1.1" 200 3794 "-" "Mozilla/5.0 (compatible; DotBot/1.1; http://www.opensiteexplorer.org/dotbot, help@moz.com)"
172.81.118.189 - - [10/Mar/2019:13:00:15 +0200] "GET /cron/update_markets/05ad6bd653789a5d9e041ad171d565688b8c790f HTTP/1.1" 200 4084 "-" "Wget/1.14 (linux-gnu)"
172.81.118.189 - - [10/Mar/2019:13:15:09 +0200] "GET /cron/update_markets/05ad6bd653789a5d9e041ad171d565688b8c790f HTTP/1.1" 200 4084 "-" "Wget/1.14 (linux-gnu)"
172.81.118.189 - - [10/Mar/2019:13:17:02 +0200] "GET /cron/update_events/05ad6bd653789a5d9e041ad171d565688b8c790f HTTP/1.1" 200 4084 "-" "Wget/1.14 (linux-gnu)"
172.81.118.189 - - [10/Mar/2019:13:30:09 +0200] "GET /cron/update_markets/05ad6bd653789a5d9e041ad171d565688b8c790f HTTP/1.1" 200 4084 "-" "Wget/1.14 (linux-gnu)"
172.81.118.189 - - [10/Mar/2019:13:45:06 +0200] "GET /cron/update_markets/05ad6bd653789a5d9e041ad171d565688b8c790f HTTP/1.1" 200 4084 "-" "Wget/1.14 (linux-gnu)"
66.249.69.189 - - [10/Mar/2019:13:54:20 +0200] "GET /robots.txt HTTP/1.1" 200 4015 "-" "Mozilla/5.0 (compatible; Googlebot/2.1; +http://www.google.com/bot.html)"
66.249.69.187 - - [10/Mar/2019:13:54:21 +0200] "GET /events/Botola_Pro HTTP/1.1" 200 108478 "-" "Mozilla/5.0 (compatible; Googlebot/2.1; +http://www.google.com/bot.html)"
172.81.118.189 - - [10/Mar/2019:14:00:14 +0200] "GET /cron/update_markets/05ad6bd653789a5d9e041ad171d565688b8c790f HTTP/1.1" 200 4084 "-" "Wget/1.14 (linux-gnu)"
66.249.69.173 - - [10/Mar/2019:14:02:23 +0200] "GET /event/sc-amiens-nimes-1470 HTTP/1.1" 200 109120 "-" "Mozilla/5.0 (Linux; Android 6.0.1; Nexus 5X Build/MMB29P) AppleWebKit/537.36 (KHTML, like Gecko) Chrome/41.0.2272.96 Mobile Safari/537.36 (compatible; Googlebot/2.1; +http://www.google.com/bot.html)"
172.81.118.189 - - [10/Mar/2019:14:15:09 +0200] "GET /cron/update_markets/05ad6bd653789a5d9e041ad171d565688b8c790f HTTP/1.1" 200 4084 "-" "Wget/1.14 (linux-gnu)"
172.81.118.189 - - [10/Mar/2019:14:17:07 +0200] "GET /cron/update_events/05ad6bd653789a5d9e041ad171d565688b8c790f HTTP/1.1" 200 4084 "-" "Wget/1.14 (linux-gnu)"
172.81.118.189 - - [10/Mar/2019:14:30:08 +0200] "GET /cron/update_markets/05ad6bd653789a5d9e041ad171d565688b8c790f HTTP/1.1" 200 4084 "-" "Wget/1.14 (linux-gnu)"
172.81.118.189 - - [10/Mar/2019:14:45:06 +0200] "GET /cron/update_markets/05ad6bd653789a5d9e041ad171d565688b8c790f HTTP/1.1" 200 4084 "-" "Wget/1.14 (linux-gnu)"
172.81.118.189 - - [10/Mar/2019:15:00:13 +0200] "GET /cron/update_markets/05ad6bd653789a5d9e041ad171d565688b8c790f HTTP/1.1" 200 4084 "-" "Wget/1.14 (linux-gnu)"
172.81.118.189 - - [10/Mar/2019:15:15:09 +0200] "GET /cron/update_markets/05ad6bd653789a5d9e041ad171d565688b8c790f HTTP/1.1" 200 4084 "-" "Wget/1.14 (linux-gnu)"
172.81.118.189 - - [10/Mar/2019:15:17:02 +0200] "GET /cron/update_events/05ad6bd653789a5d9e041ad171d565688b8c790f HTTP/1.1" 200 4084 "-" "Wget/1.14 (linux-gnu)"
172.81.118.189 - - [10/Mar/2019:15:30:06 +0200] "GET /cron/update_markets/05ad6bd653789a5d9e041ad171d565688b8c790f HTTP/1.1" 200 4084 "-" "Wget/1.14 (linux-gnu)"
66.249.69.187 - - [10/Mar/2019:15:37:04 +0200] "GET /robots.txt HTTP/1.1" 200 4015 "-" "Mozilla/5.0 (compatible; Googlebot/2.1; +http://www.google.com/bot.html)"
66.249.69.189 - - [10/Mar/2019:15:37:04 +0200] "GET /event/as-roma-empoli-fc-443 HTTP/1.1" 200 109125 "-" "Mozilla/5.0 (Linux; Android 6.0.1; Nexus 5X Build/MMB29P) AppleWebKit/537.36 (KHTML, like Gecko) Chrome/41.0.2272.96 Mobile Safari/537.36 (compatible; Googlebot/2.1; +http://www.google.com/bot.html)"
172.81.118.189 - - [10/Mar/2019:15:45:06 +0200] "GET /cron/update_markets/05ad6bd653789a5d9e041ad171d565688b8c790f HTTP/1.1" 200 4084 "-" "Wget/1.14 (linux-gnu)"
172.81.118.189 - - [10/Mar/2019:16:00:12 +0200] "GET /cron/update_markets/05ad6bd653789a5d9e041ad171d565688b8c790f HTTP/1.1" 200 4084 "-" "Wget/1.14 (linux-gnu)"
216.244.66.238 - - [10/Mar/2019:16:02:24 +0200] "GET /robots.txt HTTP/1.1" 301 463 "-" "Mozilla/5.0 (compatible; DotBot/1.1; http://www.opensiteexplorer.org/dotbot, help@moz.com)"
216.244.66.238 - - [10/Mar/2019:16:02:25 +0200] "GET /robots.txt HTTP/1.1" 200 3794 "-" "Mozilla/5.0 (compatible; DotBot/1.1; http://www.opensiteexplorer.org/dotbot, help@moz.com)"
172.81.118.189 - - [10/Mar/2019:16:15:07 +0200] "GET /cron/update_markets/05ad6bd653789a5d9e041ad171d565688b8c790f HTTP/1.1" 200 4084 "-" "Wget/1.14 (linux-gnu)"
172.81.118.189 - - [10/Mar/2019:16:17:03 +0200] "GET /cron/update_events/05ad6bd653789a5d9e041ad171d565688b8c790f HTTP/1.1" 200 4084 "-" "Wget/1.14 (linux-gnu)"
190.11.11.86 - - [10/Mar/2019:16:24:08 +0200] "GET /bookmakers/reviews/mercurybet HTTP/1.1" 200 109402 "https://sl.oddscracker.com/" "Mozilla/5.0 (Macintosh; Intel Mac OS X 10_12_3) AppleWebKit/537.36 (KHTML, like Gecko) Chrome/66.0.3359.139 Safari/537.36"
172.81.118.189 - - [10/Mar/2019:16:30:11 +0200] "GET /cron/update_markets/05ad6bd653789a5d9e041ad171d565688b8c790f HTTP/1.1" 200 4084 "-" "Wget/1.14 (linux-gnu)"
172.81.118.189 - - [10/Mar/2019:16:45:08 +0200] "GET /cron/update_markets/05ad6bd653789a5d9e041ad171d565688b8c790f HTTP/1.1" 200 4084 "-" "Wget/1.14 (linux-gnu)"
172.81.118.189 - - [10/Mar/2019:17:00:13 +0200] "GET /cron/update_markets/05ad6bd653789a5d9e041ad171d565688b8c790f HTTP/1.1" 200 4084 "-" "Wget/1.14 (linux-gnu)"
172.81.118.189 - - [10/Mar/2019:17:15:07 +0200] "GET /cron/update_markets/05ad6bd653789a5d9e041ad171d565688b8c790f HTTP/1.1" 200 4084 "-" "Wget/1.14 (linux-gnu)"
172.81.118.189 - - [10/Mar/2019:17:17:03 +0200] "GET /cron/update_events/05ad6bd653789a5d9e041ad171d565688b8c790f HTTP/1.1" 200 4084 "-" "Wget/1.14 (linux-gnu)"
172.81.118.189 - - [10/Mar/2019:17:30:14 +0200] "GET /cron/update_markets/05ad6bd653789a5d9e041ad171d565688b8c790f HTTP/1.1" 200 4084 "-" "Wget/1.14 (linux-gnu)"
172.81.118.189 - - [10/Mar/2019:17:45:06 +0200] "GET /cron/update_markets/05ad6bd653789a5d9e041ad171d565688b8c790f HTTP/1.1" 200 4084 "-" "Wget/1.14 (linux-gnu)"
172.81.118.189 - - [10/Mar/2019:18:00:13 +0200] "GET /cron/update_markets/05ad6bd653789a5d9e041ad171d565688b8c790f HTTP/1.1" 200 4084 "-" "Wget/1.14 (linux-gnu)"
172.81.118.189 - - [10/Mar/2019:18:00:15 +0200] "GET /cron/update_all_markets/05ad6bd653789a5d9e041ad171d565688b8c790f HTTP/1.1" 200 4084 "-" "Wget/1.14 (linux-gnu)"
207.46.13.11 - - [10/Mar/2019:18:02:19 +0200] "GET /about HTTP/1.1" 200 108644 "-" "Mozilla/5.0 (compatible; bingbot/2.0; +http://www.bing.com/bingbot.htm)"
157.55.39.218 - - [10/Mar/2019:18:08:38 +0200] "GET /contact HTTP/1.1" 200 108705 "-" "Mozilla/5.0 (compatible; bingbot/2.0; +http://www.bing.com/bingbot.htm)"
172.81.118.189 - - [10/Mar/2019:18:15:07 +0200] "GET /cron/update_markets/05ad6bd653789a5d9e041ad171d565688b8c790f HTTP/1.1" 200 4084 "-" "Wget/1.14 (linux-gnu)"
172.81.118.189 - - [10/Mar/2019:18:17:03 +0200] "GET /cron/update_events/05ad6bd653789a5d9e041ad171d565688b8c790f HTTP/1.1" 200 4084 "-" "Wget/1.14 (linux-gnu)"
213.180.203.4 - - [10/Mar/2019:18:28:16 +0200] "GET /robots.txt HTTP/1.1" 200 4045 "-" "Mozilla/5.0 (compatible; YandexBot/3.0; +http://yandex.com/bots)"
213.180.203.4 - - [10/Mar/2019:18:28:20 +0200] "GET /sitemap HTTP/1.1" 200 5259 "-" "Mozilla/5.0 (compatible; YandexBot/3.0; +http://yandex.com/bots)"
172.81.118.189 - - [10/Mar/2019:18:30:10 +0200] "GET /cron/update_markets/05ad6bd653789a5d9e041ad171d565688b8c790f HTTP/1.1" 200 4084 "-" "Wget/1.14 (linux-gnu)"
172.81.118.189 - - [10/Mar/2019:18:45:10 +0200] "GET /cron/update_markets/05ad6bd653789a5d9e041ad171d565688b8c790f HTTP/1.1" 200 4084 "-" "Wget/1.14 (linux-gnu)"
172.81.118.189 - - [10/Mar/2019:19:00:12 +0200] "GET /cron/update_markets/05ad6bd653789a5d9e041ad171d565688b8c790f HTTP/1.1" 200 4084 "-" "Wget/1.14 (linux-gnu)"
66.249.79.254 - - [10/Mar/2019:19:05:20 +0200] "GET /robots.txt HTTP/1.1" 200 4015 "-" "Mozilla/5.0 (compatible; Googlebot/2.1; +http://www.google.com/bot.html)"
66.249.79.254 - - [10/Mar/2019:19:05:20 +0200] "GET /event/fc-thun-fc-zurich-1405 HTTP/1.1" 200 105728 "-" "Mozilla/5.0 (Linux; Android 6.0.1; Nexus 5X Build/MMB29P) AppleWebKit/537.36 (KHTML, like Gecko) Chrome/41.0.2272.96 Mobile Safari/537.36 (compatible; Googlebot/2.1; +http://www.google.com/bot.html)"
172.81.118.189 - - [10/Mar/2019:19:15:10 +0200] "GET /cron/update_markets/05ad6bd653789a5d9e041ad171d565688b8c790f HTTP/1.1" 200 4084 "-" "Wget/1.14 (linux-gnu)"
172.81.118.189 - - [10/Mar/2019:19:17:02 +0200] "GET /cron/update_events/05ad6bd653789a5d9e041ad171d565688b8c790f HTTP/1.1" 200 4084 "-" "Wget/1.14 (linux-gnu)"
172.81.118.189 - - [10/Mar/2019:19:30:10 +0200] "GET /cron/update_markets/05ad6bd653789a5d9e041ad171d565688b8c790f HTTP/1.1" 200 4084 "-" "Wget/1.14 (linux-gnu)"
66.249.79.240 - - [10/Mar/2019:19:33:44 +0200] "GET /event/colon-racing-club-1460 HTTP/1.1" 200 109175 "-" "Mozilla/5.0 (Linux; Android 6.0.1; Nexus 5X Build/MMB29P) AppleWebKit/537.36 (KHTML, like Gecko) Chrome/41.0.2272.96 Mobile Safari/537.36 (compatible; Googlebot/2.1; +http://www.google.com/bot.html)"
172.81.118.189 - - [10/Mar/2019:19:45:07 +0200] "GET /cron/update_markets/05ad6bd653789a5d9e041ad171d565688b8c790f HTTP/1.1" 200 4084 "-" "Wget/1.14 (linux-gnu)"
172.81.118.189 - - [10/Mar/2019:20:00:14 +0200] "GET /cron/update_markets/05ad6bd653789a5d9e041ad171d565688b8c790f HTTP/1.1" 200 4084 "-" "Wget/1.14 (linux-gnu)"
172.81.118.189 - - [10/Mar/2019:20:15:09 +0200] "GET /cron/update_markets/05ad6bd653789a5d9e041ad171d565688b8c790f HTTP/1.1" 200 4084 "-" "Wget/1.14 (linux-gnu)"
172.81.118.189 - - [10/Mar/2019:20:17:03 +0200] "GET /cron/update_events/05ad6bd653789a5d9e041ad171d565688b8c790f HTTP/1.1" 200 4084 "-" "Wget/1.14 (linux-gnu)"
172.81.118.189 - - [10/Mar/2019:20:30:09 +0200] "GET /cron/update_markets/05ad6bd653789a5d9e041ad171d565688b8c790f HTTP/1.1" 200 4084 "-" "Wget/1.14 (linux-gnu)"
172.81.118.189 - - [10/Mar/2019:20:45:08 +0200] "GET /cron/update_markets/05ad6bd653789a5d9e041ad171d565688b8c790f HTTP/1.1" 200 4084 "-" "Wget/1.14 (linux-gnu)"
66.249.79.254 - - [10/Mar/2019:20:59:05 +0200] "GET /robots.txt HTTP/1.1" 200 4015 "-" "Mozilla/5.0 (compatible; Googlebot/2.1; +http://www.google.com/bot.html)"
66.249.79.250 - - [10/Mar/2019:20:59:06 +0200] "GET /event/goztepe-kasimpasa-1408 HTTP/1.1" 200 109161 "-" "Mozilla/5.0 (Linux; Android 6.0.1; Nexus 5X Build/MMB29P) AppleWebKit/537.36 (KHTML, like Gecko) Chrome/41.0.2272.96 Mobile Safari/537.36 (compatible; Googlebot/2.1; +http://www.google.com/bot.html)"
172.81.118.189 - - [10/Mar/2019:21:00:15 +0200] "GET /cron/update_markets/05ad6bd653789a5d9e041ad171d565688b8c790f HTTP/1.1" 200 4084 "-" "Wget/1.14 (linux-gnu)"
172.81.118.189 - - [10/Mar/2019:21:15:07 +0200] "GET /cron/update_markets/05ad6bd653789a5d9e041ad171d565688b8c790f HTTP/1.1" 200 4084 "-" "Wget/1.14 (linux-gnu)"
172.81.118.189 - - [10/Mar/2019:21:17:03 +0200] "GET /cron/update_events/05ad6bd653789a5d9e041ad171d565688b8c790f HTTP/1.1" 200 4084 "-" "Wget/1.14 (linux-gnu)"
172.81.118.189 - - [10/Mar/2019:21:30:11 +0200] "GET /cron/update_markets/05ad6bd653789a5d9e041ad171d565688b8c790f HTTP/1.1" 200 4084 "-" "Wget/1.14 (linux-gnu)"
66.249.79.252 - - [10/Mar/2019:21:36:48 +0200] "GET /event/vvv-venlo-excelsior-466 HTTP/1.1" 200 109180 "-" "Mozilla/5.0 (Linux; Android 6.0.1; Nexus 5X Build/MMB29P) AppleWebKit/537.36 (KHTML, like Gecko) Chrome/41.0.2272.96 Mobile Safari/537.36 (compatible; Googlebot/2.1; +http://www.google.com/bot.html)"
172.81.118.189 - - [10/Mar/2019:21:45:05 +0200] "GET /cron/update_markets/05ad6bd653789a5d9e041ad171d565688b8c790f HTTP/1.1" 200 4084 "-" "Wget/1.14 (linux-gnu)"
66.249.79.250 - - [10/Mar/2019:21:46:16 +0200] "GET /event/frosinone-fc-torino-440 HTTP/1.1" 200 109163 "-" "Mozilla/5.0 (Linux; Android 6.0.1; Nexus 5X Build/MMB29P) AppleWebKit/537.36 (KHTML, like Gecko) Chrome/41.0.2272.96 Mobile Safari/537.36 (compatible; Googlebot/2.1; +http://www.google.com/bot.html)"
172.81.118.189 - - [10/Mar/2019:22:00:15 +0200] "GET /cron/update_markets/05ad6bd653789a5d9e041ad171d565688b8c790f HTTP/1.1" 200 4084 "-" "Wget/1.14 (linux-gnu)"
172.81.118.189 - - [10/Mar/2019:22:15:06 +0200] "GET /cron/update_markets/05ad6bd653789a5d9e041ad171d565688b8c790f HTTP/1.1" 200 4084 "-" "Wget/1.14 (linux-gnu)"
172.81.118.189 - - [10/Mar/2019:22:17:03 +0200] "GET /cron/update_events/05ad6bd653789a5d9e041ad171d565688b8c790f HTTP/1.1" 200 4084 "-" "Wget/1.14 (linux-gnu)"
66.249.79.254 - - [10/Mar/2019:22:24:08 +0200] "GET /robots.txt HTTP/1.1" 200 4015 "-" "Mozilla/5.0 (compatible; Googlebot/2.1; +http://www.google.com/bot.html)"
66.249.79.254 - - [10/Mar/2019:22:24:08 +0200] "GET /event/motherwell-hamilton-551 HTTP/1.1" 200 105713 "-" "Mozilla/5.0 (Linux; Android 6.0.1; Nexus 5X Build/MMB29P) AppleWebKit/537.36 (KHTML, like Gecko) Chrome/41.0.2272.96 Mobile Safari/537.36 (compatible; Googlebot/2.1; +http://www.google.com/bot.html)"
172.81.118.189 - - [10/Mar/2019:22:30:17 +0200] "GET /cron/update_markets/05ad6bd653789a5d9e041ad171d565688b8c790f HTTP/1.1" 200 4084 "-" "Wget/1.14 (linux-gnu)"
172.81.118.189 - - [10/Mar/2019:22:45:08 +0200] "GET /cron/update_markets/05ad6bd653789a5d9e041ad171d565688b8c790f HTTP/1.1" 200 4084 "-" "Wget/1.14 (linux-gnu)"
172.81.118.189 - - [10/Mar/2019:23:00:12 +0200] "GET /cron/update_markets/05ad6bd653789a5d9e041ad171d565688b8c790f HTTP/1.1" 200 4084 "-" "Wget/1.14 (linux-gnu)"
172.81.118.189 - - [10/Mar/2019:23:15:09 +0200] "GET /cron/update_markets/05ad6bd653789a5d9e041ad171d565688b8c790f HTTP/1.1" 200 4084 "-" "Wget/1.14 (linux-gnu)"
172.81.118.189 - - [10/Mar/2019:23:17:03 +0200] "GET /cron/update_events/05ad6bd653789a5d9e041ad171d565688b8c790f HTTP/1.1" 200 4084 "-" "Wget/1.14 (linux-gnu)"
172.81.118.189 - - [10/Mar/2019:23:30:09 +0200] "GET /cron/update_markets/05ad6bd653789a5d9e041ad171d565688b8c790f HTTP/1.1" 200 4084 "-" "Wget/1.14 (linux-gnu)"
66.249.79.250 - - [10/Mar/2019:23:30:24 +0200] "GET /robots.txt HTTP/1.1" 200 4015 "-" "Mozilla/5.0 (compatible; Googlebot/2.1; +http://www.google.com/bot.html)"
66.249.79.252 - - [10/Mar/2019:23:30:24 +0200] "GET /event/anderlecht-kortrijk-474 HTTP/1.1" 200 108680 "-" "Mozilla/5.0 (Linux; Android 6.0.1; Nexus 5X Build/MMB29P) AppleWebKit/537.36 (KHTML, like Gecko) Chrome/41.0.2272.96 Mobile Safari/537.36 (compatible; Googlebot/2.1; +http://www.google.com/bot.html)"
172.81.118.189 - - [10/Mar/2019:23:45:06 +0200] "GET /cron/update_markets/05ad6bd653789a5d9e041ad171d565688b8c790f HTTP/1.1" 200 4084 "-" "Wget/1.14 (linux-gnu)"
172.81.118.189 - - [11/Mar/2019:00:00:15 +0200] "GET /cron/update_markets/05ad6bd653789a5d9e041ad171d565688b8c790f HTTP/1.1" 200 4084 "-" "Wget/1.14 (linux-gnu)"
172.81.118.189 - - [11/Mar/2019:00:00:15 +0200] "GET /cron/update_all_markets/05ad6bd653789a5d9e041ad171d565688b8c790f HTTP/1.1" 200 4084 "-" "Wget/1.14 (linux-gnu)"
172.81.118.189 - - [11/Mar/2019:00:15:07 +0200] "GET /cron/update_markets/05ad6bd653789a5d9e041ad171d565688b8c790f HTTP/1.1" 200 4084 "-" "Wget/1.14 (linux-gnu)"
172.81.118.189 - - [11/Mar/2019:00:17:02 +0200] "GET /cron/update_events/05ad6bd653789a5d9e041ad171d565688b8c790f HTTP/1.1" 200 4084 "-" "Wget/1.14 (linux-gnu)"
172.81.118.189 - - [11/Mar/2019:00:30:07 +0200] "GET /cron/update_markets/05ad6bd653789a5d9e041ad171d565688b8c790f HTTP/1.1" 200 4084 "-" "Wget/1.14 (linux-gnu)"
172.81.118.189 - - [11/Mar/2019:00:45:04 +0200] "GET /cron/update_markets/05ad6bd653789a5d9e041ad171d565688b8c790f HTTP/1.1" 200 4084 "-" "Wget/1.14 (linux-gnu)"
66.249.79.252 - - [11/Mar/2019:00:46:08 +0200] "GET /robots.txt HTTP/1.1" 200 4015 "-" "Mozilla/5.0 (compatible; Googlebot/2.1; +http://www.google.com/bot.html)"
66.249.79.254 - - [11/Mar/2019:00:46:08 +0200] "GET /event/korona-kielce-wisla-419 HTTP/1.1" 200 108683 "-" "Mozilla/5.0 (Linux; Android 6.0.1; Nexus 5X Build/MMB29P) AppleWebKit/537.36 (KHTML, like Gecko) Chrome/41.0.2272.96 Mobile Safari/537.36 (compatible; Googlebot/2.1; +http://www.google.com/bot.html)"
172.81.118.189 - - [11/Mar/2019:01:00:09 +0200] "GET /cron/update_markets/05ad6bd653789a5d9e041ad171d565688b8c790f HTTP/1.1" 200 4084 "-" "Wget/1.14 (linux-gnu)"
172.81.118.189 - - [11/Mar/2019:01:15:09 +0200] "GET /cron/update_markets/05ad6bd653789a5d9e041ad171d565688b8c790f HTTP/1.1" 200 4084 "-" "Wget/1.14 (linux-gnu)"
172.81.118.189 - - [11/Mar/2019:01:17:04 +0200] "GET /cron/update_events/05ad6bd653789a5d9e041ad171d565688b8c790f HTTP/1.1" 200 4084 "-" "Wget/1.14 (linux-gnu)"
172.81.118.189 - - [11/Mar/2019:01:30:16 +0200] "GET /cron/update_markets/05ad6bd653789a5d9e041ad171d565688b8c790f HTTP/1.1" 200 4084 "-" "Wget/1.14 (linux-gnu)"
172.81.118.189 - - [11/Mar/2019:01:45:06 +0200] "GET /cron/update_markets/05ad6bd653789a5d9e041ad171d565688b8c790f HTTP/1.1" 200 4084 "-" "Wget/1.14 (linux-gnu)"
172.81.118.189 - - [11/Mar/2019:02:00:14 +0200] "GET /cron/update_markets/05ad6bd653789a5d9e041ad171d565688b8c790f HTTP/1.1" 200 4084 "-" "Wget/1.14 (linux-gnu)"
172.81.118.189 - - [11/Mar/2019:02:15:07 +0200] "GET /cron/update_markets/05ad6bd653789a5d9e041ad171d565688b8c790f HTTP/1.1" 200 4084 "-" "Wget/1.14 (linux-gnu)"
172.81.118.189 - - [11/Mar/2019:02:17:02 +0200] "GET /cron/update_events/05ad6bd653789a5d9e041ad171d565688b8c790f HTTP/1.1" 200 4084 "-" "Wget/1.14 (linux-gnu)"
172.81.118.189 - - [11/Mar/2019:02:30:07 +0200] "GET /cron/update_markets/05ad6bd653789a5d9e041ad171d565688b8c790f HTTP/1.1" 200 4084 "-" "Wget/1.14 (linux-gnu)"
172.81.118.189 - - [11/Mar/2019:02:45:04 +0200] "GET /cron/update_markets/05ad6bd653789a5d9e041ad171d565688b8c790f HTTP/1.1" 200 4084 "-" "Wget/1.14 (linux-gnu)"
172.81.118.189 - - [11/Mar/2019:03:00:09 +0200] "GET /cron/update_markets/05ad6bd653789a5d9e041ad171d565688b8c790f HTTP/1.1" 200 4084 "-" "Wget/1.14 (linux-gnu)"
172.81.118.189 - - [11/Mar/2019:03:15:07 +0200] "GET /cron/update_markets/05ad6bd653789a5d9e041ad171d565688b8c790f HTTP/1.1" 200 4084 "-" "Wget/1.14 (linux-gnu)"
172.81.118.189 - - [11/Mar/2019:03:17:02 +0200] "GET /cron/update_events/05ad6bd653789a5d9e041ad171d565688b8c790f HTTP/1.1" 200 4084 "-" "Wget/1.14 (linux-gnu)"
172.81.118.189 - - [11/Mar/2019:03:30:07 +0200] "GET /cron/update_markets/05ad6bd653789a5d9e041ad171d565688b8c790f HTTP/1.1" 200 4084 "-" "Wget/1.14 (linux-gnu)"
172.81.118.189 - - [11/Mar/2019:03:45:06 +0200] "GET /cron/update_markets/05ad6bd653789a5d9e041ad171d565688b8c790f HTTP/1.1" 200 4084 "-" "Wget/1.14 (linux-gnu)"
172.81.118.189 - - [11/Mar/2019:04:00:07 +0200] "GET /cron/update_markets/05ad6bd653789a5d9e041ad171d565688b8c790f HTTP/1.1" 200 4084 "-" "Wget/1.14 (linux-gnu)"
172.81.118.189 - - [11/Mar/2019:04:15:06 +0200] "GET /cron/update_markets/05ad6bd653789a5d9e041ad171d565688b8c790f HTTP/1.1" 200 4084 "-" "Wget/1.14 (linux-gnu)"
172.81.118.189 - - [11/Mar/2019:04:17:03 +0200] "GET /cron/update_events/05ad6bd653789a5d9e041ad171d565688b8c790f HTTP/1.1" 200 4084 "-" "Wget/1.14 (linux-gnu)"
172.81.118.189 - - [11/Mar/2019:04:30:08 +0200] "GET /cron/update_markets/05ad6bd653789a5d9e041ad171d565688b8c790f HTTP/1.1" 200 4084 "-" "Wget/1.14 (linux-gnu)"
46.229.168.147 - - [11/Mar/2019:04:34:02 +0200] "GET /robots.txt HTTP/1.1" 200 3978 "-" "Mozilla/5.0 (compatible; SemrushBot/3~bl; +http://www.semrush.com/bot.html)"
46.229.168.150 - - [11/Mar/2019:04:34:03 +0200] "GET /events/League_One HTTP/1.1" 200 109217 "-" "Mozilla/5.0 (compatible; SemrushBot/3~bl; +http://www.semrush.com/bot.html)"
172.81.118.189 - - [11/Mar/2019:04:45:06 +0200] "GET /cron/update_markets/05ad6bd653789a5d9e041ad171d565688b8c790f HTTP/1.1" 200 4084 "-" "Wget/1.14 (linux-gnu)"
172.81.118.189 - - [11/Mar/2019:05:00:10 +0200] "GET /cron/update_markets/05ad6bd653789a5d9e041ad171d565688b8c790f HTTP/1.1" 200 4084 "-" "Wget/1.14 (linux-gnu)"
172.81.118.189 - - [11/Mar/2019:05:15:06 +0200] "GET /cron/update_markets/05ad6bd653789a5d9e041ad171d565688b8c790f HTTP/1.1" 200 4084 "-" "Wget/1.14 (linux-gnu)"
172.81.118.189 - - [11/Mar/2019:05:17:02 +0200] "GET /cron/update_events/05ad6bd653789a5d9e041ad171d565688b8c790f HTTP/1.1" 200 4084 "-" "Wget/1.14 (linux-gnu)"
172.81.118.189 - - [11/Mar/2019:05:30:11 +0200] "GET /cron/update_markets/05ad6bd653789a5d9e041ad171d565688b8c790f HTTP/1.1" 200 4084 "-" "Wget/1.14 (linux-gnu)"
216.244.66.238 - - [11/Mar/2019:05:41:01 +0200] "GET /robots.txt HTTP/1.1" 301 463 "-" "Mozilla/5.0 (compatible; DotBot/1.1; http://www.opensiteexplorer.org/dotbot, help@moz.com)"
216.244.66.238 - - [11/Mar/2019:05:41:02 +0200] "GET /robots.txt HTTP/1.1" 200 3794 "-" "Mozilla/5.0 (compatible; DotBot/1.1; http://www.opensiteexplorer.org/dotbot, help@moz.com)"
172.81.118.189 - - [11/Mar/2019:05:45:07 +0200] "GET /cron/update_markets/05ad6bd653789a5d9e041ad171d565688b8c790f HTTP/1.1" 200 4084 "-" "Wget/1.14 (linux-gnu)"
66.249.79.252 - - [11/Mar/2019:05:46:33 +0200] "GET /robots.txt HTTP/1.1" 200 4015 "-" "Mozilla/5.0 (compatible; Googlebot/2.1; +http://www.google.com/bot.html)"
66.249.79.252 - - [11/Mar/2019:05:46:33 +0200] "GET / HTTP/1.1" 200 106946 "-" "Mozilla/5.0 (compatible; Googlebot/2.1; +http://www.google.com/bot.html)"
66.249.79.252 - - [11/Mar/2019:05:46:40 +0200] "GET /favicon.ico HTTP/1.1" 404 4828 "-" "Googlebot-Image/1.0"
172.81.118.189 - - [11/Mar/2019:06:00:13 +0200] "GET /cron/update_markets/05ad6bd653789a5d9e041ad171d565688b8c790f HTTP/1.1" 200 4084 "-" "Wget/1.14 (linux-gnu)"
172.81.118.189 - - [11/Mar/2019:06:00:14 +0200] "GET /cron/update_all_markets/05ad6bd653789a5d9e041ad171d565688b8c790f HTTP/1.1" 200 4084 "-" "Wget/1.14 (linux-gnu)"
172.81.118.189 - - [11/Mar/2019:06:15:08 +0200] "GET /cron/update_markets/05ad6bd653789a5d9e041ad171d565688b8c790f HTTP/1.1" 200 4084 "-" "Wget/1.14 (linux-gnu)"
172.81.118.189 - - [11/Mar/2019:06:17:02 +0200] "GET /cron/update_events/05ad6bd653789a5d9e041ad171d565688b8c790f HTTP/1.1" 200 4084 "-" "Wget/1.14 (linux-gnu)"
216.244.66.238 - - [11/Mar/2019:06:26:51 +0200] "GET /robots.txt HTTP/1.1" 301 463 "-" "Mozilla/5.0 (compatible; DotBot/1.1; http://www.opensiteexplorer.org/dotbot, help@moz.com)"
216.244.66.238 - - [11/Mar/2019:06:26:52 +0200] "GET /robots.txt HTTP/1.1" 200 3794 "-" "Mozilla/5.0 (compatible; DotBot/1.1; http://www.opensiteexplorer.org/dotbot, help@moz.com)"
172.81.118.189 - - [11/Mar/2019:06:30:09 +0200] "GET /cron/update_markets/05ad6bd653789a5d9e041ad171d565688b8c790f HTTP/1.1" 200 4084 "-" "Wget/1.14 (linux-gnu)"
172.81.118.189 - - [11/Mar/2019:06:45:07 +0200] "GET /cron/update_markets/05ad6bd653789a5d9e041ad171d565688b8c790f HTTP/1.1" 200 4084 "-" "Wget/1.14 (linux-gnu)"
66.249.79.252 - - [11/Mar/2019:06:55:20 +0200] "GET /robots.txt HTTP/1.1" 200 4015 "-" "Mozilla/5.0 (compatible; Googlebot/2.1; +http://www.google.com/bot.html)"
66.249.79.254 - - [11/Mar/2019:06:55:20 +0200] "GET /event/lechia-gdansk-wisla-423 HTTP/1.1" 200 108687 "-" "Mozilla/5.0 (Linux; Android 6.0.1; Nexus 5X Build/MMB29P) AppleWebKit/537.36 (KHTML, like Gecko) Chrome/41.0.2272.96 Mobile Safari/537.36 (compatible; Googlebot/2.1; +http://www.google.com/bot.html)"
172.81.118.189 - - [11/Mar/2019:07:00:12 +0200] "GET /cron/update_markets/05ad6bd653789a5d9e041ad171d565688b8c790f HTTP/1.1" 200 4084 "-" "Wget/1.14 (linux-gnu)"
216.244.66.238 - - [11/Mar/2019:07:12:23 +0200] "GET /robots.txt HTTP/1.1" 301 463 "-" "Mozilla/5.0 (compatible; DotBot/1.1; http://www.opensiteexplorer.org/dotbot, help@moz.com)"
216.244.66.238 - - [11/Mar/2019:07:12:24 +0200] "GET /robots.txt HTTP/1.1" 200 3794 "-" "Mozilla/5.0 (compatible; DotBot/1.1; http://www.opensiteexplorer.org/dotbot, help@moz.com)"
172.81.118.189 - - [11/Mar/2019:07:15:13 +0200] "GET /cron/update_markets/05ad6bd653789a5d9e041ad171d565688b8c790f HTTP/1.1" 200 4084 "-" "Wget/1.14 (linux-gnu)"
172.81.118.189 - - [11/Mar/2019:07:17:02 +0200] "GET /cron/update_events/05ad6bd653789a5d9e041ad171d565688b8c790f HTTP/1.1" 200 4084 "-" "Wget/1.14 (linux-gnu)"
172.81.118.189 - - [11/Mar/2019:07:30:16 +0200] "GET /cron/update_markets/05ad6bd653789a5d9e041ad171d565688b8c790f HTTP/1.1" 200 4084 "-" "Wget/1.14 (linux-gnu)"
172.81.118.189 - - [11/Mar/2019:07:45:07 +0200] "GET /cron/update_markets/05ad6bd653789a5d9e041ad171d565688b8c790f HTTP/1.1" 200 4084 "-" "Wget/1.14 (linux-gnu)"
172.81.118.189 - - [11/Mar/2019:08:00:15 +0200] "GET /cron/update_markets/05ad6bd653789a5d9e041ad171d565688b8c790f HTTP/1.1" 200 4084 "-" "Wget/1.14 (linux-gnu)"
66.249.79.250 - - [11/Mar/2019:08:01:36 +0200] "GET /robots.txt HTTP/1.1" 200 4015 "-" "Mozilla/5.0 (compatible; Googlebot/2.1; +http://www.google.com/bot.html)"
66.249.79.254 - - [11/Mar/2019:08:01:36 +0200] "GET /event/plymouth-luton-town-1320 HTTP/1.1" 200 108688 "-" "Mozilla/5.0 (Linux; Android 6.0.1; Nexus 5X Build/MMB29P) AppleWebKit/537.36 (KHTML, like Gecko) Chrome/41.0.2272.96 Mobile Safari/537.36 (compatible; Googlebot/2.1; +http://www.google.com/bot.html)"
172.81.118.189 - - [11/Mar/2019:08:15:07 +0200] "GET /cron/update_markets/05ad6bd653789a5d9e041ad171d565688b8c790f HTTP/1.1" 200 4084 "-" "Wget/1.14 (linux-gnu)"
172.81.118.189 - - [11/Mar/2019:08:17:02 +0200] "GET /cron/update_events/05ad6bd653789a5d9e041ad171d565688b8c790f HTTP/1.1" 200 4084 "-" "Wget/1.14 (linux-gnu)"
172.81.118.189 - - [11/Mar/2019:08:30:10 +0200] "GET /cron/update_markets/05ad6bd653789a5d9e041ad171d565688b8c790f HTTP/1.1" 200 4084 "-" "Wget/1.14 (linux-gnu)"
172.81.118.189 - - [11/Mar/2019:08:45:07 +0200] "GET /cron/update_markets/05ad6bd653789a5d9e041ad171d565688b8c790f HTTP/1.1" 200 4084 "-" "Wget/1.14 (linux-gnu)"
172.81.118.189 - - [11/Mar/2019:09:00:10 +0200] "GET /cron/update_markets/05ad6bd653789a5d9e041ad171d565688b8c790f HTTP/1.1" 200 4084 "-" "Wget/1.14 (linux-gnu)"
172.81.118.189 - - [11/Mar/2019:09:15:07 +0200] "GET /cron/update_markets/05ad6bd653789a5d9e041ad171d565688b8c790f HTTP/1.1" 200 4084 "-" "Wget/1.14 (linux-gnu)"
172.81.118.189 - - [11/Mar/2019:09:17:02 +0200] "GET /cron/update_events/05ad6bd653789a5d9e041ad171d565688b8c790f HTTP/1.1" 200 4084 "-" "Wget/1.14 (linux-gnu)"
66.249.79.250 - - [11/Mar/2019:09:23:19 +0200] "GET /robots.txt HTTP/1.1" 200 4015 "-" "Mozilla/5.0 (compatible; Googlebot/2.1; +http://www.google.com/bot.html)"
66.249.79.254 - - [11/Mar/2019:09:23:20 +0200] "GET /favicon.ico HTTP/1.1" 404 4828 "-" "Googlebot-Image/1.0"
172.81.118.189 - - [11/Mar/2019:09:30:09 +0200] "GET /cron/update_markets/05ad6bd653789a5d9e041ad171d565688b8c790f HTTP/1.1" 200 4084 "-" "Wget/1.14 (linux-gnu)"
172.81.118.189 - - [11/Mar/2019:09:45:08 +0200] "GET /cron/update_markets/05ad6bd653789a5d9e041ad171d565688b8c790f HTTP/1.1" 200 4084 "-" "Wget/1.14 (linux-gnu)"
172.81.118.189 - - [11/Mar/2019:10:00:13 +0200] "GET /cron/update_markets/05ad6bd653789a5d9e041ad171d565688b8c790f HTTP/1.1" 200 4084 "-" "Wget/1.14 (linux-gnu)"
172.81.118.189 - - [11/Mar/2019:10:15:09 +0200] "GET /cron/update_markets/05ad6bd653789a5d9e041ad171d565688b8c790f HTTP/1.1" 200 4084 "-" "Wget/1.14 (linux-gnu)"
172.81.118.189 - - [11/Mar/2019:10:17:02 +0200] "GET /cron/update_events/05ad6bd653789a5d9e041ad171d565688b8c790f HTTP/1.1" 200 4084 "-" "Wget/1.14 (linux-gnu)"
180.250.8.74 - - [11/Mar/2019:10:18:13 +0200] "GET /bookmakers/reviews/mercurybet HTTP/1.0" 200 108130 "https://sl.oddscracker.com/" "Mozilla/5.0 (Macintosh; Intel Mac OS X 10_11_6) AppleWebKit/605.1.15 (KHTML, like Gecko) Version/10.1.2 Safari/605.1.15"
172.81.118.189 - - [11/Mar/2019:10:30:13 +0200] "GET /cron/update_markets/05ad6bd653789a5d9e041ad171d565688b8c790f HTTP/1.1" 200 4084 "-" "Wget/1.14 (linux-gnu)"
172.81.118.189 - - [11/Mar/2019:10:45:07 +0200] "GET /cron/update_markets/05ad6bd653789a5d9e041ad171d565688b8c790f HTTP/1.1" 200 4084 "-" "Wget/1.14 (linux-gnu)"
172.81.118.189 - - [11/Mar/2019:11:00:11 +0200] "GET /cron/update_markets/05ad6bd653789a5d9e041ad171d565688b8c790f HTTP/1.1" 200 4084 "-" "Wget/1.14 (linux-gnu)"
207.46.13.17 - - [11/Mar/2019:11:09:57 +0200] "GET /about HTTP/1.1" 200 108226 "-" "Mozilla/5.0 (compatible; bingbot/2.0; +http://www.bing.com/bingbot.htm)"
157.55.39.218 - - [11/Mar/2019:11:14:03 +0200] "GET /privacy HTTP/1.1" 200 108705 "-" "Mozilla/5.0 (compatible; bingbot/2.0; +http://www.bing.com/bingbot.htm)"
172.81.118.189 - - [11/Mar/2019:11:15:08 +0200] "GET /cron/update_markets/05ad6bd653789a5d9e041ad171d565688b8c790f HTTP/1.1" 200 4084 "-" "Wget/1.14 (linux-gnu)"
172.81.118.189 - - [11/Mar/2019:11:17:03 +0200] "GET /cron/update_events/05ad6bd653789a5d9e041ad171d565688b8c790f HTTP/1.1" 200 4084 "-" "Wget/1.14 (linux-gnu)"
172.81.118.189 - - [11/Mar/2019:11:30:10 +0200] "GET /cron/update_markets/05ad6bd653789a5d9e041ad171d565688b8c790f HTTP/1.1" 200 4084 "-" "Wget/1.14 (linux-gnu)"
172.81.118.189 - - [11/Mar/2019:11:45:07 +0200] "GET /cron/update_markets/05ad6bd653789a5d9e041ad171d565688b8c790f HTTP/1.1" 200 4084 "-" "Wget/1.14 (linux-gnu)"
207.46.13.33 - - [11/Mar/2019:11:57:58 +0200] "GET /terms HTTP/1.1" 200 109267 "-" "Mozilla/5.0 (compatible; bingbot/2.0; +http://www.bing.com/bingbot.htm)"
172.81.118.189 - - [11/Mar/2019:12:00:16 +0200] "GET /cron/update_markets/05ad6bd653789a5d9e041ad171d565688b8c790f HTTP/1.1" 200 4084 "-" "Wget/1.14 (linux-gnu)"
172.81.118.189 - - [11/Mar/2019:12:00:17 +0200] "GET /cron/update_all_markets/05ad6bd653789a5d9e041ad171d565688b8c790f HTTP/1.1" 200 4084 "-" "Wget/1.14 (linux-gnu)"
172.81.118.189 - - [11/Mar/2019:12:15:10 +0200] "GET /cron/update_markets/05ad6bd653789a5d9e041ad171d565688b8c790f HTTP/1.1" 200 4084 "-" "Wget/1.14 (linux-gnu)"
172.81.118.189 - - [11/Mar/2019:12:17:02 +0200] "GET /cron/update_events/05ad6bd653789a5d9e041ad171d565688b8c790f HTTP/1.1" 200 4084 "-" "Wget/1.14 (linux-gnu)"
172.81.118.189 - - [11/Mar/2019:12:30:10 +0200] "GET /cron/update_markets/05ad6bd653789a5d9e041ad171d565688b8c790f HTTP/1.1" 200 4084 "-" "Wget/1.14 (linux-gnu)"
172.81.118.189 - - [11/Mar/2019:12:45:05 +0200] "GET /cron/update_markets/05ad6bd653789a5d9e041ad171d565688b8c790f HTTP/1.1" 200 4084 "-" "Wget/1.14 (linux-gnu)"
66.249.79.254 - - [11/Mar/2019:12:45:36 +0200] "GET /robots.txt HTTP/1.1" 200 4015 "-" "Mozilla/5.0 (compatible; Googlebot/2.1; +http://www.google.com/bot.html)"
66.249.79.252 - - [11/Mar/2019:12:45:36 +0200] "GET /event/cracovia-zaglebie-418 HTTP/1.1" 200 108655 "-" "Mozilla/5.0 (Linux; Android 6.0.1; Nexus 5X Build/MMB29P) AppleWebKit/537.36 (KHTML, like Gecko) Chrome/41.0.2272.96 Mobile Safari/537.36 (compatible; Googlebot/2.1; +http://www.google.com/bot.html)"
172.81.118.189 - - [11/Mar/2019:13:00:14 +0200] "GET /cron/update_markets/05ad6bd653789a5d9e041ad171d565688b8c790f HTTP/1.1" 200 4084 "-" "Wget/1.14 (linux-gnu)"
172.81.118.189 - - [11/Mar/2019:13:15:06 +0200] "GET /cron/update_markets/05ad6bd653789a5d9e041ad171d565688b8c790f HTTP/1.1" 200 4084 "-" "Wget/1.14 (linux-gnu)"
172.81.118.189 - - [11/Mar/2019:13:17:03 +0200] "GET /cron/update_events/05ad6bd653789a5d9e041ad171d565688b8c790f HTTP/1.1" 200 4084 "-" "Wget/1.14 (linux-gnu)"
172.81.118.189 - - [11/Mar/2019:13:30:10 +0200] "GET /cron/update_markets/05ad6bd653789a5d9e041ad171d565688b8c790f HTTP/1.1" 200 4084 "-" "Wget/1.14 (linux-gnu)"
172.81.118.189 - - [11/Mar/2019:13:45:06 +0200] "GET /cron/update_markets/05ad6bd653789a5d9e041ad171d565688b8c790f HTTP/1.1" 200 4084 "-" "Wget/1.14 (linux-gnu)"
172.81.118.189 - - [11/Mar/2019:14:00:16 +0200] "GET /cron/update_markets/05ad6bd653789a5d9e041ad171d565688b8c790f HTTP/1.1" 200 4084 "-" "Wget/1.14 (linux-gnu)"
172.81.118.189 - - [11/Mar/2019:14:15:14 +0200] "GET /cron/update_markets/05ad6bd653789a5d9e041ad171d565688b8c790f HTTP/1.1" 200 4084 "-" "Wget/1.14 (linux-gnu)"
172.81.118.189 - - [11/Mar/2019:14:17:02 +0200] "GET /cron/update_events/05ad6bd653789a5d9e041ad171d565688b8c790f HTTP/1.1" 200 4084 "-" "Wget/1.14 (linux-gnu)"
172.81.118.189 - - [11/Mar/2019:14:30:08 +0200] "GET /cron/update_markets/05ad6bd653789a5d9e041ad171d565688b8c790f HTTP/1.1" 200 4084 "-" "Wget/1.14 (linux-gnu)"
172.81.118.189 - - [11/Mar/2019:14:45:07 +0200] "GET /cron/update_markets/05ad6bd653789a5d9e041ad171d565688b8c790f HTTP/1.1" 200 4084 "-" "Wget/1.14 (linux-gnu)"
172.81.118.189 - - [11/Mar/2019:15:00:18 +0200] "GET /cron/update_markets/05ad6bd653789a5d9e041ad171d565688b8c790f HTTP/1.1" 200 4084 "-" "Wget/1.14 (linux-gnu)"
172.81.118.189 - - [11/Mar/2019:15:15:09 +0200] "GET /cron/update_markets/05ad6bd653789a5d9e041ad171d565688b8c790f HTTP/1.1" 200 4084 "-" "Wget/1.14 (linux-gnu)"
172.81.118.189 - - [11/Mar/2019:15:17:03 +0200] "GET /cron/update_events/05ad6bd653789a5d9e041ad171d565688b8c790f HTTP/1.1" 200 4084 "-" "Wget/1.14 (linux-gnu)"
172.81.118.189 - - [11/Mar/2019:15:30:10 +0200] "GET /cron/update_markets/05ad6bd653789a5d9e041ad171d565688b8c790f HTTP/1.1" 200 4084 "-" "Wget/1.14 (linux-gnu)"
172.81.118.189 - - [11/Mar/2019:15:45:09 +0200] "GET /cron/update_markets/05ad6bd653789a5d9e041ad171d565688b8c790f HTTP/1.1" 200 4084 "-" "Wget/1.14 (linux-gnu)"
172.81.118.189 - - [11/Mar/2019:16:00:13 +0200] "GET /cron/update_markets/05ad6bd653789a5d9e041ad171d565688b8c790f HTTP/1.1" 200 4084 "-" "Wget/1.14 (linux-gnu)"
172.81.118.189 - - [11/Mar/2019:16:15:13 +0200] "GET /cron/update_markets/05ad6bd653789a5d9e041ad171d565688b8c790f HTTP/1.1" 200 4084 "-" "Wget/1.14 (linux-gnu)"
172.81.118.189 - - [11/Mar/2019:16:17:03 +0200] "GET /cron/update_events/05ad6bd653789a5d9e041ad171d565688b8c790f HTTP/1.1" 200 4084 "-" "Wget/1.14 (linux-gnu)"
172.81.118.189 - - [11/Mar/2019:16:30:10 +0200] "GET /cron/update_markets/05ad6bd653789a5d9e041ad171d565688b8c790f HTTP/1.1" 200 4084 "-" "Wget/1.14 (linux-gnu)"
172.81.118.189 - - [11/Mar/2019:16:45:07 +0200] "GET /cron/update_markets/05ad6bd653789a5d9e041ad171d565688b8c790f HTTP/1.1" 200 4084 "-" "Wget/1.14 (linux-gnu)"
66.249.79.254 - - [11/Mar/2019:16:51:44 +0200] "GET /robots.txt HTTP/1.1" 200 4015 "-" "Mozilla/5.0 (compatible; Googlebot/2.1; +http://www.google.com/bot.html)"
66.249.79.252 - - [11/Mar/2019:16:51:44 +0200] "GET /event/parma-calcio-genoa-435 HTTP/1.1" 200 108681 "-" "Mozilla/5.0 (Linux; Android 6.0.1; Nexus 5X Build/MMB29P) AppleWebKit/537.36 (KHTML, like Gecko) Chrome/41.0.2272.96 Mobile Safari/537.36 (compatible; Googlebot/2.1; +http://www.google.com/bot.html)"
172.81.118.189 - - [11/Mar/2019:17:00:14 +0200] "GET /cron/update_markets/05ad6bd653789a5d9e041ad171d565688b8c790f HTTP/1.1" 200 4084 "-" "Wget/1.14 (linux-gnu)"
172.81.118.189 - - [11/Mar/2019:17:15:08 +0200] "GET /cron/update_markets/05ad6bd653789a5d9e041ad171d565688b8c790f HTTP/1.1" 200 4084 "-" "Wget/1.14 (linux-gnu)"
172.81.118.189 - - [11/Mar/2019:17:17:03 +0200] "GET /cron/update_events/05ad6bd653789a5d9e041ad171d565688b8c790f HTTP/1.1" 200 4084 "-" "Wget/1.14 (linux-gnu)"
172.81.118.189 - - [11/Mar/2019:17:30:11 +0200] "GET /cron/update_markets/05ad6bd653789a5d9e041ad171d565688b8c790f HTTP/1.1" 200 4084 "-" "Wget/1.14 (linux-gnu)"
172.81.118.189 - - [11/Mar/2019:17:45:07 +0200] "GET /cron/update_markets/05ad6bd653789a5d9e041ad171d565688b8c790f HTTP/1.1" 200 4084 "-" "Wget/1.14 (linux-gnu)"
216.244.66.238 - - [11/Mar/2019:17:51:22 +0200] "GET /robots.txt HTTP/1.1" 301 463 "-" "Mozilla/5.0 (compatible; DotBot/1.1; http://www.opensiteexplorer.org/dotbot, help@moz.com)"
216.244.66.238 - - [11/Mar/2019:17:51:23 +0200] "GET /robots.txt HTTP/1.1" 200 3794 "-" "Mozilla/5.0 (compatible; DotBot/1.1; http://www.opensiteexplorer.org/dotbot, help@moz.com)"
172.81.118.189 - - [11/Mar/2019:18:00:16 +0200] "GET /cron/update_markets/05ad6bd653789a5d9e041ad171d565688b8c790f HTTP/1.1" 200 4084 "-" "Wget/1.14 (linux-gnu)"
172.81.118.189 - - [11/Mar/2019:18:00:17 +0200] "GET /cron/update_all_markets/05ad6bd653789a5d9e041ad171d565688b8c790f HTTP/1.1" 200 4084 "-" "Wget/1.14 (linux-gnu)"
172.81.118.189 - - [11/Mar/2019:18:15:07 +0200] "GET /cron/update_markets/05ad6bd653789a5d9e041ad171d565688b8c790f HTTP/1.1" 200 4084 "-" "Wget/1.14 (linux-gnu)"
172.81.118.189 - - [11/Mar/2019:18:17:02 +0200] "GET /cron/update_events/05ad6bd653789a5d9e041ad171d565688b8c790f HTTP/1.1" 200 4084 "-" "Wget/1.14 (linux-gnu)"
66.249.66.80 - - [11/Mar/2019:18:26:24 +0200] "GET /robots.txt HTTP/1.1" 200 4015 "-" "Mozilla/5.0 (compatible; Googlebot/2.1; +http://www.google.com/bot.html)"
66.249.66.78 - - [11/Mar/2019:18:26:24 +0200] "GET /event/belgrano-patronato-1457 HTTP/1.1" 200 108719 "-" "Mozilla/5.0 (Linux; Android 6.0.1; Nexus 5X Build/MMB29P) AppleWebKit/537.36 (KHTML, like Gecko) Chrome/41.0.2272.96 Mobile Safari/537.36 (compatible; Googlebot/2.1; +http://www.google.com/bot.html)"
172.81.118.189 - - [11/Mar/2019:18:30:09 +0200] "GET /cron/update_markets/05ad6bd653789a5d9e041ad171d565688b8c790f HTTP/1.1" 200 4084 "-" "Wget/1.14 (linux-gnu)"
172.81.118.189 - - [11/Mar/2019:18:45:07 +0200] "GET /cron/update_markets/05ad6bd653789a5d9e041ad171d565688b8c790f HTTP/1.1" 200 4084 "-" "Wget/1.14 (linux-gnu)"
172.81.118.189 - - [11/Mar/2019:19:00:10 +0200] "GET /cron/update_markets/05ad6bd653789a5d9e041ad171d565688b8c790f HTTP/1.1" 200 4084 "-" "Wget/1.14 (linux-gnu)"
172.81.118.189 - - [11/Mar/2019:19:15:14 +0200] "GET /cron/update_markets/05ad6bd653789a5d9e041ad171d565688b8c790f HTTP/1.1" 200 4084 "-" "Wget/1.14 (linux-gnu)"
172.81.118.189 - - [11/Mar/2019:19:17:31 +0200] "GET /cron/update_events/05ad6bd653789a5d9e041ad171d565688b8c790f HTTP/1.1" 200 4084 "-" "Wget/1.14 (linux-gnu)"
172.81.118.189 - - [11/Mar/2019:19:30:31 +0200] "GET /cron/update_markets/05ad6bd653789a5d9e041ad171d565688b8c790f HTTP/1.1" 200 4084 "-" "Wget/1.14 (linux-gnu)"
172.81.118.189 - - [11/Mar/2019:19:45:18 +0200] "GET /cron/update_markets/05ad6bd653789a5d9e041ad171d565688b8c790f HTTP/1.1" 200 4084 "-" "Wget/1.14 (linux-gnu)"
172.81.118.189 - - [11/Mar/2019:20:00:21 +0200] "GET /cron/update_markets/05ad6bd653789a5d9e041ad171d565688b8c790f HTTP/1.1" 200 4084 "-" "Wget/1.14 (linux-gnu)"
66.249.66.79 - - [11/Mar/2019:20:01:14 +0200] "GET /robots.txt HTTP/1.1" 200 4015 "-" "Mozilla/5.0 (compatible; Googlebot/2.1; +http://www.google.com/bot.html)"
