66.249.66.79 - - [11/Mar/2019:20:01:14 +0200] "GET /event/pumas-unam-monarcas-545 HTTP/1.1" 200 105365 "-" "Mozilla/5.0 (Linux; Android 6.0.1; Nexus 5X Build/MMB29P) AppleWebKit/537.36 (KHTML, like Gecko) Chrome/41.0.2272.96 Mobile Safari/537.36 (compatible; Googlebot/2.1; +http://www.google.com/bot.html)"
66.249.66.80 - - [11/Mar/2019:20:10:31 +0200] "GET /event/racing-genk-lokeren-476 HTTP/1.1" 200 108810 "-" "Mozilla/5.0 (Linux; Android 6.0.1; Nexus 5X Build/MMB29P) AppleWebKit/537.36 (KHTML, like Gecko) Chrome/41.0.2272.96 Mobile Safari/537.36 (compatible; Googlebot/2.1; +http://www.google.com/bot.html)"
172.81.118.189 - - [11/Mar/2019:20:15:08 +0200] "GET /cron/update_markets/05ad6bd653789a5d9e041ad171d565688b8c790f HTTP/1.1" 200 4084 "-" "Wget/1.14 (linux-gnu)"
172.81.118.189 - - [11/Mar/2019:20:17:02 +0200] "GET /cron/update_events/05ad6bd653789a5d9e041ad171d565688b8c790f HTTP/1.1" 200 4084 "-" "Wget/1.14 (linux-gnu)"
17.58.103.76 - - [11/Mar/2019:20:21:04 +0200] "GET /robots.txt HTTP/1.1" 200 3820 "-" "Mozilla/5.0 (Macintosh; Intel Mac OS X 10_10_1) AppleWebKit/600.2.5 (KHTML, like Gecko) Version/8.0.2 Safari/600.2.5 (Applebot/0.1; +http://www.apple.com/go/applebot)"
17.58.103.76 - - [11/Mar/2019:20:21:04 +0200] "GET / HTTP/1.1" 200 106410 "-" "Mozilla/5.0 (Macintosh; Intel Mac OS X 10_10_1) AppleWebKit/600.2.5 (KHTML, like Gecko) Version/8.0.2 Safari/600.2.5 (Applebot/0.1; +http://www.apple.com/go/applebot)"
172.81.118.189 - - [11/Mar/2019:20:30:06 +0200] "GET /cron/update_markets/05ad6bd653789a5d9e041ad171d565688b8c790f HTTP/1.1" 200 4084 "-" "Wget/1.14 (linux-gnu)"
172.81.118.189 - - [11/Mar/2019:20:45:08 +0200] "GET /cron/update_markets/05ad6bd653789a5d9e041ad171d565688b8c790f HTTP/1.1" 200 4084 "-" "Wget/1.14 (linux-gnu)"
172.81.118.189 - - [11/Mar/2019:21:00:10 +0200] "GET /cron/update_markets/05ad6bd653789a5d9e041ad171d565688b8c790f HTTP/1.1" 200 4084 "-" "Wget/1.14 (linux-gnu)"
172.81.118.189 - - [11/Mar/2019:21:15:08 +0200] "GET /cron/update_markets/05ad6bd653789a5d9e041ad171d565688b8c790f HTTP/1.1" 200 4084 "-" "Wget/1.14 (linux-gnu)"
172.81.118.189 - - [11/Mar/2019:21:17:02 +0200] "GET /cron/update_events/05ad6bd653789a5d9e041ad171d565688b8c790f HTTP/1.1" 200 4084 "-" "Wget/1.14 (linux-gnu)"
172.81.118.189 - - [11/Mar/2019:21:30:09 +0200] "GET /cron/update_markets/05ad6bd653789a5d9e041ad171d565688b8c790f HTTP/1.1" 200 4084 "-" "Wget/1.14 (linux-gnu)"
66.249.66.79 - - [11/Mar/2019:21:34:55 +0200] "GET /robots.txt HTTP/1.1" 200 4015 "-" "Mozilla/5.0 (compatible; Googlebot/2.1; +http://www.google.com/bot.html)"
66.249.66.78 - - [11/Mar/2019:21:34:56 +0200] "GET /event/huracan-san-martin-1463 HTTP/1.1" 200 108800 "-" "Mozilla/5.0 (Linux; Android 6.0.1; Nexus 5X Build/MMB29P) AppleWebKit/537.36 (KHTML, like Gecko) Chrome/41.0.2272.96 Mobile Safari/537.36 (compatible; Googlebot/2.1; +http://www.google.com/bot.html)"
172.81.118.189 - - [11/Mar/2019:21:45:06 +0200] "GET /cron/update_markets/05ad6bd653789a5d9e041ad171d565688b8c790f HTTP/1.1" 200 4084 "-" "Wget/1.14 (linux-gnu)"
157.55.39.38 - - [11/Mar/2019:21:47:53 +0200] "GET /robots.txt HTTP/1.1" 200 3995 "-" "Mozilla/5.0 (compatible; bingbot/2.0; +http://www.bing.com/bingbot.htm)"
40.77.167.127 - - [11/Mar/2019:21:48:41 +0200] "GET /help HTTP/1.1" 200 108230 "-" "Mozilla/5.0 (compatible; bingbot/2.0; +http://www.bing.com/bingbot.htm)"
172.81.118.189 - - [11/Mar/2019:22:00:24 +0200] "GET /cron/update_markets/05ad6bd653789a5d9e041ad171d565688b8c790f HTTP/1.1" 200 4084 "-" "Wget/1.14 (linux-gnu)"
172.81.118.189 - - [11/Mar/2019:22:15:22 +0200] "GET /cron/update_markets/05ad6bd653789a5d9e041ad171d565688b8c790f HTTP/1.1" 200 4084 "-" "Wget/1.14 (linux-gnu)"
172.81.118.189 - - [11/Mar/2019:22:17:19 +0200] "GET /cron/update_events/05ad6bd653789a5d9e041ad171d565688b8c790f HTTP/1.1" 200 4084 "-" "Wget/1.14 (linux-gnu)"
66.249.66.80 - - [11/Mar/2019:22:26:00 +0200] "GET / HTTP/1.1" 200 109864 "-" "Mozilla/5.0 (compatible; Googlebot/2.1; +http://www.google.com/bot.html)"
172.81.118.189 - - [11/Mar/2019:22:30:31 +0200] "GET /cron/update_markets/05ad6bd653789a5d9e041ad171d565688b8c790f HTTP/1.1" 200 4084 "-" "Wget/1.14 (linux-gnu)"
172.81.118.189 - - [11/Mar/2019:22:45:12 +0200] "GET /cron/update_markets/05ad6bd653789a5d9e041ad171d565688b8c790f HTTP/1.1" 200 4084 "-" "Wget/1.14 (linux-gnu)"
172.81.118.189 - - [11/Mar/2019:23:00:09 +0200] "GET /cron/update_markets/05ad6bd653789a5d9e041ad171d565688b8c790f HTTP/1.1" 200 4084 "-" "Wget/1.14 (linux-gnu)"
172.81.118.189 - - [11/Mar/2019:23:15:12 +0200] "GET /cron/update_markets/05ad6bd653789a5d9e041ad171d565688b8c790f HTTP/1.1" 200 4084 "-" "Wget/1.14 (linux-gnu)"
172.81.118.189 - - [11/Mar/2019:23:17:02 +0200] "GET /cron/update_events/05ad6bd653789a5d9e041ad171d565688b8c790f HTTP/1.1" 200 4084 "-" "Wget/1.14 (linux-gnu)"
172.81.118.189 - - [11/Mar/2019:23:30:05 +0200] "GET /cron/update_markets/05ad6bd653789a5d9e041ad171d565688b8c790f HTTP/1.1" 200 4084 "-" "Wget/1.14 (linux-gnu)"
172.81.118.189 - - [11/Mar/2019:23:45:08 +0200] "GET /cron/update_markets/05ad6bd653789a5d9e041ad171d565688b8c790f HTTP/1.1" 200 4084 "-" "Wget/1.14 (linux-gnu)"
66.249.66.80 - - [11/Mar/2019:23:50:14 +0200] "GET /robots.txt HTTP/1.1" 200 4015 "-" "Mozilla/5.0 (compatible; Googlebot/2.1; +http://www.google.com/bot.html)"
66.249.66.78 - - [11/Mar/2019:23:50:14 +0200] "GET /event/bologna-fc-cagliari-437 HTTP/1.1" 200 108481 "-" "Mozilla/5.0 (Linux; Android 6.0.1; Nexus 5X Build/MMB29P) AppleWebKit/537.36 (KHTML, like Gecko) Chrome/41.0.2272.96 Mobile Safari/537.36 (compatible; Googlebot/2.1; +http://www.google.com/bot.html)"
172.81.118.189 - - [12/Mar/2019:00:00:12 +0200] "GET /cron/update_markets/05ad6bd653789a5d9e041ad171d565688b8c790f HTTP/1.1" 200 4084 "-" "Wget/1.14 (linux-gnu)"
172.81.118.189 - - [12/Mar/2019:00:00:10 +0200] "GET /cron/update_all_markets/05ad6bd653789a5d9e041ad171d565688b8c790f HTTP/1.1" 200 4084 "-" "Wget/1.14 (linux-gnu)"
172.81.118.189 - - [12/Mar/2019:00:15:06 +0200] "GET /cron/update_markets/05ad6bd653789a5d9e041ad171d565688b8c790f HTTP/1.1" 200 4084 "-" "Wget/1.14 (linux-gnu)"
172.81.118.189 - - [12/Mar/2019:00:17:02 +0200] "GET /cron/update_events/05ad6bd653789a5d9e041ad171d565688b8c790f HTTP/1.1" 200 4084 "-" "Wget/1.14 (linux-gnu)"
172.81.118.189 - - [12/Mar/2019:00:30:09 +0200] "GET /cron/update_markets/05ad6bd653789a5d9e041ad171d565688b8c790f HTTP/1.1" 200 4084 "-" "Wget/1.14 (linux-gnu)"
172.81.118.189 - - [12/Mar/2019:00:45:07 +0200] "GET /cron/update_markets/05ad6bd653789a5d9e041ad171d565688b8c790f HTTP/1.1" 200 4084 "-" "Wget/1.14 (linux-gnu)"
66.249.66.78 - - [12/Mar/2019:00:59:19 +0200] "GET /robots.txt HTTP/1.1" 200 4015 "-" "Mozilla/5.0 (compatible; Googlebot/2.1; +http://www.google.com/bot.html)"
66.249.66.78 - - [12/Mar/2019:00:59:19 +0200] "GET / HTTP/1.1" 200 109900 "-" "Mozilla/5.0 (Linux; Android 6.0.1; Nexus 5X Build/MMB29P) AppleWebKit/537.36 (KHTML, like Gecko) Chrome/41.0.2272.96 Mobile Safari/537.36 (compatible; Googlebot/2.1; +http://www.google.com/bot.html)"
172.81.118.189 - - [12/Mar/2019:01:00:10 +0200] "GET /cron/update_markets/05ad6bd653789a5d9e041ad171d565688b8c790f HTTP/1.1" 200 4084 "-" "Wget/1.14 (linux-gnu)"
172.81.118.189 - - [12/Mar/2019:01:15:17 +0200] "GET /cron/update_markets/05ad6bd653789a5d9e041ad171d565688b8c790f HTTP/1.1" 200 4084 "-" "Wget/1.14 (linux-gnu)"
172.81.118.189 - - [12/Mar/2019:01:17:03 +0200] "GET /cron/update_events/05ad6bd653789a5d9e041ad171d565688b8c790f HTTP/1.1" 200 4084 "-" "Wget/1.14 (linux-gnu)"
157.55.39.147 - - [12/Mar/2019:01:28:01 +0200] "GET /news HTTP/1.1" 200 107738 "-" "Mozilla/5.0 (compatible; bingbot/2.0; +http://www.bing.com/bingbot.htm)"
172.81.118.189 - - [12/Mar/2019:01:30:06 +0200] "GET /cron/update_markets/05ad6bd653789a5d9e041ad171d565688b8c790f HTTP/1.1" 200 4084 "-" "Wget/1.14 (linux-gnu)"
17.58.103.76 - - [12/Mar/2019:01:44:50 +0200] "GET / HTTP/1.1" 200 109705 "-" "Mozilla/5.0 (Macintosh; Intel Mac OS X 10_10_1) AppleWebKit/600.2.5 (KHTML, like Gecko) Version/8.0.2 Safari/600.2.5 (Applebot/0.1; +http://www.apple.com/go/applebot)"
172.81.118.189 - - [12/Mar/2019:01:45:04 +0200] "GET /cron/update_markets/05ad6bd653789a5d9e041ad171d565688b8c790f HTTP/1.1" 200 4084 "-" "Wget/1.14 (linux-gnu)"
172.81.118.189 - - [12/Mar/2019:02:00:12 +0200] "GET /cron/update_markets/05ad6bd653789a5d9e041ad171d565688b8c790f HTTP/1.1" 200 4084 "-" "Wget/1.14 (linux-gnu)"
66.249.66.78 - - [12/Mar/2019:02:02:46 +0200] "GET /robots.txt HTTP/1.1" 200 4015 "-" "Mozilla/5.0 (compatible; Googlebot/2.1; +http://www.google.com/bot.html)"
66.249.66.79 - - [12/Mar/2019:02:02:46 +0200] "GET /event/besiktas-konyaspor-1409 HTTP/1.1" 200 108486 "-" "Mozilla/5.0 (Linux; Android 6.0.1; Nexus 5X Build/MMB29P) AppleWebKit/537.36 (KHTML, like Gecko) Chrome/41.0.2272.96 Mobile Safari/537.36 (compatible; Googlebot/2.1; +http://www.google.com/bot.html)"
172.81.118.189 - - [12/Mar/2019:02:15:10 +0200] "GET /cron/update_markets/05ad6bd653789a5d9e041ad171d565688b8c790f HTTP/1.1" 200 4084 "-" "Wget/1.14 (linux-gnu)"
172.81.118.189 - - [12/Mar/2019:02:17:02 +0200] "GET /cron/update_events/05ad6bd653789a5d9e041ad171d565688b8c790f HTTP/1.1" 200 4084 "-" "Wget/1.14 (linux-gnu)"
46.229.168.139 - - [12/Mar/2019:02:25:57 +0200] "GET /robots.txt HTTP/1.1" 200 3978 "-" "Mozilla/5.0 (compatible; SemrushBot/3~bl; +http://www.semrush.com/bot.html)"
46.229.168.131 - - [12/Mar/2019:02:25:57 +0200] "GET /events/Argentina_Primera_Division HTTP/1.1" 200 108178 "-" "Mozilla/5.0 (compatible; SemrushBot/3~bl; +http://www.semrush.com/bot.html)"
172.81.118.189 - - [12/Mar/2019:02:30:06 +0200] "GET /cron/update_markets/05ad6bd653789a5d9e041ad171d565688b8c790f HTTP/1.1" 200 4084 "-" "Wget/1.14 (linux-gnu)"
172.81.118.189 - - [12/Mar/2019:02:45:08 +0200] "GET /cron/update_markets/05ad6bd653789a5d9e041ad171d565688b8c790f HTTP/1.1" 200 4084 "-" "Wget/1.14 (linux-gnu)"
207.46.13.23 - - [12/Mar/2019:02:56:29 +0200] "GET /sitemap HTTP/1.1" 200 8871 "-" "Mozilla/5.0 (compatible; bingbot/2.0; +http://www.bing.com/bingbot.htm)"
172.81.118.189 - - [12/Mar/2019:03:00:10 +0200] "GET /cron/update_markets/05ad6bd653789a5d9e041ad171d565688b8c790f HTTP/1.1" 200 4084 "-" "Wget/1.14 (linux-gnu)"
185.130.184.216 - - [12/Mar/2019:03:09:19 +0200] "GET /contact HTTP/1.0" 200 400864 "https://sl.oddscracker.com/contact" "Mozilla/5.0 (Windows NT 6.1; Win64; x64) AppleWebKit/537.36 (KHTML, like Gecko) Chrome/66.0.3359.170 Safari/537.36 OPR/53.0.2907.106"
185.130.184.216 - - [12/Mar/2019:03:09:20 +0200] "GET /captcha/1552352960.0195.jpg HTTP/1.0" 200 9917 "https://sl.oddscracker.com/contact" "Mozilla/5.0 (Windows NT 6.1; Win64; x64) AppleWebKit/537.36 (KHTML, like Gecko) Chrome/66.0.3359.170 Safari/537.36 OPR/53.0.2907.106"
185.130.184.216 - - [12/Mar/2019:03:09:21 +0200] "POST /contact HTTP/1.0" 200 400732 "https://sl.oddscracker.com/contact" "Mozilla/5.0 (Windows NT 6.1; Win64; x64) AppleWebKit/537.36 (KHTML, like Gecko) Chrome/66.0.3359.170 Safari/537.36 OPR/53.0.2907.106"
172.81.118.189 - - [12/Mar/2019:03:15:06 +0200] "GET /cron/update_markets/05ad6bd653789a5d9e041ad171d565688b8c790f HTTP/1.1" 200 4084 "-" "Wget/1.14 (linux-gnu)"
172.81.118.189 - - [12/Mar/2019:03:17:02 +0200] "GET /cron/update_events/05ad6bd653789a5d9e041ad171d565688b8c790f HTTP/1.1" 200 4084 "-" "Wget/1.14 (linux-gnu)"
172.81.118.189 - - [12/Mar/2019:03:30:08 +0200] "GET /cron/update_markets/05ad6bd653789a5d9e041ad171d565688b8c790f HTTP/1.1" 200 4084 "-" "Wget/1.14 (linux-gnu)"
84.39.112.90 - - [12/Mar/2019:03:41:51 +0200] "GET /contact HTTP/1.0" 200 400863 "https://sl.oddscracker.com/contact" "Mozilla/5.0 (Windows NT 10.0; Win64; x64) AppleWebKit/537.36 (KHTML, like Gecko) Chrome/67.0.3396.99 Safari/537.36"
84.39.112.90 - - [12/Mar/2019:03:41:52 +0200] "GET /captcha/1552354911.683.jpg HTTP/1.0" 200 9713 "https://sl.oddscracker.com/contact" "Mozilla/5.0 (Windows NT 10.0; Win64; x64) AppleWebKit/537.36 (KHTML, like Gecko) Chrome/67.0.3396.99 Safari/537.36"
84.39.112.90 - - [12/Mar/2019:03:41:53 +0200] "POST /contact HTTP/1.0" 200 400733 "https://sl.oddscracker.com/contact" "Mozilla/5.0 (Windows NT 10.0; Win64; x64) AppleWebKit/537.36 (KHTML, like Gecko) Chrome/67.0.3396.99 Safari/537.36"
172.81.118.189 - - [12/Mar/2019:03:45:06 +0200] "GET /cron/update_markets/05ad6bd653789a5d9e041ad171d565688b8c790f HTTP/1.1" 200 4084 "-" "Wget/1.14 (linux-gnu)"
172.81.118.189 - - [12/Mar/2019:04:00:08 +0200] "GET /cron/update_markets/05ad6bd653789a5d9e041ad171d565688b8c790f HTTP/1.1" 200 4084 "-" "Wget/1.14 (linux-gnu)"
172.81.118.189 - - [12/Mar/2019:04:15:08 +0200] "GET /cron/update_markets/05ad6bd653789a5d9e041ad171d565688b8c790f HTTP/1.1" 200 4084 "-" "Wget/1.14 (linux-gnu)"
172.81.118.189 - - [12/Mar/2019:04:17:03 +0200] "GET /cron/update_events/05ad6bd653789a5d9e041ad171d565688b8c790f HTTP/1.1" 200 4084 "-" "Wget/1.14 (linux-gnu)"
172.81.118.189 - - [12/Mar/2019:04:30:06 +0200] "GET /cron/update_markets/05ad6bd653789a5d9e041ad171d565688b8c790f HTTP/1.1" 200 4084 "-" "Wget/1.14 (linux-gnu)"
172.81.118.189 - - [12/Mar/2019:04:45:06 +0200] "GET /cron/update_markets/05ad6bd653789a5d9e041ad171d565688b8c790f HTTP/1.1" 200 4084 "-" "Wget/1.14 (linux-gnu)"
172.81.118.189 - - [12/Mar/2019:05:00:07 +0200] "GET /cron/update_markets/05ad6bd653789a5d9e041ad171d565688b8c790f HTTP/1.1" 200 4084 "-" "Wget/1.14 (linux-gnu)"
185.253.99.156 - - [12/Mar/2019:05:05:04 +0200] "GET /contact HTTP/1.0" 200 400864 "https://sl.oddscracker.com/contact" "Mozilla/5.0 (Windows NT 10.0; Win64; x64) AppleWebKit/537.36 (KHTML, like Gecko) Chrome/67.0.3396.99 Safari/537.36"
185.253.99.156 - - [12/Mar/2019:05:05:07 +0200] "GET /captcha/1552359904.5977.jpg HTTP/1.0" 200 10009 "https://sl.oddscracker.com/contact" "Mozilla/5.0 (Windows NT 10.0; Win64; x64) AppleWebKit/537.36 (KHTML, like Gecko) Chrome/67.0.3396.99 Safari/537.36"
185.253.99.156 - - [12/Mar/2019:05:05:07 +0200] "POST /contact HTTP/1.0" 200 400733 "https://sl.oddscracker.com/contact" "Mozilla/5.0 (Windows NT 10.0; Win64; x64) AppleWebKit/537.36 (KHTML, like Gecko) Chrome/67.0.3396.99 Safari/537.36"
172.81.118.189 - - [12/Mar/2019:05:15:06 +0200] "GET /cron/update_markets/05ad6bd653789a5d9e041ad171d565688b8c790f HTTP/1.1" 200 4084 "-" "Wget/1.14 (linux-gnu)"
172.81.118.189 - - [12/Mar/2019:05:17:03 +0200] "GET /cron/update_events/05ad6bd653789a5d9e041ad171d565688b8c790f HTTP/1.1" 200 4084 "-" "Wget/1.14 (linux-gnu)"
172.81.118.189 - - [12/Mar/2019:05:30:05 +0200] "GET /cron/update_markets/05ad6bd653789a5d9e041ad171d565688b8c790f HTTP/1.1" 200 4084 "-" "Wget/1.14 (linux-gnu)"
172.81.118.189 - - [12/Mar/2019:05:45:07 +0200] "GET /cron/update_markets/05ad6bd653789a5d9e041ad171d565688b8c790f HTTP/1.1" 200 4084 "-" "Wget/1.14 (linux-gnu)"
40.77.167.160 - - [12/Mar/2019:05:55:07 +0200] "GET /faq HTTP/1.1" 200 109007 "-" "Mozilla/5.0 (compatible; bingbot/2.0; +http://www.bing.com/bingbot.htm)"
172.81.118.189 - - [12/Mar/2019:06:00:31 +0200] "GET /cron/update_markets/05ad6bd653789a5d9e041ad171d565688b8c790f HTTP/1.1" 200 4084 "-" "Wget/1.14 (linux-gnu)"
172.81.118.189 - - [12/Mar/2019:06:00:29 +0200] "GET /cron/update_all_markets/05ad6bd653789a5d9e041ad171d565688b8c790f HTTP/1.1" 200 4084 "-" "Wget/1.14 (linux-gnu)"
172.81.118.189 - - [12/Mar/2019:06:15:11 +0200] "GET /cron/update_markets/05ad6bd653789a5d9e041ad171d565688b8c790f HTTP/1.1" 200 4084 "-" "Wget/1.14 (linux-gnu)"
172.81.118.189 - - [12/Mar/2019:06:17:02 +0200] "GET /cron/update_events/05ad6bd653789a5d9e041ad171d565688b8c790f HTTP/1.1" 200 4084 "-" "Wget/1.14 (linux-gnu)"
66.249.66.79 - - [12/Mar/2019:06:18:22 +0200] "GET /robots.txt HTTP/1.1" 200 4015 "-" "Mozilla/5.0 (compatible; Googlebot/2.1; +http://www.google.com/bot.html)"
66.249.66.80 - - [12/Mar/2019:06:18:22 +0200] "GET /event/rochdale-shrewsbury-1321 HTTP/1.1" 200 108483 "-" "Mozilla/5.0 (Linux; Android 6.0.1; Nexus 5X Build/MMB29P) AppleWebKit/537.36 (KHTML, like Gecko) Chrome/41.0.2272.96 Mobile Safari/537.36 (compatible; Googlebot/2.1; +http://www.google.com/bot.html)"
172.81.118.189 - - [12/Mar/2019:06:30:08 +0200] "GET /cron/update_markets/05ad6bd653789a5d9e041ad171d565688b8c790f HTTP/1.1" 200 4084 "-" "Wget/1.14 (linux-gnu)"
216.244.66.238 - - [12/Mar/2019:06:41:58 +0200] "GET /robots.txt HTTP/1.1" 301 463 "-" "Mozilla/5.0 (compatible; DotBot/1.1; http://www.opensiteexplorer.org/dotbot, help@moz.com)"
216.244.66.238 - - [12/Mar/2019:06:41:59 +0200] "GET /robots.txt HTTP/1.1" 200 3794 "-" "Mozilla/5.0 (compatible; DotBot/1.1; http://www.opensiteexplorer.org/dotbot, help@moz.com)"
172.81.118.189 - - [12/Mar/2019:06:45:05 +0200] "GET /cron/update_markets/05ad6bd653789a5d9e041ad171d565688b8c790f HTTP/1.1" 200 4084 "-" "Wget/1.14 (linux-gnu)"
172.81.118.189 - - [12/Mar/2019:07:00:08 +0200] "GET /cron/update_markets/05ad6bd653789a5d9e041ad171d565688b8c790f HTTP/1.1" 200 4084 "-" "Wget/1.14 (linux-gnu)"
172.81.118.189 - - [12/Mar/2019:07:15:06 +0200] "GET /cron/update_markets/05ad6bd653789a5d9e041ad171d565688b8c790f HTTP/1.1" 200 4084 "-" "Wget/1.14 (linux-gnu)"
172.81.118.189 - - [12/Mar/2019:07:17:03 +0200] "GET /cron/update_events/05ad6bd653789a5d9e041ad171d565688b8c790f HTTP/1.1" 200 4084 "-" "Wget/1.14 (linux-gnu)"
66.249.66.80 - - [12/Mar/2019:07:20:56 +0200] "GET /robots.txt HTTP/1.1" 200 4015 "-" "Mozilla/5.0 (compatible; Googlebot/2.1; +http://www.google.com/bot.html)"
66.249.66.79 - - [12/Mar/2019:07:20:56 +0200] "GET /bookmakers/reviews HTTP/1.1" 200 108025 "-" "Mozilla/5.0 (compatible; Googlebot/2.1; +http://www.google.com/bot.html)"
172.81.118.189 - - [12/Mar/2019:07:30:08 +0200] "GET /cron/update_markets/05ad6bd653789a5d9e041ad171d565688b8c790f HTTP/1.1" 200 4084 "-" "Wget/1.14 (linux-gnu)"
66.249.66.80 - - [12/Mar/2019:07:31:08 +0200] "GET / HTTP/1.1" 200 109900 "-" "Mozilla/5.0 (compatible; Googlebot/2.1; +http://www.google.com/bot.html)"
172.81.118.189 - - [12/Mar/2019:07:45:15 +0200] "GET /cron/update_markets/05ad6bd653789a5d9e041ad171d565688b8c790f HTTP/1.1" 200 4084 "-" "Wget/1.14 (linux-gnu)"
172.81.118.189 - - [12/Mar/2019:08:00:19 +0200] "GET /cron/update_markets/05ad6bd653789a5d9e041ad171d565688b8c790f HTTP/1.1" 200 4084 "-" "Wget/1.14 (linux-gnu)"
172.81.118.189 - - [12/Mar/2019:08:15:08 +0200] "GET /cron/update_markets/05ad6bd653789a5d9e041ad171d565688b8c790f HTTP/1.1" 200 4084 "-" "Wget/1.14 (linux-gnu)"
172.81.118.189 - - [12/Mar/2019:08:17:03 +0200] "GET /cron/update_events/05ad6bd653789a5d9e041ad171d565688b8c790f HTTP/1.1" 200 4084 "-" "Wget/1.14 (linux-gnu)"
172.81.118.189 - - [12/Mar/2019:08:30:10 +0200] "GET /cron/update_markets/05ad6bd653789a5d9e041ad171d565688b8c790f HTTP/1.1" 200 4084 "-" "Wget/1.14 (linux-gnu)"
66.249.66.80 - - [12/Mar/2019:08:30:53 +0200] "GET /robots.txt HTTP/1.1" 200 4015 "-" "Mozilla/5.0 (compatible; Googlebot/2.1; +http://www.google.com/bot.html)"
66.249.66.78 - - [12/Mar/2019:08:30:53 +0200] "GET /event/lanus-san-martin-1456 HTTP/1.1" 200 108463 "-" "Mozilla/5.0 (Linux; Android 6.0.1; Nexus 5X Build/MMB29P) AppleWebKit/537.36 (KHTML, like Gecko) Chrome/41.0.2272.96 Mobile Safari/537.36 (compatible; Googlebot/2.1; +http://www.google.com/bot.html)"
172.81.118.189 - - [12/Mar/2019:08:45:05 +0200] "GET /cron/update_markets/05ad6bd653789a5d9e041ad171d565688b8c790f HTTP/1.1" 200 4084 "-" "Wget/1.14 (linux-gnu)"
172.81.118.189 - - [12/Mar/2019:09:00:16 +0200] "GET /cron/update_markets/05ad6bd653789a5d9e041ad171d565688b8c790f HTTP/1.1" 200 4084 "-" "Wget/1.14 (linux-gnu)"
207.46.13.229 - - [12/Mar/2019:09:08:39 +0200] "GET / HTTP/1.1" 200 109900 "-" "Mozilla/5.0 (compatible; bingbot/2.0; +http://www.bing.com/bingbot.htm)"
172.81.118.189 - - [12/Mar/2019:09:15:07 +0200] "GET /cron/update_markets/05ad6bd653789a5d9e041ad171d565688b8c790f HTTP/1.1" 200 4084 "-" "Wget/1.14 (linux-gnu)"
172.81.118.189 - - [12/Mar/2019:09:17:03 +0200] "GET /cron/update_events/05ad6bd653789a5d9e041ad171d565688b8c790f HTTP/1.1" 200 4084 "-" "Wget/1.14 (linux-gnu)"
172.81.118.189 - - [12/Mar/2019:09:30:11 +0200] "GET /cron/update_markets/05ad6bd653789a5d9e041ad171d565688b8c790f HTTP/1.1" 200 4084 "-" "Wget/1.14 (linux-gnu)"
172.81.118.189 - - [12/Mar/2019:09:45:07 +0200] "GET /cron/update_markets/05ad6bd653789a5d9e041ad171d565688b8c790f HTTP/1.1" 200 4084 "-" "Wget/1.14 (linux-gnu)"
172.81.118.189 - - [12/Mar/2019:10:00:13 +0200] "GET /cron/update_markets/05ad6bd653789a5d9e041ad171d565688b8c790f HTTP/1.1" 200 4084 "-" "Wget/1.14 (linux-gnu)"
172.81.118.189 - - [12/Mar/2019:10:15:09 +0200] "GET /cron/update_markets/05ad6bd653789a5d9e041ad171d565688b8c790f HTTP/1.1" 200 4084 "-" "Wget/1.14 (linux-gnu)"
172.81.118.189 - - [12/Mar/2019:10:17:02 +0200] "GET /cron/update_events/05ad6bd653789a5d9e041ad171d565688b8c790f HTTP/1.1" 200 4084 "-" "Wget/1.14 (linux-gnu)"
172.81.118.189 - - [12/Mar/2019:10:30:12 +0200] "GET /cron/update_markets/05ad6bd653789a5d9e041ad171d565688b8c790f HTTP/1.1" 200 4084 "-" "Wget/1.14 (linux-gnu)"
66.249.66.80 - - [12/Mar/2019:10:32:06 +0200] "GET /robots.txt HTTP/1.1" 200 4015 "-" "Mozilla/5.0 (compatible; Googlebot/2.1; +http://www.google.com/bot.html)"
66.249.66.79 - - [12/Mar/2019:10:32:06 +0200] "GET / HTTP/1.1" 200 109900 "-" "Mozilla/5.0 (Linux; Android 6.0.1; Nexus 5X Build/MMB29P) AppleWebKit/537.36 (KHTML, like Gecko) Chrome/41.0.2272.96 Mobile Safari/537.36 (compatible; Googlebot/2.1; +http://www.google.com/bot.html)"
172.81.118.189 - - [12/Mar/2019:10:45:07 +0200] "GET /cron/update_markets/05ad6bd653789a5d9e041ad171d565688b8c790f HTTP/1.1" 200 4084 "-" "Wget/1.14 (linux-gnu)"
172.81.118.189 - - [12/Mar/2019:11:00:10 +0200] "GET /cron/update_markets/05ad6bd653789a5d9e041ad171d565688b8c790f HTTP/1.1" 200 4084 "-" "Wget/1.14 (linux-gnu)"
66.249.92.143 - - [12/Mar/2019:11:05:56 +0200] "GET / HTTP/1.1" 200 109900 "-" "Mozilla/5.0 (compatible; Google-Site-Verification/1.0)"
172.81.118.189 - - [12/Mar/2019:11:15:07 +0200] "GET /cron/update_markets/05ad6bd653789a5d9e041ad171d565688b8c790f HTTP/1.1" 200 4084 "-" "Wget/1.14 (linux-gnu)"
172.81.118.189 - - [12/Mar/2019:11:17:02 +0200] "GET /cron/update_events/05ad6bd653789a5d9e041ad171d565688b8c790f HTTP/1.1" 200 4084 "-" "Wget/1.14 (linux-gnu)"
154.76.193.249 - - [12/Mar/2019:11:17:30 +0200] "GET / HTTP/1.1" 200 109915 "https://ke.oddscracker.com/?utm_source=exoclick&utm_medium=popunder" "Mozilla/5.0 (Windows NT 10.0; Win64; x64) AppleWebKit/537.36 (KHTML, like Gecko) Chrome/58.0.3029.110 Safari/537.36 Edge/16.16299"
154.76.193.249 - - [12/Mar/2019:11:17:31 +0200] "GET /images/oddscracker-logo.png HTTP/1.1" 200 5070 "https://sl.oddscracker.com/" "Mozilla/5.0 (Windows NT 10.0; Win64; x64) AppleWebKit/537.36 (KHTML, like Gecko) Chrome/58.0.3029.110 Safari/537.36 Edge/16.16299"
154.76.193.249 - - [12/Mar/2019:11:17:31 +0200] "GET /fonts/fontawesome-webfont.woff2?v=4.7.0 HTTP/1.1" 200 77597 "https://sl.oddscracker.com/" "Mozilla/5.0 (Windows NT 10.0; Win64; x64) AppleWebKit/537.36 (KHTML, like Gecko) Chrome/58.0.3029.110 Safari/537.36 Edge/16.16299"
154.76.193.249 - - [12/Mar/2019:11:17:32 +0200] "GET /images/headline-bg.png HTTP/1.1" 200 17222 "https://sl.oddscracker.com/" "Mozilla/5.0 (Windows NT 10.0; Win64; x64) AppleWebKit/537.36 (KHTML, like Gecko) Chrome/58.0.3029.110 Safari/537.36 Edge/16.16299"
154.76.193.249 - - [12/Mar/2019:11:17:33 +0200] "GET /uploads/mercurybet.png HTTP/1.1" 200 6798 "https://sl.oddscracker.com/" "Mozilla/5.0 (Windows NT 10.0; Win64; x64) AppleWebKit/537.36 (KHTML, like Gecko) Chrome/58.0.3029.110 Safari/537.36 Edge/16.16299"
154.76.193.249 - - [12/Mar/2019:11:17:33 +0200] "GET /images/flags/fr.png HTTP/1.1" 200 659 "https://sl.oddscracker.com/" "Mozilla/5.0 (Windows NT 10.0; Win64; x64) AppleWebKit/537.36 (KHTML, like Gecko) Chrome/58.0.3029.110 Safari/537.36 Edge/16.16299"
154.76.193.249 - - [12/Mar/2019:11:17:33 +0200] "GET /images/flags/gb-eng.png HTTP/1.1" 200 502 "https://sl.oddscracker.com/" "Mozilla/5.0 (Windows NT 10.0; Win64; x64) AppleWebKit/537.36 (KHTML, like Gecko) Chrome/58.0.3029.110 Safari/537.36 Edge/16.16299"
154.76.193.249 - - [12/Mar/2019:11:17:33 +0200] "GET /images/flags/ar.png HTTP/1.1" 200 1600 "https://sl.oddscracker.com/" "Mozilla/5.0 (Windows NT 10.0; Win64; x64) AppleWebKit/537.36 (KHTML, like Gecko) Chrome/58.0.3029.110 Safari/537.36 Edge/16.16299"
154.76.193.249 - - [12/Mar/2019:11:17:35 +0200] "GET /images/favicon-32x32.png HTTP/1.1" 200 5491 "-" "Mozilla/5.0 (Windows NT 10.0; Win64; x64) AppleWebKit/537.36 (KHTML, like Gecko) Chrome/58.0.3029.110 Safari/537.36 Edge/16.16299"
154.76.193.249 - - [12/Mar/2019:11:17:35 +0200] "GET /images/login-cover.jpg HTTP/1.1" 200 44399 "https://sl.oddscracker.com/" "Mozilla/5.0 (Windows NT 10.0; Win64; x64) AppleWebKit/537.36 (KHTML, like Gecko) Chrome/58.0.3029.110 Safari/537.36 Edge/16.16299"
154.76.193.249 - - [12/Mar/2019:11:17:35 +0200] "GET /images/event-head-bg.jpg HTTP/1.1" 200 14335 "https://sl.oddscracker.com/" "Mozilla/5.0 (Windows NT 10.0; Win64; x64) AppleWebKit/537.36 (KHTML, like Gecko) Chrome/58.0.3029.110 Safari/537.36 Edge/16.16299"
172.81.118.189 - - [12/Mar/2019:11:30:09 +0200] "GET /cron/update_markets/05ad6bd653789a5d9e041ad171d565688b8c790f HTTP/1.1" 200 4084 "-" "Wget/1.14 (linux-gnu)"
172.81.118.189 - - [12/Mar/2019:11:45:05 +0200] "GET /cron/update_markets/05ad6bd653789a5d9e041ad171d565688b8c790f HTTP/1.1" 200 4084 "-" "Wget/1.14 (linux-gnu)"
172.81.118.189 - - [12/Mar/2019:12:00:14 +0200] "GET /cron/update_markets/05ad6bd653789a5d9e041ad171d565688b8c790f HTTP/1.1" 200 4084 "-" "Wget/1.14 (linux-gnu)"
172.81.118.189 - - [12/Mar/2019:12:00:14 +0200] "GET /cron/update_all_markets/05ad6bd653789a5d9e041ad171d565688b8c790f HTTP/1.1" 200 4084 "-" "Wget/1.14 (linux-gnu)"
172.81.118.189 - - [12/Mar/2019:12:15:09 +0200] "GET /cron/update_markets/05ad6bd653789a5d9e041ad171d565688b8c790f HTTP/1.1" 200 4084 "-" "Wget/1.14 (linux-gnu)"
172.81.118.189 - - [12/Mar/2019:12:17:03 +0200] "GET /cron/update_events/05ad6bd653789a5d9e041ad171d565688b8c790f HTTP/1.1" 200 4084 "-" "Wget/1.14 (linux-gnu)"
172.81.118.189 - - [12/Mar/2019:12:30:11 +0200] "GET /cron/update_markets/05ad6bd653789a5d9e041ad171d565688b8c790f HTTP/1.1" 200 4084 "-" "Wget/1.14 (linux-gnu)"
172.81.118.189 - - [12/Mar/2019:12:45:08 +0200] "GET /cron/update_markets/05ad6bd653789a5d9e041ad171d565688b8c790f HTTP/1.1" 200 4084 "-" "Wget/1.14 (linux-gnu)"
172.81.118.189 - - [12/Mar/2019:13:00:10 +0200] "GET /cron/update_markets/05ad6bd653789a5d9e041ad171d565688b8c790f HTTP/1.1" 200 4084 "-" "Wget/1.14 (linux-gnu)"
172.81.118.189 - - [12/Mar/2019:13:15:10 +0200] "GET /cron/update_markets/05ad6bd653789a5d9e041ad171d565688b8c790f HTTP/1.1" 200 4084 "-" "Wget/1.14 (linux-gnu)"
172.81.118.189 - - [12/Mar/2019:13:17:03 +0200] "GET /cron/update_events/05ad6bd653789a5d9e041ad171d565688b8c790f HTTP/1.1" 200 4084 "-" "Wget/1.14 (linux-gnu)"
172.81.118.189 - - [12/Mar/2019:13:30:08 +0200] "GET /cron/update_markets/05ad6bd653789a5d9e041ad171d565688b8c790f HTTP/1.1" 200 4084 "-" "Wget/1.14 (linux-gnu)"
172.81.118.189 - - [12/Mar/2019:13:45:08 +0200] "GET /cron/update_markets/05ad6bd653789a5d9e041ad171d565688b8c790f HTTP/1.1" 200 4084 "-" "Wget/1.14 (linux-gnu)"
172.81.118.189 - - [12/Mar/2019:14:00:12 +0200] "GET /cron/update_markets/05ad6bd653789a5d9e041ad171d565688b8c790f HTTP/1.1" 200 4084 "-" "Wget/1.14 (linux-gnu)"
216.244.66.238 - - [12/Mar/2019:14:02:46 +0200] "GET /robots.txt HTTP/1.1" 301 463 "-" "Mozilla/5.0 (compatible; DotBot/1.1; http://www.opensiteexplorer.org/dotbot, help@moz.com)"
216.244.66.238 - - [12/Mar/2019:14:02:48 +0200] "GET /robots.txt HTTP/1.1" 200 3794 "-" "Mozilla/5.0 (compatible; DotBot/1.1; http://www.opensiteexplorer.org/dotbot, help@moz.com)"
172.81.118.189 - - [12/Mar/2019:14:15:11 +0200] "GET /cron/update_markets/05ad6bd653789a5d9e041ad171d565688b8c790f HTTP/1.1" 200 4084 "-" "Wget/1.14 (linux-gnu)"
172.81.118.189 - - [12/Mar/2019:14:17:03 +0200] "GET /cron/update_events/05ad6bd653789a5d9e041ad171d565688b8c790f HTTP/1.1" 200 4084 "-" "Wget/1.14 (linux-gnu)"
172.81.118.189 - - [12/Mar/2019:14:30:10 +0200] "GET /cron/update_markets/05ad6bd653789a5d9e041ad171d565688b8c790f HTTP/1.1" 200 4084 "-" "Wget/1.14 (linux-gnu)"
66.249.83.79 - - [12/Mar/2019:14:41:51 +0200] "GET /bookmakers/reviews/mercurybet HTTP/1.1" 200 108769 "-" "Mozilla/5.0 (Linux; Android 4.2.1; en-us; Nexus 5 Build/JOP40D) AppleWebKit/535.19 (KHTML, like Gecko; googleweblight) Chrome/38.0.1025.166 Mobile Safari/535.19"
66.249.83.79 - - [12/Mar/2019:14:41:52 +0200] "GET /images/oddscracker-logo.png HTTP/1.1" 200 1598 "https://sl.oddscracker.com/bookmakers/reviews/mercurybet" "Mozilla/5.0 (Linux; Android 4.2.1; en-us; Nexus 5 Build/JOP40D) AppleWebKit/535.19 (KHTML, like Gecko; googleweblight) Chrome/38.0.1025.166 Mobile Safari/535.19"
172.81.118.189 - - [12/Mar/2019:14:45:08 +0200] "GET /cron/update_markets/05ad6bd653789a5d9e041ad171d565688b8c790f HTTP/1.1" 200 4084 "-" "Wget/1.14 (linux-gnu)"
172.81.118.189 - - [12/Mar/2019:15:00:16 +0200] "GET /cron/update_markets/05ad6bd653789a5d9e041ad171d565688b8c790f HTTP/1.1" 200 4084 "-" "Wget/1.14 (linux-gnu)"
172.81.118.189 - - [12/Mar/2019:15:15:06 +0200] "GET /cron/update_markets/05ad6bd653789a5d9e041ad171d565688b8c790f HTTP/1.1" 200 4084 "-" "Wget/1.14 (linux-gnu)"
172.81.118.189 - - [12/Mar/2019:15:17:02 +0200] "GET /cron/update_events/05ad6bd653789a5d9e041ad171d565688b8c790f HTTP/1.1" 200 4084 "-" "Wget/1.14 (linux-gnu)"
207.46.13.121 - - [12/Mar/2019:15:18:04 +0200] "GET /sitemap HTTP/1.1" 200 8889 "-" "Mozilla/5.0 (compatible; bingbot/2.0; +http://www.bing.com/bingbot.htm)"
172.81.118.189 - - [12/Mar/2019:15:30:11 +0200] "GET /cron/update_markets/05ad6bd653789a5d9e041ad171d565688b8c790f HTTP/1.1" 200 4084 "-" "Wget/1.14 (linux-gnu)"
172.81.118.189 - - [12/Mar/2019:15:45:10 +0200] "GET /cron/update_markets/05ad6bd653789a5d9e041ad171d565688b8c790f HTTP/1.1" 200 4084 "-" "Wget/1.14 (linux-gnu)"
172.81.118.189 - - [12/Mar/2019:16:00:17 +0200] "GET /cron/update_markets/05ad6bd653789a5d9e041ad171d565688b8c790f HTTP/1.1" 200 4084 "-" "Wget/1.14 (linux-gnu)"
172.81.118.189 - - [12/Mar/2019:16:15:11 +0200] "GET /cron/update_markets/05ad6bd653789a5d9e041ad171d565688b8c790f HTTP/1.1" 200 4084 "-" "Wget/1.14 (linux-gnu)"
172.81.118.189 - - [12/Mar/2019:16:17:03 +0200] "GET /cron/update_events/05ad6bd653789a5d9e041ad171d565688b8c790f HTTP/1.1" 200 4084 "-" "Wget/1.14 (linux-gnu)"
66.249.66.80 - - [12/Mar/2019:16:24:14 +0200] "GET /robots.txt HTTP/1.1" 200 4015 "-" "Mozilla/5.0 (compatible; Googlebot/2.1; +http://www.google.com/bot.html)"
66.249.66.80 - - [12/Mar/2019:16:24:14 +0200] "GET /event/luzern-fc-st-gallen-1404 HTTP/1.1" 200 105060 "-" "Mozilla/5.0 (Linux; Android 6.0.1; Nexus 5X Build/MMB29P) AppleWebKit/537.36 (KHTML, like Gecko) Chrome/41.0.2272.96 Mobile Safari/537.36 (compatible; Googlebot/2.1; +http://www.google.com/bot.html)"
172.81.118.189 - - [12/Mar/2019:16:30:11 +0200] "GET /cron/update_markets/05ad6bd653789a5d9e041ad171d565688b8c790f HTTP/1.1" 200 4084 "-" "Wget/1.14 (linux-gnu)"
172.81.118.189 - - [12/Mar/2019:16:45:08 +0200] "GET /cron/update_markets/05ad6bd653789a5d9e041ad171d565688b8c790f HTTP/1.1" 200 4084 "-" "Wget/1.14 (linux-gnu)"
172.81.118.189 - - [12/Mar/2019:17:00:12 +0200] "GET /cron/update_markets/05ad6bd653789a5d9e041ad171d565688b8c790f HTTP/1.1" 200 4084 "-" "Wget/1.14 (linux-gnu)"
172.81.118.189 - - [12/Mar/2019:17:15:08 +0200] "GET /cron/update_markets/05ad6bd653789a5d9e041ad171d565688b8c790f HTTP/1.1" 200 4084 "-" "Wget/1.14 (linux-gnu)"
172.81.118.189 - - [12/Mar/2019:17:17:02 +0200] "GET /cron/update_events/05ad6bd653789a5d9e041ad171d565688b8c790f HTTP/1.1" 200 4084 "-" "Wget/1.14 (linux-gnu)"
172.81.118.189 - - [12/Mar/2019:17:30:16 +0200] "GET /cron/update_markets/05ad6bd653789a5d9e041ad171d565688b8c790f HTTP/1.1" 200 4084 "-" "Wget/1.14 (linux-gnu)"
66.249.66.81 - - [12/Mar/2019:17:42:28 +0200] "GET /robots.txt HTTP/1.1" 200 4015 "-" "Mozilla/5.0 (compatible; Googlebot/2.1; +http://www.google.com/bot.html)"
66.249.66.80 - - [12/Mar/2019:17:42:29 +0200] "GET / HTTP/1.1" 200 109903 "-" "Mozilla/5.0 (compatible; Googlebot/2.1; +http://www.google.com/bot.html)"
172.81.118.189 - - [12/Mar/2019:17:45:09 +0200] "GET /cron/update_markets/05ad6bd653789a5d9e041ad171d565688b8c790f HTTP/1.1" 200 4084 "-" "Wget/1.14 (linux-gnu)"
172.81.118.189 - - [12/Mar/2019:18:00:11 +0200] "GET /cron/update_markets/05ad6bd653789a5d9e041ad171d565688b8c790f HTTP/1.1" 200 4084 "-" "Wget/1.14 (linux-gnu)"
172.81.118.189 - - [12/Mar/2019:18:00:13 +0200] "GET /cron/update_all_markets/05ad6bd653789a5d9e041ad171d565688b8c790f HTTP/1.1" 200 4084 "-" "Wget/1.14 (linux-gnu)"
172.81.118.189 - - [12/Mar/2019:18:15:09 +0200] "GET /cron/update_markets/05ad6bd653789a5d9e041ad171d565688b8c790f HTTP/1.1" 200 4084 "-" "Wget/1.14 (linux-gnu)"
172.81.118.189 - - [12/Mar/2019:18:17:04 +0200] "GET /cron/update_events/05ad6bd653789a5d9e041ad171d565688b8c790f HTTP/1.1" 200 4084 "-" "Wget/1.14 (linux-gnu)"
172.81.118.189 - - [12/Mar/2019:18:30:10 +0200] "GET /cron/update_markets/05ad6bd653789a5d9e041ad171d565688b8c790f HTTP/1.1" 200 4084 "-" "Wget/1.14 (linux-gnu)"
172.81.118.189 - - [12/Mar/2019:18:45:07 +0200] "GET /cron/update_markets/05ad6bd653789a5d9e041ad171d565688b8c790f HTTP/1.1" 200 4084 "-" "Wget/1.14 (linux-gnu)"
172.81.118.189 - - [12/Mar/2019:19:00:07 +0200] "GET /cron/update_markets/05ad6bd653789a5d9e041ad171d565688b8c790f HTTP/1.1" 200 4084 "-" "Wget/1.14 (linux-gnu)"
172.81.118.189 - - [12/Mar/2019:19:15:07 +0200] "GET /cron/update_markets/05ad6bd653789a5d9e041ad171d565688b8c790f HTTP/1.1" 200 4084 "-" "Wget/1.14 (linux-gnu)"
172.81.118.189 - - [12/Mar/2019:19:17:02 +0200] "GET /cron/update_events/05ad6bd653789a5d9e041ad171d565688b8c790f HTTP/1.1" 200 4084 "-" "Wget/1.14 (linux-gnu)"
216.244.66.238 - - [12/Mar/2019:19:19:08 +0200] "GET /robots.txt HTTP/1.1" 301 463 "-" "Mozilla/5.0 (compatible; DotBot/1.1; http://www.opensiteexplorer.org/dotbot, help@moz.com)"
216.244.66.238 - - [12/Mar/2019:19:19:09 +0200] "GET /robots.txt HTTP/1.1" 200 3794 "-" "Mozilla/5.0 (compatible; DotBot/1.1; http://www.opensiteexplorer.org/dotbot, help@moz.com)"
172.81.118.189 - - [12/Mar/2019:19:30:18 +0200] "GET /cron/update_markets/05ad6bd653789a5d9e041ad171d565688b8c790f HTTP/1.1" 200 4084 "-" "Wget/1.14 (linux-gnu)"
66.249.66.79 - - [12/Mar/2019:19:33:46 +0200] "GET /robots.txt HTTP/1.1" 200 4015 "-" "Mozilla/5.0 (compatible; Googlebot/2.1; +http://www.google.com/bot.html)"
66.249.66.79 - - [12/Mar/2019:19:34:07 +0200] "GET /event/chaves-rio-ave-1338 HTTP/1.1" 200 108465 "-" "Mozilla/5.0 (Linux; Android 6.0.1; Nexus 5X Build/MMB29P) AppleWebKit/537.36 (KHTML, like Gecko) Chrome/41.0.2272.96 Mobile Safari/537.36 (compatible; Googlebot/2.1; +http://www.google.com/bot.html)"
172.81.118.189 - - [12/Mar/2019:19:45:39 +0200] "GET /cron/update_markets/05ad6bd653789a5d9e041ad171d565688b8c790f HTTP/1.1" 200 4084 "-" "Wget/1.14 (linux-gnu)"
172.81.118.189 - - [12/Mar/2019:20:00:08 +0200] "GET /cron/update_markets/05ad6bd653789a5d9e041ad171d565688b8c790f HTTP/1.1" 200 4084 "-" "Wget/1.14 (linux-gnu)"
172.81.118.189 - - [12/Mar/2019:20:15:09 +0200] "GET /cron/update_markets/05ad6bd653789a5d9e041ad171d565688b8c790f HTTP/1.1" 200 4084 "-" "Wget/1.14 (linux-gnu)"
172.81.118.189 - - [12/Mar/2019:20:17:02 +0200] "GET /cron/update_events/05ad6bd653789a5d9e041ad171d565688b8c790f HTTP/1.1" 200 4084 "-" "Wget/1.14 (linux-gnu)"
172.81.118.189 - - [12/Mar/2019:20:30:11 +0200] "GET /cron/update_markets/05ad6bd653789a5d9e041ad171d565688b8c790f HTTP/1.1" 200 4084 "-" "Wget/1.14 (linux-gnu)"
66.249.66.78 - - [12/Mar/2019:20:35:35 +0200] "GET /robots.txt HTTP/1.1" 200 4015 "-" "Mozilla/5.0 (compatible; Googlebot/2.1; +http://www.google.com/bot.html)"
66.249.66.80 - - [12/Mar/2019:20:35:36 +0200] "GET / HTTP/1.1" 200 109500 "-" "Mozilla/5.0 (Linux; Android 6.0.1; Nexus 5X Build/MMB29P) AppleWebKit/537.36 (KHTML, like Gecko) Chrome/41.0.2272.96 Mobile Safari/537.36 (compatible; Googlebot/2.1; +http://www.google.com/bot.html)"
172.81.118.189 - - [12/Mar/2019:20:45:06 +0200] "GET /cron/update_markets/05ad6bd653789a5d9e041ad171d565688b8c790f HTTP/1.1" 200 4084 "-" "Wget/1.14 (linux-gnu)"
172.81.118.189 - - [12/Mar/2019:21:00:11 +0200] "GET /cron/update_markets/05ad6bd653789a5d9e041ad171d565688b8c790f HTTP/1.1" 200 4084 "-" "Wget/1.14 (linux-gnu)"
172.81.118.189 - - [12/Mar/2019:21:15:07 +0200] "GET /cron/update_markets/05ad6bd653789a5d9e041ad171d565688b8c790f HTTP/1.1" 200 4084 "-" "Wget/1.14 (linux-gnu)"
172.81.118.189 - - [12/Mar/2019:21:17:03 +0200] "GET /cron/update_events/05ad6bd653789a5d9e041ad171d565688b8c790f HTTP/1.1" 200 4084 "-" "Wget/1.14 (linux-gnu)"
172.81.118.189 - - [12/Mar/2019:21:30:08 +0200] "GET /cron/update_markets/05ad6bd653789a5d9e041ad171d565688b8c790f HTTP/1.1" 200 4084 "-" "Wget/1.14 (linux-gnu)"
172.81.118.189 - - [12/Mar/2019:21:45:07 +0200] "GET /cron/update_markets/05ad6bd653789a5d9e041ad171d565688b8c790f HTTP/1.1" 200 4084 "-" "Wget/1.14 (linux-gnu)"
66.249.66.78 - - [12/Mar/2019:21:46:05 +0200] "GET /robots.txt HTTP/1.1" 200 4015 "-" "Mozilla/5.0 (compatible; Googlebot/2.1; +http://www.google.com/bot.html)"
66.249.66.80 - - [12/Mar/2019:21:46:05 +0200] "GET /event/walsall-portsmouth-1489 HTTP/1.1" 200 108477 "-" "Mozilla/5.0 (Linux; Android 6.0.1; Nexus 5X Build/MMB29P) AppleWebKit/537.36 (KHTML, like Gecko) Chrome/41.0.2272.96 Mobile Safari/537.36 (compatible; Googlebot/2.1; +http://www.google.com/bot.html)"
172.81.118.189 - - [12/Mar/2019:22:00:15 +0200] "GET /cron/update_markets/05ad6bd653789a5d9e041ad171d565688b8c790f HTTP/1.1" 200 4084 "-" "Wget/1.14 (linux-gnu)"
216.244.66.238 - - [12/Mar/2019:22:09:20 +0200] "GET /robots.txt HTTP/1.1" 301 463 "-" "Mozilla/5.0 (compatible; DotBot/1.1; http://www.opensiteexplorer.org/dotbot, help@moz.com)"
216.244.66.238 - - [12/Mar/2019:22:09:22 +0200] "GET /robots.txt HTTP/1.1" 200 3794 "-" "Mozilla/5.0 (compatible; DotBot/1.1; http://www.opensiteexplorer.org/dotbot, help@moz.com)"
172.81.118.189 - - [12/Mar/2019:22:15:09 +0200] "GET /cron/update_markets/05ad6bd653789a5d9e041ad171d565688b8c790f HTTP/1.1" 200 4084 "-" "Wget/1.14 (linux-gnu)"
172.81.118.189 - - [12/Mar/2019:22:17:02 +0200] "GET /cron/update_events/05ad6bd653789a5d9e041ad171d565688b8c790f HTTP/1.1" 200 4084 "-" "Wget/1.14 (linux-gnu)"
46.229.168.149 - - [12/Mar/2019:22:23:08 +0200] "GET /robots.txt HTTP/1.1" 200 3978 "-" "Mozilla/5.0 (compatible; SemrushBot/3~bl; +http://www.semrush.com/bot.html)"
46.229.168.146 - - [12/Mar/2019:22:23:09 +0200] "GET /news HTTP/1.1" 200 107690 "-" "Mozilla/5.0 (compatible; SemrushBot/3~bl; +http://www.semrush.com/bot.html)"
66.249.66.80 - - [12/Mar/2019:22:24:07 +0200] "GET /event/scunthorpe-southend-1488 HTTP/1.1" 200 108476 "-" "Mozilla/5.0 (Linux; Android 6.0.1; Nexus 5X Build/MMB29P) AppleWebKit/537.36 (KHTML, like Gecko) Chrome/41.0.2272.96 Mobile Safari/537.36 (compatible; Googlebot/2.1; +http://www.google.com/bot.html)"
172.81.118.189 - - [12/Mar/2019:22:30:22 +0200] "GET /cron/update_markets/05ad6bd653789a5d9e041ad171d565688b8c790f HTTP/1.1" 200 4084 "-" "Wget/1.14 (linux-gnu)"
172.81.118.189 - - [12/Mar/2019:22:45:13 +0200] "GET /cron/update_markets/05ad6bd653789a5d9e041ad171d565688b8c790f HTTP/1.1" 200 4084 "-" "Wget/1.14 (linux-gnu)"
172.81.118.189 - - [12/Mar/2019:23:00:34 +0200] "GET /cron/update_markets/05ad6bd653789a5d9e041ad171d565688b8c790f HTTP/1.1" 200 4084 "-" "Wget/1.14 (linux-gnu)"
172.81.118.189 - - [12/Mar/2019:23:15:16 +0200] "GET /cron/update_markets/05ad6bd653789a5d9e041ad171d565688b8c790f HTTP/1.1" 200 4084 "-" "Wget/1.14 (linux-gnu)"
172.81.118.189 - - [12/Mar/2019:23:17:02 +0200] "GET /cron/update_events/05ad6bd653789a5d9e041ad171d565688b8c790f HTTP/1.1" 200 4084 "-" "Wget/1.14 (linux-gnu)"
172.81.118.189 - - [12/Mar/2019:23:30:16 +0200] "GET /cron/update_markets/05ad6bd653789a5d9e041ad171d565688b8c790f HTTP/1.1" 200 4084 "-" "Wget/1.14 (linux-gnu)"
216.244.66.238 - - [12/Mar/2019:23:38:37 +0200] "GET /robots.txt HTTP/1.1" 301 463 "-" "Mozilla/5.0 (compatible; DotBot/1.1; http://www.opensiteexplorer.org/dotbot, help@moz.com)"
216.244.66.238 - - [12/Mar/2019:23:38:38 +0200] "GET /robots.txt HTTP/1.1" 200 3794 "-" "Mozilla/5.0 (compatible; DotBot/1.1; http://www.opensiteexplorer.org/dotbot, help@moz.com)"
172.81.118.189 - - [12/Mar/2019:23:45:12 +0200] "GET /cron/update_markets/05ad6bd653789a5d9e041ad171d565688b8c790f HTTP/1.1" 200 4084 "-" "Wget/1.14 (linux-gnu)"
66.249.66.79 - - [12/Mar/2019:23:49:09 +0200] "GET /robots.txt HTTP/1.1" 200 4015 "-" "Mozilla/5.0 (compatible; Googlebot/2.1; +http://www.google.com/bot.html)"
66.249.66.79 - - [12/Mar/2019:23:49:10 +0200] "GET /event/plymouth-shrewsbury-1486 HTTP/1.1" 200 104880 "-" "Mozilla/5.0 (Linux; Android 6.0.1; Nexus 5X Build/MMB29P) AppleWebKit/537.36 (KHTML, like Gecko) Chrome/41.0.2272.96 Mobile Safari/537.36 (compatible; Googlebot/2.1; +http://www.google.com/bot.html)"
66.249.66.78 - - [12/Mar/2019:23:58:38 +0200] "GET /event/reading-leeds-united-559 HTTP/1.1" 200 108319 "-" "Mozilla/5.0 (Linux; Android 6.0.1; Nexus 5X Build/MMB29P) AppleWebKit/537.36 (KHTML, like Gecko) Chrome/41.0.2272.96 Mobile Safari/537.36 (compatible; Googlebot/2.1; +http://www.google.com/bot.html)"
172.81.118.189 - - [13/Mar/2019:00:00:18 +0200] "GET /cron/update_markets/05ad6bd653789a5d9e041ad171d565688b8c790f HTTP/1.1" 200 4084 "-" "Wget/1.14 (linux-gnu)"
172.81.118.189 - - [13/Mar/2019:00:00:18 +0200] "GET /cron/update_all_markets/05ad6bd653789a5d9e041ad171d565688b8c790f HTTP/1.1" 200 4084 "-" "Wget/1.14 (linux-gnu)"
46.229.168.149 - - [13/Mar/2019:00:12:44 +0200] "GET /robots.txt HTTP/1.1" 200 3978 "-" "Mozilla/5.0 (compatible; SemrushBot/3~bl; +http://www.semrush.com/bot.html)"
46.229.168.152 - - [13/Mar/2019:00:12:45 +0200] "GET /archives HTTP/1.1" 200 108879 "-" "Mozilla/5.0 (compatible; SemrushBot/3~bl; +http://www.semrush.com/bot.html)"
172.81.118.189 - - [13/Mar/2019:00:15:13 +0200] "GET /cron/update_markets/05ad6bd653789a5d9e041ad171d565688b8c790f HTTP/1.1" 200 4084 "-" "Wget/1.14 (linux-gnu)"
172.81.118.189 - - [13/Mar/2019:00:17:03 +0200] "GET /cron/update_events/05ad6bd653789a5d9e041ad171d565688b8c790f HTTP/1.1" 200 4084 "-" "Wget/1.14 (linux-gnu)"
172.81.118.189 - - [13/Mar/2019:00:30:11 +0200] "GET /cron/update_markets/05ad6bd653789a5d9e041ad171d565688b8c790f HTTP/1.1" 200 4084 "-" "Wget/1.14 (linux-gnu)"
172.81.118.189 - - [13/Mar/2019:00:45:04 +0200] "GET /cron/update_markets/05ad6bd653789a5d9e041ad171d565688b8c790f HTTP/1.1" 200 4084 "-" "Wget/1.14 (linux-gnu)"
172.81.118.189 - - [13/Mar/2019:01:00:11 +0200] "GET /cron/update_markets/05ad6bd653789a5d9e041ad171d565688b8c790f HTTP/1.1" 200 4084 "-" "Wget/1.14 (linux-gnu)"
66.249.66.80 - - [13/Mar/2019:01:04:53 +0200] "GET /robots.txt HTTP/1.1" 200 4015 "-" "Mozilla/5.0 (compatible; Googlebot/2.1; +http://www.google.com/bot.html)"
66.249.66.78 - - [13/Mar/2019:01:04:54 +0200] "GET /event/barnsley-sunderland-1480 HTTP/1.1" 200 108335 "-" "Mozilla/5.0 (Linux; Android 6.0.1; Nexus 5X Build/MMB29P) AppleWebKit/537.36 (KHTML, like Gecko) Chrome/41.0.2272.96 Mobile Safari/537.36 (compatible; Googlebot/2.1; +http://www.google.com/bot.html)"
66.249.66.79 - - [13/Mar/2019:01:14:21 +0200] "GET /event/santa-clara-cd-aves-1342 HTTP/1.1" 200 108336 "-" "Mozilla/5.0 (Linux; Android 6.0.1; Nexus 5X Build/MMB29P) AppleWebKit/537.36 (KHTML, like Gecko) Chrome/41.0.2272.96 Mobile Safari/537.36 (compatible; Googlebot/2.1; +http://www.google.com/bot.html)"
172.81.118.189 - - [13/Mar/2019:01:15:09 +0200] "GET /cron/update_markets/05ad6bd653789a5d9e041ad171d565688b8c790f HTTP/1.1" 200 4084 "-" "Wget/1.14 (linux-gnu)"
172.81.118.189 - - [13/Mar/2019:01:17:02 +0200] "GET /cron/update_events/05ad6bd653789a5d9e041ad171d565688b8c790f HTTP/1.1" 200 4084 "-" "Wget/1.14 (linux-gnu)"
172.81.118.189 - - [13/Mar/2019:01:30:05 +0200] "GET /cron/update_markets/05ad6bd653789a5d9e041ad171d565688b8c790f HTTP/1.1" 200 4084 "-" "Wget/1.14 (linux-gnu)"
172.81.118.189 - - [13/Mar/2019:01:45:03 +0200] "GET /cron/update_markets/05ad6bd653789a5d9e041ad171d565688b8c790f HTTP/1.1" 200 4084 "-" "Wget/1.14 (linux-gnu)"
216.244.66.238 - - [13/Mar/2019:01:52:04 +0200] "GET /robots.txt HTTP/1.1" 301 463 "-" "Mozilla/5.0 (compatible; DotBot/1.1; http://www.opensiteexplorer.org/dotbot, help@moz.com)"
216.244.66.238 - - [13/Mar/2019:01:52:05 +0200] "GET /robots.txt HTTP/1.1" 200 3794 "-" "Mozilla/5.0 (compatible; DotBot/1.1; http://www.opensiteexplorer.org/dotbot, help@moz.com)"
172.81.118.189 - - [13/Mar/2019:02:00:12 +0200] "GET /cron/update_markets/05ad6bd653789a5d9e041ad171d565688b8c790f HTTP/1.1" 200 4084 "-" "Wget/1.14 (linux-gnu)"
157.55.39.142 - - [13/Mar/2019:02:12:10 +0200] "GET /jackpots HTTP/1.1" 200 107380 "-" "Mozilla/5.0 (compatible; bingbot/2.0; +http://www.bing.com/bingbot.htm)"
157.55.39.142 - - [13/Mar/2019:02:12:11 +0200] "GET /login/google/%2Fevents%2FRomanian_Liga_1 HTTP/1.1" 404 479 "-" "Mozilla/5.0 (compatible; bingbot/2.0; +http://www.bing.com/bingbot.htm)"
172.81.118.189 - - [13/Mar/2019:02:15:06 +0200] "GET /cron/update_markets/05ad6bd653789a5d9e041ad171d565688b8c790f HTTP/1.1" 200 4084 "-" "Wget/1.14 (linux-gnu)"
172.81.118.189 - - [13/Mar/2019:02:17:03 +0200] "GET /cron/update_events/05ad6bd653789a5d9e041ad171d565688b8c790f HTTP/1.1" 200 4084 "-" "Wget/1.14 (linux-gnu)"
172.81.118.189 - - [13/Mar/2019:02:30:09 +0200] "GET /cron/update_markets/05ad6bd653789a5d9e041ad171d565688b8c790f HTTP/1.1" 200 4084 "-" "Wget/1.14 (linux-gnu)"
172.81.118.189 - - [13/Mar/2019:02:45:07 +0200] "GET /cron/update_markets/05ad6bd653789a5d9e041ad171d565688b8c790f HTTP/1.1" 200 4084 "-" "Wget/1.14 (linux-gnu)"
172.81.118.189 - - [13/Mar/2019:03:00:13 +0200] "GET /cron/update_markets/05ad6bd653789a5d9e041ad171d565688b8c790f HTTP/1.1" 200 4084 "-" "Wget/1.14 (linux-gnu)"
172.81.118.189 - - [13/Mar/2019:03:15:08 +0200] "GET /cron/update_markets/05ad6bd653789a5d9e041ad171d565688b8c790f HTTP/1.1" 200 4084 "-" "Wget/1.14 (linux-gnu)"
172.81.118.189 - - [13/Mar/2019:03:17:02 +0200] "GET /cron/update_events/05ad6bd653789a5d9e041ad171d565688b8c790f HTTP/1.1" 200 4084 "-" "Wget/1.14 (linux-gnu)"
66.249.66.78 - - [13/Mar/2019:03:26:54 +0200] "GET /robots.txt HTTP/1.1" 200 4015 "-" "Mozilla/5.0 (compatible; Googlebot/2.1; +http://www.google.com/bot.html)"
66.249.66.79 - - [13/Mar/2019:03:26:55 +0200] "GET /event/ajax-fortuna-sittard-473 HTTP/1.1" 200 108327 "-" "Mozilla/5.0 (Linux; Android 6.0.1; Nexus 5X Build/MMB29P) AppleWebKit/537.36 (KHTML, like Gecko) Chrome/41.0.2272.96 Mobile Safari/537.36 (compatible; Googlebot/2.1; +http://www.google.com/bot.html)"
172.81.118.189 - - [13/Mar/2019:03:30:10 +0200] "GET /cron/update_markets/05ad6bd653789a5d9e041ad171d565688b8c790f HTTP/1.1" 200 4084 "-" "Wget/1.14 (linux-gnu)"
172.81.118.189 - - [13/Mar/2019:03:45:07 +0200] "GET /cron/update_markets/05ad6bd653789a5d9e041ad171d565688b8c790f HTTP/1.1" 200 4084 "-" "Wget/1.14 (linux-gnu)"
172.81.118.189 - - [13/Mar/2019:04:00:14 +0200] "GET /cron/update_markets/05ad6bd653789a5d9e041ad171d565688b8c790f HTTP/1.1" 200 4084 "-" "Wget/1.14 (linux-gnu)"
172.81.118.189 - - [13/Mar/2019:04:15:06 +0200] "GET /cron/update_markets/05ad6bd653789a5d9e041ad171d565688b8c790f HTTP/1.1" 200 4084 "-" "Wget/1.14 (linux-gnu)"
172.81.118.189 - - [13/Mar/2019:04:17:03 +0200] "GET /cron/update_events/05ad6bd653789a5d9e041ad171d565688b8c790f HTTP/1.1" 200 4084 "-" "Wget/1.14 (linux-gnu)"
172.81.118.189 - - [13/Mar/2019:04:30:07 +0200] "GET /cron/update_markets/05ad6bd653789a5d9e041ad171d565688b8c790f HTTP/1.1" 200 4084 "-" "Wget/1.14 (linux-gnu)"
172.81.118.189 - - [13/Mar/2019:04:45:05 +0200] "GET /cron/update_markets/05ad6bd653789a5d9e041ad171d565688b8c790f HTTP/1.1" 200 4084 "-" "Wget/1.14 (linux-gnu)"
172.81.118.189 - - [13/Mar/2019:05:00:08 +0200] "GET /cron/update_markets/05ad6bd653789a5d9e041ad171d565688b8c790f HTTP/1.1" 200 4084 "-" "Wget/1.14 (linux-gnu)"
172.81.118.189 - - [13/Mar/2019:05:15:03 +0200] "GET /cron/update_markets/05ad6bd653789a5d9e041ad171d565688b8c790f HTTP/1.1" 200 4084 "-" "Wget/1.14 (linux-gnu)"
172.81.118.189 - - [13/Mar/2019:05:17:02 +0200] "GET /cron/update_events/05ad6bd653789a5d9e041ad171d565688b8c790f HTTP/1.1" 200 4084 "-" "Wget/1.14 (linux-gnu)"
172.81.118.189 - - [13/Mar/2019:05:30:05 +0200] "GET /cron/update_markets/05ad6bd653789a5d9e041ad171d565688b8c790f HTTP/1.1" 200 4084 "-" "Wget/1.14 (linux-gnu)"
172.81.118.189 - - [13/Mar/2019:05:45:06 +0200] "GET /cron/update_markets/05ad6bd653789a5d9e041ad171d565688b8c790f HTTP/1.1" 200 4084 "-" "Wget/1.14 (linux-gnu)"
172.81.118.189 - - [13/Mar/2019:06:00:34 +0200] "GET /cron/update_markets/05ad6bd653789a5d9e041ad171d565688b8c790f HTTP/1.1" 200 4084 "-" "Wget/1.14 (linux-gnu)"
172.81.118.189 - - [13/Mar/2019:06:00:35 +0200] "GET /cron/update_all_markets/05ad6bd653789a5d9e041ad171d565688b8c790f HTTP/1.1" 200 4084 "-" "Wget/1.14 (linux-gnu)"
172.81.118.189 - - [13/Mar/2019:06:15:10 +0200] "GET /cron/update_markets/05ad6bd653789a5d9e041ad171d565688b8c790f HTTP/1.1" 200 4084 "-" "Wget/1.14 (linux-gnu)"
66.249.66.78 - - [13/Mar/2019:06:16:59 +0200] "GET /robots.txt HTTP/1.1" 200 4015 "-" "Mozilla/5.0 (compatible; Googlebot/2.1; +http://www.google.com/bot.html)"
66.249.66.79 - - [13/Mar/2019:06:17:01 +0200] "GET /sitemap HTTP/1.1" 200 8671 "-" "Mozilla/5.0 (compatible; Googlebot/2.1; +http://www.google.com/bot.html)"
172.81.118.189 - - [13/Mar/2019:06:17:02 +0200] "GET /cron/update_events/05ad6bd653789a5d9e041ad171d565688b8c790f HTTP/1.1" 200 4084 "-" "Wget/1.14 (linux-gnu)"
172.81.118.189 - - [13/Mar/2019:06:30:08 +0200] "GET /cron/update_markets/05ad6bd653789a5d9e041ad171d565688b8c790f HTTP/1.1" 200 4084 "-" "Wget/1.14 (linux-gnu)"
172.81.118.189 - - [13/Mar/2019:06:45:04 +0200] "GET /cron/update_markets/05ad6bd653789a5d9e041ad171d565688b8c790f HTTP/1.1" 200 4084 "-" "Wget/1.14 (linux-gnu)"
157.55.39.97 - - [13/Mar/2019:06:55:59 +0200] "GET /sitemap HTTP/1.1" 200 8671 "-" "Mozilla/5.0 (compatible; bingbot/2.0; +http://www.bing.com/bingbot.htm)"
172.81.118.189 - - [13/Mar/2019:07:00:13 +0200] "GET /cron/update_markets/05ad6bd653789a5d9e041ad171d565688b8c790f HTTP/1.1" 200 4084 "-" "Wget/1.14 (linux-gnu)"
