172.81.118.189 - - [13/Mar/2019:07:15:07 +0200] "GET /cron/update_markets/05ad6bd653789a5d9e041ad171d565688b8c790f HTTP/1.1" 200 4084 "-" "Wget/1.14 (linux-gnu)"
172.81.118.189 - - [13/Mar/2019:07:17:03 +0200] "GET /cron/update_events/05ad6bd653789a5d9e041ad171d565688b8c790f HTTP/1.1" 200 4084 "-" "Wget/1.14 (linux-gnu)"
172.81.118.189 - - [13/Mar/2019:07:30:10 +0200] "GET /cron/update_markets/05ad6bd653789a5d9e041ad171d565688b8c790f HTTP/1.1" 200 4084 "-" "Wget/1.14 (linux-gnu)"
172.81.118.189 - - [13/Mar/2019:07:45:07 +0200] "GET /cron/update_markets/05ad6bd653789a5d9e041ad171d565688b8c790f HTTP/1.1" 200 4084 "-" "Wget/1.14 (linux-gnu)"
172.81.118.189 - - [13/Mar/2019:08:00:11 +0200] "GET /cron/update_markets/05ad6bd653789a5d9e041ad171d565688b8c790f HTTP/1.1" 200 4084 "-" "Wget/1.14 (linux-gnu)"
172.81.118.189 - - [13/Mar/2019:08:15:05 +0200] "GET /cron/update_markets/05ad6bd653789a5d9e041ad171d565688b8c790f HTTP/1.1" 200 4084 "-" "Wget/1.14 (linux-gnu)"
172.81.118.189 - - [13/Mar/2019:08:17:02 +0200] "GET /cron/update_events/05ad6bd653789a5d9e041ad171d565688b8c790f HTTP/1.1" 200 4084 "-" "Wget/1.14 (linux-gnu)"
66.249.66.79 - - [13/Mar/2019:08:20:21 +0200] "GET /robots.txt HTTP/1.1" 200 4015 "-" "Mozilla/5.0 (compatible; Googlebot/2.1; +http://www.google.com/bot.html)"
66.249.66.80 - - [13/Mar/2019:08:20:22 +0200] "GET /event/middlesbrough-preston-561 HTTP/1.1" 200 108318 "-" "Mozilla/5.0 (Linux; Android 6.0.1; Nexus 5X Build/MMB29P) AppleWebKit/537.36 (KHTML, like Gecko) Chrome/41.0.2272.96 Mobile Safari/537.36 (compatible; Googlebot/2.1; +http://www.google.com/bot.html)"
207.46.13.10 - - [13/Mar/2019:08:23:04 +0200] "GET /faq HTTP/1.1" 200 108849 "-" "Mozilla/5.0 (compatible; bingbot/2.0; +http://www.bing.com/bingbot.htm)"
172.81.118.189 - - [13/Mar/2019:08:30:11 +0200] "GET /cron/update_markets/05ad6bd653789a5d9e041ad171d565688b8c790f HTTP/1.1" 200 4084 "-" "Wget/1.14 (linux-gnu)"
172.81.118.189 - - [13/Mar/2019:08:45:05 +0200] "GET /cron/update_markets/05ad6bd653789a5d9e041ad171d565688b8c790f HTTP/1.1" 200 4084 "-" "Wget/1.14 (linux-gnu)"
172.81.118.189 - - [13/Mar/2019:09:00:11 +0200] "GET /cron/update_markets/05ad6bd653789a5d9e041ad171d565688b8c790f HTTP/1.1" 200 4084 "-" "Wget/1.14 (linux-gnu)"
172.81.118.189 - - [13/Mar/2019:09:15:07 +0200] "GET /cron/update_markets/05ad6bd653789a5d9e041ad171d565688b8c790f HTTP/1.1" 200 4084 "-" "Wget/1.14 (linux-gnu)"
172.81.118.189 - - [13/Mar/2019:09:17:03 +0200] "GET /cron/update_events/05ad6bd653789a5d9e041ad171d565688b8c790f HTTP/1.1" 200 4084 "-" "Wget/1.14 (linux-gnu)"
172.81.118.189 - - [13/Mar/2019:09:30:09 +0200] "GET /cron/update_markets/05ad6bd653789a5d9e041ad171d565688b8c790f HTTP/1.1" 200 4084 "-" "Wget/1.14 (linux-gnu)"
40.77.167.206 - - [13/Mar/2019:09:43:19 +0200] "GET / HTTP/1.1" 200 108692 "-" "Mozilla/5.0 (compatible; bingbot/2.0; +http://www.bing.com/bingbot.htm)"
172.81.118.189 - - [13/Mar/2019:09:45:08 +0200] "GET /cron/update_markets/05ad6bd653789a5d9e041ad171d565688b8c790f HTTP/1.1" 200 4084 "-" "Wget/1.14 (linux-gnu)"
172.81.118.189 - - [13/Mar/2019:10:00:11 +0200] "GET /cron/update_markets/05ad6bd653789a5d9e041ad171d565688b8c790f HTTP/1.1" 200 4084 "-" "Wget/1.14 (linux-gnu)"
172.81.118.189 - - [13/Mar/2019:10:15:07 +0200] "GET /cron/update_markets/05ad6bd653789a5d9e041ad171d565688b8c790f HTTP/1.1" 200 4084 "-" "Wget/1.14 (linux-gnu)"
172.81.118.189 - - [13/Mar/2019:10:17:02 +0200] "GET /cron/update_events/05ad6bd653789a5d9e041ad171d565688b8c790f HTTP/1.1" 200 4084 "-" "Wget/1.14 (linux-gnu)"
66.249.66.80 - - [13/Mar/2019:10:23:26 +0200] "GET /robots.txt HTTP/1.1" 200 4015 "-" "Mozilla/5.0 (compatible; Googlebot/2.1; +http://www.google.com/bot.html)"
66.249.66.79 - - [13/Mar/2019:10:23:27 +0200] "GET /event/queretaro-guadalajara-544 HTTP/1.1" 200 108311 "-" "Mozilla/5.0 (Linux; Android 6.0.1; Nexus 5X Build/MMB29P) AppleWebKit/537.36 (KHTML, like Gecko) Chrome/41.0.2272.96 Mobile Safari/537.36 (compatible; Googlebot/2.1; +http://www.google.com/bot.html)"
172.81.118.189 - - [13/Mar/2019:10:30:11 +0200] "GET /cron/update_markets/05ad6bd653789a5d9e041ad171d565688b8c790f HTTP/1.1" 200 4084 "-" "Wget/1.14 (linux-gnu)"
172.81.118.189 - - [13/Mar/2019:10:45:05 +0200] "GET /cron/update_markets/05ad6bd653789a5d9e041ad171d565688b8c790f HTTP/1.1" 200 4084 "-" "Wget/1.14 (linux-gnu)"
172.81.118.189 - - [13/Mar/2019:11:00:11 +0200] "GET /cron/update_markets/05ad6bd653789a5d9e041ad171d565688b8c790f HTTP/1.1" 200 4084 "-" "Wget/1.14 (linux-gnu)"
172.81.118.189 - - [13/Mar/2019:11:15:06 +0200] "GET /cron/update_markets/05ad6bd653789a5d9e041ad171d565688b8c790f HTTP/1.1" 200 4084 "-" "Wget/1.14 (linux-gnu)"
172.81.118.189 - - [13/Mar/2019:11:17:03 +0200] "GET /cron/update_events/05ad6bd653789a5d9e041ad171d565688b8c790f HTTP/1.1" 200 4084 "-" "Wget/1.14 (linux-gnu)"
172.81.118.189 - - [13/Mar/2019:11:30:07 +0200] "GET /cron/update_markets/05ad6bd653789a5d9e041ad171d565688b8c790f HTTP/1.1" 200 4084 "-" "Wget/1.14 (linux-gnu)"
172.81.118.189 - - [13/Mar/2019:11:45:05 +0200] "GET /cron/update_markets/05ad6bd653789a5d9e041ad171d565688b8c790f HTTP/1.1" 200 4084 "-" "Wget/1.14 (linux-gnu)"
172.81.118.189 - - [13/Mar/2019:12:00:17 +0200] "GET /cron/update_markets/05ad6bd653789a5d9e041ad171d565688b8c790f HTTP/1.1" 200 4084 "-" "Wget/1.14 (linux-gnu)"
172.81.118.189 - - [13/Mar/2019:12:00:15 +0200] "GET /cron/update_all_markets/05ad6bd653789a5d9e041ad171d565688b8c790f HTTP/1.1" 200 4084 "-" "Wget/1.14 (linux-gnu)"
172.81.118.189 - - [13/Mar/2019:12:15:09 +0200] "GET /cron/update_markets/05ad6bd653789a5d9e041ad171d565688b8c790f HTTP/1.1" 200 4084 "-" "Wget/1.14 (linux-gnu)"
172.81.118.189 - - [13/Mar/2019:12:17:03 +0200] "GET /cron/update_events/05ad6bd653789a5d9e041ad171d565688b8c790f HTTP/1.1" 200 4084 "-" "Wget/1.14 (linux-gnu)"
172.81.118.189 - - [13/Mar/2019:12:30:08 +0200] "GET /cron/update_markets/05ad6bd653789a5d9e041ad171d565688b8c790f HTTP/1.1" 200 4084 "-" "Wget/1.14 (linux-gnu)"
66.249.66.79 - - [13/Mar/2019:12:35:58 +0200] "GET /robots.txt HTTP/1.1" 200 4015 "-" "Mozilla/5.0 (compatible; Googlebot/2.1; +http://www.google.com/bot.html)"
66.249.66.78 - - [13/Mar/2019:12:35:58 +0200] "GET /event/neuchatel-xamax-sion-1402 HTTP/1.1" 200 108328 "-" "Mozilla/5.0 (Linux; Android 6.0.1; Nexus 5X Build/MMB29P) AppleWebKit/537.36 (KHTML, like Gecko) Chrome/41.0.2272.96 Mobile Safari/537.36 (compatible; Googlebot/2.1; +http://www.google.com/bot.html)"
172.81.118.189 - - [13/Mar/2019:12:45:07 +0200] "GET /cron/update_markets/05ad6bd653789a5d9e041ad171d565688b8c790f HTTP/1.1" 200 4084 "-" "Wget/1.14 (linux-gnu)"
104.206.243.234 - - [13/Mar/2019:12:51:05 +0200] "GET /bookmakers/reviews/mercurybet HTTP/1.0" 200 107763 "https://sl.oddscracker.com/" "Mozilla/5.0 (Macintosh; Intel Mac OS X 10_12_0) AppleWebKit/537.36 (KHTML, like Gecko) Chrome/67.0.3396.79 Safari/537.36"
172.81.118.189 - - [13/Mar/2019:13:00:10 +0200] "GET /cron/update_markets/05ad6bd653789a5d9e041ad171d565688b8c790f HTTP/1.1" 200 4084 "-" "Wget/1.14 (linux-gnu)"
172.81.118.189 - - [13/Mar/2019:13:15:08 +0200] "GET /cron/update_markets/05ad6bd653789a5d9e041ad171d565688b8c790f HTTP/1.1" 200 4084 "-" "Wget/1.14 (linux-gnu)"
172.81.118.189 - - [13/Mar/2019:13:17:02 +0200] "GET /cron/update_events/05ad6bd653789a5d9e041ad171d565688b8c790f HTTP/1.1" 200 4084 "-" "Wget/1.14 (linux-gnu)"
172.81.118.189 - - [13/Mar/2019:13:30:06 +0200] "GET /cron/update_markets/05ad6bd653789a5d9e041ad171d565688b8c790f HTTP/1.1" 200 4084 "-" "Wget/1.14 (linux-gnu)"
172.81.118.189 - - [13/Mar/2019:13:45:10 +0200] "GET /cron/update_markets/05ad6bd653789a5d9e041ad171d565688b8c790f HTTP/1.1" 200 4084 "-" "Wget/1.14 (linux-gnu)"
172.81.118.189 - - [13/Mar/2019:14:00:15 +0200] "GET /cron/update_markets/05ad6bd653789a5d9e041ad171d565688b8c790f HTTP/1.1" 200 4084 "-" "Wget/1.14 (linux-gnu)"
66.249.66.80 - - [13/Mar/2019:14:01:09 +0200] "GET /robots.txt HTTP/1.1" 200 4015 "-" "Mozilla/5.0 (compatible; Googlebot/2.1; +http://www.google.com/bot.html)"
66.249.66.79 - - [13/Mar/2019:14:01:10 +0200] "GET /event/fc-girona-cf-valencia-430 HTTP/1.1" 200 108329 "-" "Mozilla/5.0 (Linux; Android 6.0.1; Nexus 5X Build/MMB29P) AppleWebKit/537.36 (KHTML, like Gecko) Chrome/41.0.2272.96 Mobile Safari/537.36 (compatible; Googlebot/2.1; +http://www.google.com/bot.html)"
172.81.118.189 - - [13/Mar/2019:14:15:10 +0200] "GET /cron/update_markets/05ad6bd653789a5d9e041ad171d565688b8c790f HTTP/1.1" 200 4084 "-" "Wget/1.14 (linux-gnu)"
172.81.118.189 - - [13/Mar/2019:14:17:03 +0200] "GET /cron/update_events/05ad6bd653789a5d9e041ad171d565688b8c790f HTTP/1.1" 200 4084 "-" "Wget/1.14 (linux-gnu)"
172.81.118.189 - - [13/Mar/2019:14:30:11 +0200] "GET /cron/update_markets/05ad6bd653789a5d9e041ad171d565688b8c790f HTTP/1.1" 200 4084 "-" "Wget/1.14 (linux-gnu)"
172.81.118.189 - - [13/Mar/2019:14:45:06 +0200] "GET /cron/update_markets/05ad6bd653789a5d9e041ad171d565688b8c790f HTTP/1.1" 200 4084 "-" "Wget/1.14 (linux-gnu)"
172.81.118.189 - - [13/Mar/2019:15:00:13 +0200] "GET /cron/update_markets/05ad6bd653789a5d9e041ad171d565688b8c790f HTTP/1.1" 200 4084 "-" "Wget/1.14 (linux-gnu)"
172.81.118.189 - - [13/Mar/2019:15:15:07 +0200] "GET /cron/update_markets/05ad6bd653789a5d9e041ad171d565688b8c790f HTTP/1.1" 200 4084 "-" "Wget/1.14 (linux-gnu)"
172.81.118.189 - - [13/Mar/2019:15:17:02 +0200] "GET /cron/update_events/05ad6bd653789a5d9e041ad171d565688b8c790f HTTP/1.1" 200 4084 "-" "Wget/1.14 (linux-gnu)"
172.81.118.189 - - [13/Mar/2019:15:30:06 +0200] "GET /cron/update_markets/05ad6bd653789a5d9e041ad171d565688b8c790f HTTP/1.1" 200 4084 "-" "Wget/1.14 (linux-gnu)"
66.249.83.80 - - [13/Mar/2019:15:40:58 +0200] "GET /event/junior-fc-envigado-267 HTTP/1.1" 200 108294 "-" "Mozilla/5.0 (Linux; Android 4.2.1; en-us; Nexus 5 Build/JOP40D) AppleWebKit/535.19 (KHTML, like Gecko; googleweblight) Chrome/38.0.1025.166 Mobile Safari/535.19"
66.249.83.79 - - [13/Mar/2019:15:40:59 +0200] "GET /images/oddscracker-logo.png HTTP/1.1" 200 5055 "https://sl.oddscracker.com/event/junior-fc-envigado-267" "Mozilla/5.0 (Linux; Android 4.2.1; en-us; Nexus 5 Build/JOP40D) AppleWebKit/535.19 (KHTML, like Gecko; googleweblight) Chrome/38.0.1025.166 Mobile Safari/535.19"
66.249.83.79 - - [13/Mar/2019:15:40:59 +0200] "GET /images/loader.gif HTTP/1.1" 200 9173 "https://sl.oddscracker.com/event/junior-fc-envigado-267" "Mozilla/5.0 (Linux; Android 4.2.1; en-us; Nexus 5 Build/JOP40D) AppleWebKit/535.19 (KHTML, like Gecko; googleweblight) Chrome/38.0.1025.166 Mobile Safari/535.19"
66.249.83.78 - - [13/Mar/2019:15:40:59 +0200] "GET /images/event-head-bg.jpg HTTP/1.1" 200 17671 "https://sl.oddscracker.com/event/junior-fc-envigado-267" "Mozilla/5.0 (Linux; Android 4.2.1; en-us; Nexus 5 Build/JOP40D) AppleWebKit/535.19 (KHTML, like Gecko; googleweblight) Chrome/38.0.1025.166 Mobile Safari/535.19"
66.249.83.78 - - [13/Mar/2019:15:41:00 +0200] "POST /ajax/get_odds/267 HTTP/1.1" 200 1283 "https://sl.oddscracker.com/event/junior-fc-envigado-267" "Mozilla/5.0 (Linux; Android 4.2.1; en-us; Nexus 5 Build/JOP40D) AppleWebKit/535.19 (KHTML, like Gecko; googleweblight) Chrome/38.0.1025.166 Mobile Safari/535.19"
66.249.83.78 - - [13/Mar/2019:15:41:00 +0200] "GET /uploads/mercurybet.png HTTP/1.1" 200 6677 "https://sl.oddscracker.com/event/junior-fc-envigado-267" "Mozilla/5.0 (Linux; Android 4.2.1; en-us; Nexus 5 Build/JOP40D) AppleWebKit/535.19 (KHTML, like Gecko; googleweblight) Chrome/38.0.1025.166 Mobile Safari/535.19"
172.81.118.189 - - [13/Mar/2019:15:45:07 +0200] "GET /cron/update_markets/05ad6bd653789a5d9e041ad171d565688b8c790f HTTP/1.1" 200 4084 "-" "Wget/1.14 (linux-gnu)"
172.81.118.189 - - [13/Mar/2019:16:00:15 +0200] "GET /cron/update_markets/05ad6bd653789a5d9e041ad171d565688b8c790f HTTP/1.1" 200 4084 "-" "Wget/1.14 (linux-gnu)"
172.81.118.189 - - [13/Mar/2019:16:15:06 +0200] "GET /cron/update_markets/05ad6bd653789a5d9e041ad171d565688b8c790f HTTP/1.1" 200 4084 "-" "Wget/1.14 (linux-gnu)"
172.81.118.189 - - [13/Mar/2019:16:17:03 +0200] "GET /cron/update_events/05ad6bd653789a5d9e041ad171d565688b8c790f HTTP/1.1" 200 4084 "-" "Wget/1.14 (linux-gnu)"
172.81.118.189 - - [13/Mar/2019:16:30:08 +0200] "GET /cron/update_markets/05ad6bd653789a5d9e041ad171d565688b8c790f HTTP/1.1" 200 4084 "-" "Wget/1.14 (linux-gnu)"
66.249.66.80 - - [13/Mar/2019:16:32:37 +0200] "GET /robots.txt HTTP/1.1" 200 4015 "-" "Mozilla/5.0 (compatible; Googlebot/2.1; +http://www.google.com/bot.html)"
66.249.66.80 - - [13/Mar/2019:16:32:38 +0200] "GET /event/fc-zwolle-az-alkmaar-470 HTTP/1.1" 200 104871 "-" "Mozilla/5.0 (Linux; Android 6.0.1; Nexus 5X Build/MMB29P) AppleWebKit/537.36 (KHTML, like Gecko) Chrome/41.0.2272.96 Mobile Safari/537.36 (compatible; Googlebot/2.1; +http://www.google.com/bot.html)"
172.81.118.189 - - [13/Mar/2019:16:45:10 +0200] "GET /cron/update_markets/05ad6bd653789a5d9e041ad171d565688b8c790f HTTP/1.1" 200 4084 "-" "Wget/1.14 (linux-gnu)"
172.81.118.189 - - [13/Mar/2019:17:00:13 +0200] "GET /cron/update_markets/05ad6bd653789a5d9e041ad171d565688b8c790f HTTP/1.1" 200 4084 "-" "Wget/1.14 (linux-gnu)"
172.81.118.189 - - [13/Mar/2019:17:15:10 +0200] "GET /cron/update_markets/05ad6bd653789a5d9e041ad171d565688b8c790f HTTP/1.1" 200 4084 "-" "Wget/1.14 (linux-gnu)"
172.81.118.189 - - [13/Mar/2019:17:17:03 +0200] "GET /cron/update_events/05ad6bd653789a5d9e041ad171d565688b8c790f HTTP/1.1" 200 4084 "-" "Wget/1.14 (linux-gnu)"
66.249.79.254 - - [13/Mar/2019:17:21:29 +0200] "GET /login/facebook/%2Fevents%2FLigue_1 HTTP/1.1" 404 3930 "-" "Mozilla/5.0 (compatible; Googlebot/2.1; +http://www.google.com/bot.html)"
172.81.118.189 - - [13/Mar/2019:17:30:10 +0200] "GET /cron/update_markets/05ad6bd653789a5d9e041ad171d565688b8c790f HTTP/1.1" 200 4084 "-" "Wget/1.14 (linux-gnu)"
216.244.66.238 - - [13/Mar/2019:17:42:31 +0200] "GET /robots.txt HTTP/1.1" 301 463 "-" "Mozilla/5.0 (compatible; DotBot/1.1; http://www.opensiteexplorer.org/dotbot, help@moz.com)"
216.244.66.238 - - [13/Mar/2019:17:42:32 +0200] "GET /robots.txt HTTP/1.1" 200 3794 "-" "Mozilla/5.0 (compatible; DotBot/1.1; http://www.opensiteexplorer.org/dotbot, help@moz.com)"
172.81.118.189 - - [13/Mar/2019:17:45:09 +0200] "GET /cron/update_markets/05ad6bd653789a5d9e041ad171d565688b8c790f HTTP/1.1" 200 4084 "-" "Wget/1.14 (linux-gnu)"
172.81.118.189 - - [13/Mar/2019:18:00:19 +0200] "GET /cron/update_markets/05ad6bd653789a5d9e041ad171d565688b8c790f HTTP/1.1" 200 4084 "-" "Wget/1.14 (linux-gnu)"
172.81.118.189 - - [13/Mar/2019:18:00:18 +0200] "GET /cron/update_all_markets/05ad6bd653789a5d9e041ad171d565688b8c790f HTTP/1.1" 200 4084 "-" "Wget/1.14 (linux-gnu)"
172.81.118.189 - - [13/Mar/2019:18:15:25 +0200] "GET /cron/update_markets/05ad6bd653789a5d9e041ad171d565688b8c790f HTTP/1.1" 200 4084 "-" "Wget/1.14 (linux-gnu)"
66.249.79.252 - - [13/Mar/2019:18:16:46 +0200] "GET /robots.txt HTTP/1.1" 200 4015 "-" "Mozilla/5.0 (compatible; Googlebot/2.1; +http://www.google.com/bot.html)"
66.249.79.252 - - [13/Mar/2019:18:16:46 +0200] "GET /event/pachuca-club-tijuana-542 HTTP/1.1" 200 104924 "-" "Mozilla/5.0 (Linux; Android 6.0.1; Nexus 5X Build/MMB29P) AppleWebKit/537.36 (KHTML, like Gecko) Chrome/41.0.2272.96 Mobile Safari/537.36 (compatible; Googlebot/2.1; +http://www.google.com/bot.html)"
172.81.118.189 - - [13/Mar/2019:18:17:03 +0200] "GET /cron/update_events/05ad6bd653789a5d9e041ad171d565688b8c790f HTTP/1.1" 200 4084 "-" "Wget/1.14 (linux-gnu)"
172.81.118.189 - - [13/Mar/2019:18:30:09 +0200] "GET /cron/update_markets/05ad6bd653789a5d9e041ad171d565688b8c790f HTTP/1.1" 200 4084 "-" "Wget/1.14 (linux-gnu)"
172.81.118.189 - - [13/Mar/2019:18:45:08 +0200] "GET /cron/update_markets/05ad6bd653789a5d9e041ad171d565688b8c790f HTTP/1.1" 200 4084 "-" "Wget/1.14 (linux-gnu)"
172.81.118.189 - - [13/Mar/2019:19:00:15 +0200] "GET /cron/update_markets/05ad6bd653789a5d9e041ad171d565688b8c790f HTTP/1.1" 200 4084 "-" "Wget/1.14 (linux-gnu)"
172.81.118.189 - - [13/Mar/2019:19:15:09 +0200] "GET /cron/update_markets/05ad6bd653789a5d9e041ad171d565688b8c790f HTTP/1.1" 200 4084 "-" "Wget/1.14 (linux-gnu)"
172.81.118.189 - - [13/Mar/2019:19:17:02 +0200] "GET /cron/update_events/05ad6bd653789a5d9e041ad171d565688b8c790f HTTP/1.1" 200 4084 "-" "Wget/1.14 (linux-gnu)"
172.81.118.189 - - [13/Mar/2019:19:30:06 +0200] "GET /cron/update_markets/05ad6bd653789a5d9e041ad171d565688b8c790f HTTP/1.1" 200 4084 "-" "Wget/1.14 (linux-gnu)"
172.81.118.189 - - [13/Mar/2019:19:45:07 +0200] "GET /cron/update_markets/05ad6bd653789a5d9e041ad171d565688b8c790f HTTP/1.1" 200 4084 "-" "Wget/1.14 (linux-gnu)"
172.81.118.189 - - [13/Mar/2019:20:00:14 +0200] "GET /cron/update_markets/05ad6bd653789a5d9e041ad171d565688b8c790f HTTP/1.1" 200 4084 "-" "Wget/1.14 (linux-gnu)"
213.180.203.4 - - [13/Mar/2019:20:09:13 +0200] "GET /robots.txt HTTP/1.1" 200 4045 "-" "Mozilla/5.0 (compatible; YandexBot/3.0; +http://yandex.com/bots)"
213.180.203.4 - - [13/Mar/2019:20:09:16 +0200] "GET /sitemap HTTP/1.1" 200 5336 "-" "Mozilla/5.0 (compatible; YandexBot/3.0; +http://yandex.com/bots)"
172.81.118.189 - - [13/Mar/2019:20:15:11 +0200] "GET /cron/update_markets/05ad6bd653789a5d9e041ad171d565688b8c790f HTTP/1.1" 200 4084 "-" "Wget/1.14 (linux-gnu)"
172.81.118.189 - - [13/Mar/2019:20:17:02 +0200] "GET /cron/update_events/05ad6bd653789a5d9e041ad171d565688b8c790f HTTP/1.1" 200 4084 "-" "Wget/1.14 (linux-gnu)"
46.229.168.138 - - [13/Mar/2019:20:29:09 +0200] "GET /robots.txt HTTP/1.1" 200 3978 "-" "Mozilla/5.0 (compatible; SemrushBot/3~bl; +http://www.semrush.com/bot.html)"
46.229.168.145 - - [13/Mar/2019:20:29:13 +0200] "GET /events/Primera_Division HTTP/1.1" 200 108887 "-" "Mozilla/5.0 (compatible; SemrushBot/3~bl; +http://www.semrush.com/bot.html)"
172.81.118.189 - - [13/Mar/2019:20:30:10 +0200] "GET /cron/update_markets/05ad6bd653789a5d9e041ad171d565688b8c790f HTTP/1.1" 200 4084 "-" "Wget/1.14 (linux-gnu)"
216.244.66.238 - - [13/Mar/2019:20:43:13 +0200] "GET /robots.txt HTTP/1.1" 301 463 "-" "Mozilla/5.0 (compatible; DotBot/1.1; http://www.opensiteexplorer.org/dotbot, help@moz.com)"
216.244.66.238 - - [13/Mar/2019:20:43:14 +0200] "GET /robots.txt HTTP/1.1" 200 3794 "-" "Mozilla/5.0 (compatible; DotBot/1.1; http://www.opensiteexplorer.org/dotbot, help@moz.com)"
172.81.118.189 - - [13/Mar/2019:20:45:13 +0200] "GET /cron/update_markets/05ad6bd653789a5d9e041ad171d565688b8c790f HTTP/1.1" 200 4084 "-" "Wget/1.14 (linux-gnu)"
172.81.118.189 - - [13/Mar/2019:21:00:09 +0200] "GET /cron/update_markets/05ad6bd653789a5d9e041ad171d565688b8c790f HTTP/1.1" 200 4084 "-" "Wget/1.14 (linux-gnu)"
66.249.79.254 - - [13/Mar/2019:21:07:10 +0200] "GET /robots.txt HTTP/1.1" 200 4015 "-" "Mozilla/5.0 (compatible; Googlebot/2.1; +http://www.google.com/bot.html)"
66.249.79.250 - - [13/Mar/2019:21:07:10 +0200] "GET /event/cd-feirense-fc-porto-1345 HTTP/1.1" 200 108375 "-" "Mozilla/5.0 (Linux; Android 6.0.1; Nexus 5X Build/MMB29P) AppleWebKit/537.36 (KHTML, like Gecko) Chrome/41.0.2272.96 Mobile Safari/537.36 (compatible; Googlebot/2.1; +http://www.google.com/bot.html)"
46.229.168.143 - - [13/Mar/2019:21:14:31 +0200] "GET / HTTP/1.1" 200 109736 "-" "Mozilla/5.0 (compatible; SemrushBot/3~bl; +http://www.semrush.com/bot.html)"
172.81.118.189 - - [13/Mar/2019:21:15:07 +0200] "GET /cron/update_markets/05ad6bd653789a5d9e041ad171d565688b8c790f HTTP/1.1" 200 4084 "-" "Wget/1.14 (linux-gnu)"
66.249.79.254 - - [13/Mar/2019:21:16:38 +0200] "GET /event/st-mirren-kilmarnock-1330 HTTP/1.1" 200 108402 "-" "Mozilla/5.0 (Linux; Android 6.0.1; Nexus 5X Build/MMB29P) AppleWebKit/537.36 (KHTML, like Gecko) Chrome/41.0.2272.96 Mobile Safari/537.36 (compatible; Googlebot/2.1; +http://www.google.com/bot.html)"
172.81.118.189 - - [13/Mar/2019:21:17:03 +0200] "GET /cron/update_events/05ad6bd653789a5d9e041ad171d565688b8c790f HTTP/1.1" 200 4084 "-" "Wget/1.14 (linux-gnu)"
172.81.118.189 - - [13/Mar/2019:21:30:10 +0200] "GET /cron/update_markets/05ad6bd653789a5d9e041ad171d565688b8c790f HTTP/1.1" 200 4084 "-" "Wget/1.14 (linux-gnu)"
172.81.118.189 - - [13/Mar/2019:21:45:09 +0200] "GET /cron/update_markets/05ad6bd653789a5d9e041ad171d565688b8c790f HTTP/1.1" 200 4084 "-" "Wget/1.14 (linux-gnu)"
172.81.118.189 - - [13/Mar/2019:22:00:17 +0200] "GET /cron/update_markets/05ad6bd653789a5d9e041ad171d565688b8c790f HTTP/1.1" 200 4084 "-" "Wget/1.14 (linux-gnu)"
66.249.79.254 - - [13/Mar/2019:22:04:03 +0200] "GET /event/estudiantes-gimnasia-1462 HTTP/1.1" 200 108398 "-" "Mozilla/5.0 (Linux; Android 6.0.1; Nexus 5X Build/MMB29P) AppleWebKit/537.36 (KHTML, like Gecko) Chrome/41.0.2272.96 Mobile Safari/537.36 (compatible; Googlebot/2.1; +http://www.google.com/bot.html)"
66.249.79.250 - - [13/Mar/2019:22:14:57 +0200] "GET /robots.txt HTTP/1.1" 200 4015 "-" "Mozilla/5.0 (compatible; Googlebot/2.1; +http://www.google.com/bot.html)"
66.249.79.254 - - [13/Mar/2019:22:14:57 +0200] "GET /event/hearts-celtic-254 HTTP/1.1" 200 108367 "-" "Mozilla/5.0 (compatible; Googlebot/2.1; +http://www.google.com/bot.html)"
172.81.118.189 - - [13/Mar/2019:22:15:08 +0200] "GET /cron/update_markets/05ad6bd653789a5d9e041ad171d565688b8c790f HTTP/1.1" 200 4084 "-" "Wget/1.14 (linux-gnu)"
172.81.118.189 - - [13/Mar/2019:22:17:02 +0200] "GET /cron/update_events/05ad6bd653789a5d9e041ad171d565688b8c790f HTTP/1.1" 200 4084 "-" "Wget/1.14 (linux-gnu)"
66.249.79.254 - - [13/Mar/2019:22:22:54 +0200] "GET /event/uc-sampdoria-atalanta-455 HTTP/1.1" 200 108386 "-" "Mozilla/5.0 (Linux; Android 6.0.1; Nexus 5X Build/MMB29P) AppleWebKit/537.36 (KHTML, like Gecko) Chrome/41.0.2272.96 Mobile Safari/537.36 (compatible; Googlebot/2.1; +http://www.google.com/bot.html)"
172.81.118.189 - - [13/Mar/2019:22:30:19 +0200] "GET /cron/update_markets/05ad6bd653789a5d9e041ad171d565688b8c790f HTTP/1.1" 200 4084 "-" "Wget/1.14 (linux-gnu)"
172.81.118.189 - - [13/Mar/2019:22:45:16 +0200] "GET /cron/update_markets/05ad6bd653789a5d9e041ad171d565688b8c790f HTTP/1.1" 200 4084 "-" "Wget/1.14 (linux-gnu)"
172.81.118.189 - - [13/Mar/2019:23:00:33 +0200] "GET /cron/update_markets/05ad6bd653789a5d9e041ad171d565688b8c790f HTTP/1.1" 200 4084 "-" "Wget/1.14 (linux-gnu)"
172.81.118.189 - - [13/Mar/2019:23:15:09 +0200] "GET /cron/update_markets/05ad6bd653789a5d9e041ad171d565688b8c790f HTTP/1.1" 200 4084 "-" "Wget/1.14 (linux-gnu)"
172.81.118.189 - - [13/Mar/2019:23:17:02 +0200] "GET /cron/update_events/05ad6bd653789a5d9e041ad171d565688b8c790f HTTP/1.1" 200 4084 "-" "Wget/1.14 (linux-gnu)"
172.81.118.189 - - [13/Mar/2019:23:30:10 +0200] "GET /cron/update_markets/05ad6bd653789a5d9e041ad171d565688b8c790f HTTP/1.1" 200 4084 "-" "Wget/1.14 (linux-gnu)"
172.81.118.189 - - [13/Mar/2019:23:45:06 +0200] "GET /cron/update_markets/05ad6bd653789a5d9e041ad171d565688b8c790f HTTP/1.1" 200 4084 "-" "Wget/1.14 (linux-gnu)"
66.249.79.254 - - [13/Mar/2019:23:49:02 +0200] "GET /robots.txt HTTP/1.1" 200 4015 "-" "Mozilla/5.0 (compatible; Googlebot/2.1; +http://www.google.com/bot.html)"
66.249.79.250 - - [13/Mar/2019:23:49:02 +0200] "GET /event/celta-vigo-real-betis-429 HTTP/1.1" 200 108470 "-" "Mozilla/5.0 (Linux; Android 6.0.1; Nexus 5X Build/MMB29P) AppleWebKit/537.36 (KHTML, like Gecko) Chrome/41.0.2272.96 Mobile Safari/537.36 (compatible; Googlebot/2.1; +http://www.google.com/bot.html)"
172.81.118.189 - - [14/Mar/2019:00:00:14 +0200] "GET /cron/update_markets/05ad6bd653789a5d9e041ad171d565688b8c790f HTTP/1.1" 200 4084 "-" "Wget/1.14 (linux-gnu)"
172.81.118.189 - - [14/Mar/2019:00:00:14 +0200] "GET /cron/update_all_markets/05ad6bd653789a5d9e041ad171d565688b8c790f HTTP/1.1" 200 4084 "-" "Wget/1.14 (linux-gnu)"
66.249.79.254 - - [14/Mar/2019:00:05:42 +0200] "GET /event/tigre-union-santa-fe-1465 HTTP/1.1" 200 108484 "-" "Mozilla/5.0 (Linux; Android 6.0.1; Nexus 5X Build/MMB29P) AppleWebKit/537.36 (KHTML, like Gecko) Chrome/41.0.2272.96 Mobile Safari/537.36 (compatible; Googlebot/2.1; +http://www.google.com/bot.html)"
172.81.118.189 - - [14/Mar/2019:00:15:16 +0200] "GET /cron/update_markets/05ad6bd653789a5d9e041ad171d565688b8c790f HTTP/1.1" 200 4084 "-" "Wget/1.14 (linux-gnu)"
172.81.118.189 - - [14/Mar/2019:00:17:02 +0200] "GET /cron/update_events/05ad6bd653789a5d9e041ad171d565688b8c790f HTTP/1.1" 200 4084 "-" "Wget/1.14 (linux-gnu)"
172.81.118.189 - - [14/Mar/2019:00:30:05 +0200] "GET /cron/update_markets/05ad6bd653789a5d9e041ad171d565688b8c790f HTTP/1.1" 200 4084 "-" "Wget/1.14 (linux-gnu)"
66.249.79.250 - - [14/Mar/2019:00:34:06 +0200] "GET /event/stade-rennais-fc-caen-456 HTTP/1.1" 200 108471 "-" "Mozilla/5.0 (Linux; Android 6.0.1; Nexus 5X Build/MMB29P) AppleWebKit/537.36 (KHTML, like Gecko) Chrome/41.0.2272.96 Mobile Safari/537.36 (compatible; Googlebot/2.1; +http://www.google.com/bot.html)"
172.81.118.189 - - [14/Mar/2019:00:45:09 +0200] "GET /cron/update_markets/05ad6bd653789a5d9e041ad171d565688b8c790f HTTP/1.1" 200 4084 "-" "Wget/1.14 (linux-gnu)"
172.81.118.189 - - [14/Mar/2019:01:00:15 +0200] "GET /cron/update_markets/05ad6bd653789a5d9e041ad171d565688b8c790f HTTP/1.1" 200 4084 "-" "Wget/1.14 (linux-gnu)"
172.81.118.189 - - [14/Mar/2019:01:15:14 +0200] "GET /cron/update_markets/05ad6bd653789a5d9e041ad171d565688b8c790f HTTP/1.1" 200 4084 "-" "Wget/1.14 (linux-gnu)"
172.81.118.189 - - [14/Mar/2019:01:17:04 +0200] "GET /cron/update_events/05ad6bd653789a5d9e041ad171d565688b8c790f HTTP/1.1" 200 4084 "-" "Wget/1.14 (linux-gnu)"
172.81.118.189 - - [14/Mar/2019:01:30:13 +0200] "GET /cron/update_markets/05ad6bd653789a5d9e041ad171d565688b8c790f HTTP/1.1" 200 4084 "-" "Wget/1.14 (linux-gnu)"
172.81.118.189 - - [14/Mar/2019:01:45:07 +0200] "GET /cron/update_markets/05ad6bd653789a5d9e041ad171d565688b8c790f HTTP/1.1" 200 4084 "-" "Wget/1.14 (linux-gnu)"
172.81.118.189 - - [14/Mar/2019:02:00:11 +0200] "GET /cron/update_markets/05ad6bd653789a5d9e041ad171d565688b8c790f HTTP/1.1" 200 4084 "-" "Wget/1.14 (linux-gnu)"
172.81.118.189 - - [14/Mar/2019:02:15:06 +0200] "GET /cron/update_markets/05ad6bd653789a5d9e041ad171d565688b8c790f HTTP/1.1" 200 4084 "-" "Wget/1.14 (linux-gnu)"
172.81.118.189 - - [14/Mar/2019:02:17:03 +0200] "GET /cron/update_events/05ad6bd653789a5d9e041ad171d565688b8c790f HTTP/1.1" 200 4084 "-" "Wget/1.14 (linux-gnu)"
172.81.118.189 - - [14/Mar/2019:02:30:06 +0200] "GET /cron/update_markets/05ad6bd653789a5d9e041ad171d565688b8c790f HTTP/1.1" 200 4084 "-" "Wget/1.14 (linux-gnu)"
172.81.118.189 - - [14/Mar/2019:02:45:06 +0200] "GET /cron/update_markets/05ad6bd653789a5d9e041ad171d565688b8c790f HTTP/1.1" 200 4084 "-" "Wget/1.14 (linux-gnu)"
172.81.118.189 - - [14/Mar/2019:03:00:10 +0200] "GET /cron/update_markets/05ad6bd653789a5d9e041ad171d565688b8c790f HTTP/1.1" 200 4084 "-" "Wget/1.14 (linux-gnu)"
172.81.118.189 - - [14/Mar/2019:03:15:06 +0200] "GET /cron/update_markets/05ad6bd653789a5d9e041ad171d565688b8c790f HTTP/1.1" 200 4084 "-" "Wget/1.14 (linux-gnu)"
172.81.118.189 - - [14/Mar/2019:03:17:02 +0200] "GET /cron/update_events/05ad6bd653789a5d9e041ad171d565688b8c790f HTTP/1.1" 200 4084 "-" "Wget/1.14 (linux-gnu)"
172.81.118.189 - - [14/Mar/2019:03:30:06 +0200] "GET /cron/update_markets/05ad6bd653789a5d9e041ad171d565688b8c790f HTTP/1.1" 200 4084 "-" "Wget/1.14 (linux-gnu)"
172.81.118.189 - - [14/Mar/2019:03:45:06 +0200] "GET /cron/update_markets/05ad6bd653789a5d9e041ad171d565688b8c790f HTTP/1.1" 200 4084 "-" "Wget/1.14 (linux-gnu)"
172.81.118.189 - - [14/Mar/2019:04:00:11 +0200] "GET /cron/update_markets/05ad6bd653789a5d9e041ad171d565688b8c790f HTTP/1.1" 200 4084 "-" "Wget/1.14 (linux-gnu)"
172.81.118.189 - - [14/Mar/2019:04:15:08 +0200] "GET /cron/update_markets/05ad6bd653789a5d9e041ad171d565688b8c790f HTTP/1.1" 200 4084 "-" "Wget/1.14 (linux-gnu)"
172.81.118.189 - - [14/Mar/2019:04:17:02 +0200] "GET /cron/update_events/05ad6bd653789a5d9e041ad171d565688b8c790f HTTP/1.1" 200 4084 "-" "Wget/1.14 (linux-gnu)"
172.81.118.189 - - [14/Mar/2019:04:30:08 +0200] "GET /cron/update_markets/05ad6bd653789a5d9e041ad171d565688b8c790f HTTP/1.1" 200 4084 "-" "Wget/1.14 (linux-gnu)"
172.81.118.189 - - [14/Mar/2019:04:45:07 +0200] "GET /cron/update_markets/05ad6bd653789a5d9e041ad171d565688b8c790f HTTP/1.1" 200 4084 "-" "Wget/1.14 (linux-gnu)"
172.81.118.189 - - [14/Mar/2019:05:00:09 +0200] "GET /cron/update_markets/05ad6bd653789a5d9e041ad171d565688b8c790f HTTP/1.1" 200 4084 "-" "Wget/1.14 (linux-gnu)"
172.81.118.189 - - [14/Mar/2019:05:15:07 +0200] "GET /cron/update_markets/05ad6bd653789a5d9e041ad171d565688b8c790f HTTP/1.1" 200 4084 "-" "Wget/1.14 (linux-gnu)"
172.81.118.189 - - [14/Mar/2019:05:17:02 +0200] "GET /cron/update_events/05ad6bd653789a5d9e041ad171d565688b8c790f HTTP/1.1" 200 4084 "-" "Wget/1.14 (linux-gnu)"
172.81.118.189 - - [14/Mar/2019:05:30:08 +0200] "GET /cron/update_markets/05ad6bd653789a5d9e041ad171d565688b8c790f HTTP/1.1" 200 4084 "-" "Wget/1.14 (linux-gnu)"
172.81.118.189 - - [14/Mar/2019:05:45:06 +0200] "GET /cron/update_markets/05ad6bd653789a5d9e041ad171d565688b8c790f HTTP/1.1" 200 4084 "-" "Wget/1.14 (linux-gnu)"
172.81.118.189 - - [14/Mar/2019:06:00:30 +0200] "GET /cron/update_markets/05ad6bd653789a5d9e041ad171d565688b8c790f HTTP/1.1" 200 4084 "-" "Wget/1.14 (linux-gnu)"
172.81.118.189 - - [14/Mar/2019:06:00:31 +0200] "GET /cron/update_all_markets/05ad6bd653789a5d9e041ad171d565688b8c790f HTTP/1.1" 200 4084 "-" "Wget/1.14 (linux-gnu)"
172.81.118.189 - - [14/Mar/2019:06:15:07 +0200] "GET /cron/update_markets/05ad6bd653789a5d9e041ad171d565688b8c790f HTTP/1.1" 200 4084 "-" "Wget/1.14 (linux-gnu)"
172.81.118.189 - - [14/Mar/2019:06:17:02 +0200] "GET /cron/update_events/05ad6bd653789a5d9e041ad171d565688b8c790f HTTP/1.1" 200 4084 "-" "Wget/1.14 (linux-gnu)"
172.81.118.189 - - [14/Mar/2019:06:30:12 +0200] "GET /cron/update_markets/05ad6bd653789a5d9e041ad171d565688b8c790f HTTP/1.1" 200 4084 "-" "Wget/1.14 (linux-gnu)"
172.81.118.189 - - [14/Mar/2019:06:45:12 +0200] "GET /cron/update_markets/05ad6bd653789a5d9e041ad171d565688b8c790f HTTP/1.1" 200 4084 "-" "Wget/1.14 (linux-gnu)"
172.81.118.189 - - [14/Mar/2019:07:00:13 +0200] "GET /cron/update_markets/05ad6bd653789a5d9e041ad171d565688b8c790f HTTP/1.1" 200 4084 "-" "Wget/1.14 (linux-gnu)"
46.229.168.139 - - [14/Mar/2019:07:06:02 +0200] "GET /robots.txt HTTP/1.1" 200 3978 "-" "Mozilla/5.0 (compatible; SemrushBot/3~bl; +http://www.semrush.com/bot.html)"
46.229.168.141 - - [14/Mar/2019:07:06:05 +0200] "GET /events/MLS HTTP/1.1" 200 107803 "-" "Mozilla/5.0 (compatible; SemrushBot/3~bl; +http://www.semrush.com/bot.html)"
172.81.118.189 - - [14/Mar/2019:07:15:09 +0200] "GET /cron/update_markets/05ad6bd653789a5d9e041ad171d565688b8c790f HTTP/1.1" 200 4084 "-" "Wget/1.14 (linux-gnu)"
172.81.118.189 - - [14/Mar/2019:07:17:03 +0200] "GET /cron/update_events/05ad6bd653789a5d9e041ad171d565688b8c790f HTTP/1.1" 200 4084 "-" "Wget/1.14 (linux-gnu)"
172.81.118.189 - - [14/Mar/2019:07:30:05 +0200] "GET /cron/update_markets/05ad6bd653789a5d9e041ad171d565688b8c790f HTTP/1.1" 200 4084 "-" "Wget/1.14 (linux-gnu)"
172.81.118.189 - - [14/Mar/2019:07:45:06 +0200] "GET /cron/update_markets/05ad6bd653789a5d9e041ad171d565688b8c790f HTTP/1.1" 200 4084 "-" "Wget/1.14 (linux-gnu)"
172.81.118.189 - - [14/Mar/2019:08:00:14 +0200] "GET /cron/update_markets/05ad6bd653789a5d9e041ad171d565688b8c790f HTTP/1.1" 200 4084 "-" "Wget/1.14 (linux-gnu)"
172.81.118.189 - - [14/Mar/2019:08:15:07 +0200] "GET /cron/update_markets/05ad6bd653789a5d9e041ad171d565688b8c790f HTTP/1.1" 200 4084 "-" "Wget/1.14 (linux-gnu)"
172.81.118.189 - - [14/Mar/2019:08:17:03 +0200] "GET /cron/update_events/05ad6bd653789a5d9e041ad171d565688b8c790f HTTP/1.1" 200 4084 "-" "Wget/1.14 (linux-gnu)"
172.81.118.189 - - [14/Mar/2019:08:30:15 +0200] "GET /cron/update_markets/05ad6bd653789a5d9e041ad171d565688b8c790f HTTP/1.1" 200 4084 "-" "Wget/1.14 (linux-gnu)"
172.81.118.189 - - [14/Mar/2019:08:45:06 +0200] "GET /cron/update_markets/05ad6bd653789a5d9e041ad171d565688b8c790f HTTP/1.1" 200 4084 "-" "Wget/1.14 (linux-gnu)"
172.81.118.189 - - [14/Mar/2019:09:00:12 +0200] "GET /cron/update_markets/05ad6bd653789a5d9e041ad171d565688b8c790f HTTP/1.1" 200 4084 "-" "Wget/1.14 (linux-gnu)"
66.249.79.252 - - [14/Mar/2019:09:14:46 +0200] "GET /robots.txt HTTP/1.1" 200 4015 "-" "Mozilla/5.0 (compatible; Googlebot/2.1; +http://www.google.com/bot.html)"
66.249.79.250 - - [14/Mar/2019:09:14:47 +0200] "GET /event/rizespor-kayserispor-1410 HTTP/1.1" 200 108502 "-" "Mozilla/5.0 (Linux; Android 6.0.1; Nexus 5X Build/MMB29P) AppleWebKit/537.36 (KHTML, like Gecko) Chrome/41.0.2272.96 Mobile Safari/537.36 (compatible; Googlebot/2.1; +http://www.google.com/bot.html)"
172.81.118.189 - - [14/Mar/2019:09:15:07 +0200] "GET /cron/update_markets/05ad6bd653789a5d9e041ad171d565688b8c790f HTTP/1.1" 200 4084 "-" "Wget/1.14 (linux-gnu)"
172.81.118.189 - - [14/Mar/2019:09:17:03 +0200] "GET /cron/update_events/05ad6bd653789a5d9e041ad171d565688b8c790f HTTP/1.1" 200 4084 "-" "Wget/1.14 (linux-gnu)"
172.81.118.189 - - [14/Mar/2019:09:30:10 +0200] "GET /cron/update_markets/05ad6bd653789a5d9e041ad171d565688b8c790f HTTP/1.1" 200 4084 "-" "Wget/1.14 (linux-gnu)"
172.81.118.189 - - [14/Mar/2019:09:45:06 +0200] "GET /cron/update_markets/05ad6bd653789a5d9e041ad171d565688b8c790f HTTP/1.1" 200 4084 "-" "Wget/1.14 (linux-gnu)"
172.81.118.189 - - [14/Mar/2019:10:00:11 +0200] "GET /cron/update_markets/05ad6bd653789a5d9e041ad171d565688b8c790f HTTP/1.1" 200 4084 "-" "Wget/1.14 (linux-gnu)"
172.81.118.189 - - [14/Mar/2019:10:15:03 +0200] "GET /cron/update_markets/05ad6bd653789a5d9e041ad171d565688b8c790f HTTP/1.1" 200 4084 "-" "Wget/1.14 (linux-gnu)"
172.81.118.189 - - [14/Mar/2019:10:17:02 +0200] "GET /cron/update_events/05ad6bd653789a5d9e041ad171d565688b8c790f HTTP/1.1" 200 4084 "-" "Wget/1.14 (linux-gnu)"
172.81.118.189 - - [14/Mar/2019:10:30:15 +0200] "GET /cron/update_markets/05ad6bd653789a5d9e041ad171d565688b8c790f HTTP/1.1" 200 4084 "-" "Wget/1.14 (linux-gnu)"
172.81.118.189 - - [14/Mar/2019:10:45:04 +0200] "GET /cron/update_markets/05ad6bd653789a5d9e041ad171d565688b8c790f HTTP/1.1" 200 4084 "-" "Wget/1.14 (linux-gnu)"
66.249.79.250 - - [14/Mar/2019:10:59:17 +0200] "GET /robots.txt HTTP/1.1" 200 4015 "-" "Mozilla/5.0 (compatible; Googlebot/2.1; +http://www.google.com/bot.html)"
172.81.118.189 - - [14/Mar/2019:11:00:13 +0200] "GET /cron/update_markets/05ad6bd653789a5d9e041ad171d565688b8c790f HTTP/1.1" 200 4084 "-" "Wget/1.14 (linux-gnu)"
216.244.66.238 - - [14/Mar/2019:11:08:49 +0200] "GET /robots.txt HTTP/1.1" 301 463 "-" "Mozilla/5.0 (compatible; DotBot/1.1; http://www.opensiteexplorer.org/dotbot, help@moz.com)"
216.244.66.238 - - [14/Mar/2019:11:08:50 +0200] "GET /robots.txt HTTP/1.1" 200 3794 "-" "Mozilla/5.0 (compatible; DotBot/1.1; http://www.opensiteexplorer.org/dotbot, help@moz.com)"
161.129.66.106 - - [14/Mar/2019:11:12:13 +0200] "GET /contact HTTP/1.0" 200 402696 "https://sl.oddscracker.com/contact" "Mozilla/5.0 (Windows NT 6.1; Win64; x64) AppleWebKit/537.36 (KHTML, like Gecko) Chrome/67.0.3396.99 Safari/537.36"
161.129.66.106 - - [14/Mar/2019:11:12:14 +0200] "GET /captcha/1552554733.9748.jpg HTTP/1.0" 200 9949 "https://sl.oddscracker.com/contact" "Mozilla/5.0 (Windows NT 6.1; Win64; x64) AppleWebKit/537.36 (KHTML, like Gecko) Chrome/67.0.3396.99 Safari/537.36"
161.129.66.106 - - [14/Mar/2019:11:12:15 +0200] "POST /contact HTTP/1.0" 200 402565 "https://sl.oddscracker.com/contact" "Mozilla/5.0 (Windows NT 6.1; Win64; x64) AppleWebKit/537.36 (KHTML, like Gecko) Chrome/67.0.3396.99 Safari/537.36"
172.81.118.189 - - [14/Mar/2019:11:15:13 +0200] "GET /cron/update_markets/05ad6bd653789a5d9e041ad171d565688b8c790f HTTP/1.1" 200 4084 "-" "Wget/1.14 (linux-gnu)"
172.81.118.189 - - [14/Mar/2019:11:17:02 +0200] "GET /cron/update_events/05ad6bd653789a5d9e041ad171d565688b8c790f HTTP/1.1" 200 4084 "-" "Wget/1.14 (linux-gnu)"
172.81.118.189 - - [14/Mar/2019:11:30:08 +0200] "GET /cron/update_markets/05ad6bd653789a5d9e041ad171d565688b8c790f HTTP/1.1" 200 4084 "-" "Wget/1.14 (linux-gnu)"
172.81.118.189 - - [14/Mar/2019:11:45:05 +0200] "GET /cron/update_markets/05ad6bd653789a5d9e041ad171d565688b8c790f HTTP/1.1" 200 4084 "-" "Wget/1.14 (linux-gnu)"
216.244.66.238 - - [14/Mar/2019:11:54:39 +0200] "GET /robots.txt HTTP/1.1" 301 463 "-" "Mozilla/5.0 (compatible; DotBot/1.1; http://www.opensiteexplorer.org/dotbot, help@moz.com)"
216.244.66.238 - - [14/Mar/2019:11:54:40 +0200] "GET /robots.txt HTTP/1.1" 200 3794 "-" "Mozilla/5.0 (compatible; DotBot/1.1; http://www.opensiteexplorer.org/dotbot, help@moz.com)"
172.81.118.189 - - [14/Mar/2019:12:00:16 +0200] "GET /cron/update_markets/05ad6bd653789a5d9e041ad171d565688b8c790f HTTP/1.1" 200 4084 "-" "Wget/1.14 (linux-gnu)"
172.81.118.189 - - [14/Mar/2019:12:00:17 +0200] "GET /cron/update_all_markets/05ad6bd653789a5d9e041ad171d565688b8c790f HTTP/1.1" 200 4084 "-" "Wget/1.14 (linux-gnu)"
172.81.118.189 - - [14/Mar/2019:12:15:13 +0200] "GET /cron/update_markets/05ad6bd653789a5d9e041ad171d565688b8c790f HTTP/1.1" 200 4084 "-" "Wget/1.14 (linux-gnu)"
172.81.118.189 - - [14/Mar/2019:12:17:02 +0200] "GET /cron/update_events/05ad6bd653789a5d9e041ad171d565688b8c790f HTTP/1.1" 200 4084 "-" "Wget/1.14 (linux-gnu)"
172.81.118.189 - - [14/Mar/2019:12:30:04 +0200] "GET /cron/update_markets/05ad6bd653789a5d9e041ad171d565688b8c790f HTTP/1.1" 200 4084 "-" "Wget/1.14 (linux-gnu)"
216.244.66.238 - - [14/Mar/2019:12:39:43 +0200] "GET /robots.txt HTTP/1.1" 301 463 "-" "Mozilla/5.0 (compatible; DotBot/1.1; http://www.opensiteexplorer.org/dotbot, help@moz.com)"
216.244.66.238 - - [14/Mar/2019:12:39:45 +0200] "GET /robots.txt HTTP/1.1" 200 3794 "-" "Mozilla/5.0 (compatible; DotBot/1.1; http://www.opensiteexplorer.org/dotbot, help@moz.com)"
172.81.118.189 - - [14/Mar/2019:12:45:07 +0200] "GET /cron/update_markets/05ad6bd653789a5d9e041ad171d565688b8c790f HTTP/1.1" 200 4084 "-" "Wget/1.14 (linux-gnu)"
172.81.118.189 - - [14/Mar/2019:13:00:12 +0200] "GET /cron/update_markets/05ad6bd653789a5d9e041ad171d565688b8c790f HTTP/1.1" 200 4084 "-" "Wget/1.14 (linux-gnu)"
157.55.39.1 - - [14/Mar/2019:13:06:53 +0200] "GET /robots.txt HTTP/1.1" 200 3995 "-" "Mozilla/5.0 (compatible; bingbot/2.0; +http://www.bing.com/bingbot.htm)"
207.46.13.178 - - [14/Mar/2019:13:06:58 +0200] "GET /jackpots HTTP/1.1" 200 107916 "-" "Mozilla/5.0 (compatible; bingbot/2.0; +http://www.bing.com/bingbot.htm)"
172.81.118.189 - - [14/Mar/2019:13:15:07 +0200] "GET /cron/update_markets/05ad6bd653789a5d9e041ad171d565688b8c790f HTTP/1.1" 200 4084 "-" "Wget/1.14 (linux-gnu)"
172.81.118.189 - - [14/Mar/2019:13:17:02 +0200] "GET /cron/update_events/05ad6bd653789a5d9e041ad171d565688b8c790f HTTP/1.1" 200 4084 "-" "Wget/1.14 (linux-gnu)"
172.81.118.189 - - [14/Mar/2019:13:30:06 +0200] "GET /cron/update_markets/05ad6bd653789a5d9e041ad171d565688b8c790f HTTP/1.1" 200 4084 "-" "Wget/1.14 (linux-gnu)"
172.81.118.189 - - [14/Mar/2019:13:45:06 +0200] "GET /cron/update_markets/05ad6bd653789a5d9e041ad171d565688b8c790f HTTP/1.1" 200 4084 "-" "Wget/1.14 (linux-gnu)"
66.249.79.254 - - [14/Mar/2019:13:51:06 +0200] "GET /robots.txt HTTP/1.1" 200 4015 "-" "Mozilla/5.0 (compatible; Googlebot/2.1; +http://www.google.com/bot.html)"
66.249.79.254 - - [14/Mar/2019:13:51:06 +0200] "GET /event/tsg-1899-hoffenheim-fortuna-dusseldorf-214 HTTP/1.1" 200 105104 "-" "Mozilla/5.0 (Linux; Android 6.0.1; Nexus 5X Build/MMB29P) AppleWebKit/537.36 (KHTML, like Gecko) Chrome/41.0.2272.96 Mobile Safari/537.36 (compatible; Googlebot/2.1; +http://www.google.com/bot.html)"
172.81.118.189 - - [14/Mar/2019:14:00:14 +0200] "GET /cron/update_markets/05ad6bd653789a5d9e041ad171d565688b8c790f HTTP/1.1" 200 4084 "-" "Wget/1.14 (linux-gnu)"
172.81.118.189 - - [14/Mar/2019:14:15:11 +0200] "GET /cron/update_markets/05ad6bd653789a5d9e041ad171d565688b8c790f HTTP/1.1" 200 4084 "-" "Wget/1.14 (linux-gnu)"
172.81.118.189 - - [14/Mar/2019:14:17:03 +0200] "GET /cron/update_events/05ad6bd653789a5d9e041ad171d565688b8c790f HTTP/1.1" 200 4084 "-" "Wget/1.14 (linux-gnu)"
66.249.79.254 - - [14/Mar/2019:14:17:42 +0200] "GET /event/brugge-standard-liege-480 HTTP/1.1" 200 108512 "-" "Mozilla/5.0 (Linux; Android 6.0.1; Nexus 5X Build/MMB29P) AppleWebKit/537.36 (KHTML, like Gecko) Chrome/41.0.2272.96 Mobile Safari/537.36 (compatible; Googlebot/2.1; +http://www.google.com/bot.html)"
46.229.168.137 - - [14/Mar/2019:14:19:13 +0200] "GET /robots.txt HTTP/1.1" 200 3978 "-" "Mozilla/5.0 (compatible; SemrushBot/3~bl; +http://www.semrush.com/bot.html)"
46.229.168.142 - - [14/Mar/2019:14:19:14 +0200] "GET /events/China_Super_League HTTP/1.1" 200 107862 "-" "Mozilla/5.0 (compatible; SemrushBot/3~bl; +http://www.semrush.com/bot.html)"
172.81.118.189 - - [14/Mar/2019:14:30:10 +0200] "GET /cron/update_markets/05ad6bd653789a5d9e041ad171d565688b8c790f HTTP/1.1" 200 4084 "-" "Wget/1.14 (linux-gnu)"
172.81.118.189 - - [14/Mar/2019:14:45:12 +0200] "GET /cron/update_markets/05ad6bd653789a5d9e041ad171d565688b8c790f HTTP/1.1" 200 4084 "-" "Wget/1.14 (linux-gnu)"
172.81.118.189 - - [14/Mar/2019:15:00:21 +0200] "GET /cron/update_markets/05ad6bd653789a5d9e041ad171d565688b8c790f HTTP/1.1" 200 4084 "-" "Wget/1.14 (linux-gnu)"
172.81.118.189 - - [14/Mar/2019:15:15:13 +0200] "GET /cron/update_markets/05ad6bd653789a5d9e041ad171d565688b8c790f HTTP/1.1" 200 4084 "-" "Wget/1.14 (linux-gnu)"
172.81.118.189 - - [14/Mar/2019:15:17:04 +0200] "GET /cron/update_events/05ad6bd653789a5d9e041ad171d565688b8c790f HTTP/1.1" 200 4084 "-" "Wget/1.14 (linux-gnu)"
172.81.118.189 - - [14/Mar/2019:15:30:17 +0200] "GET /cron/update_markets/05ad6bd653789a5d9e041ad171d565688b8c790f HTTP/1.1" 200 4084 "-" "Wget/1.14 (linux-gnu)"
66.249.79.252 - - [14/Mar/2019:15:33:26 +0200] "GET /robots.txt HTTP/1.1" 200 4015 "-" "Mozilla/5.0 (compatible; Googlebot/2.1; +http://www.google.com/bot.html)"
66.249.79.250 - - [14/Mar/2019:15:33:27 +0200] "GET /event/emmen-heracles-almelo-472 HTTP/1.1" 200 108513 "-" "Mozilla/5.0 (Linux; Android 6.0.1; Nexus 5X Build/MMB29P) AppleWebKit/537.36 (KHTML, like Gecko) Chrome/41.0.2272.96 Mobile Safari/537.36 (compatible; Googlebot/2.1; +http://www.google.com/bot.html)"
172.81.118.189 - - [14/Mar/2019:15:45:13 +0200] "GET /cron/update_markets/05ad6bd653789a5d9e041ad171d565688b8c790f HTTP/1.1" 200 4084 "-" "Wget/1.14 (linux-gnu)"
172.81.118.189 - - [14/Mar/2019:16:00:21 +0200] "GET /cron/update_markets/05ad6bd653789a5d9e041ad171d565688b8c790f HTTP/1.1" 200 4084 "-" "Wget/1.14 (linux-gnu)"
172.81.118.189 - - [14/Mar/2019:16:15:12 +0200] "GET /cron/update_markets/05ad6bd653789a5d9e041ad171d565688b8c790f HTTP/1.1" 200 4084 "-" "Wget/1.14 (linux-gnu)"
172.81.118.189 - - [14/Mar/2019:16:17:02 +0200] "GET /cron/update_events/05ad6bd653789a5d9e041ad171d565688b8c790f HTTP/1.1" 200 4084 "-" "Wget/1.14 (linux-gnu)"
172.81.118.189 - - [14/Mar/2019:16:30:06 +0200] "GET /cron/update_markets/05ad6bd653789a5d9e041ad171d565688b8c790f HTTP/1.1" 200 4084 "-" "Wget/1.14 (linux-gnu)"
172.81.118.189 - - [14/Mar/2019:16:45:13 +0200] "GET /cron/update_markets/05ad6bd653789a5d9e041ad171d565688b8c790f HTTP/1.1" 200 4084 "-" "Wget/1.14 (linux-gnu)"
172.81.118.189 - - [14/Mar/2019:17:00:14 +0200] "GET /cron/update_markets/05ad6bd653789a5d9e041ad171d565688b8c790f HTTP/1.1" 200 4084 "-" "Wget/1.14 (linux-gnu)"
172.81.118.189 - - [14/Mar/2019:17:15:07 +0200] "GET /cron/update_markets/05ad6bd653789a5d9e041ad171d565688b8c790f HTTP/1.1" 200 4084 "-" "Wget/1.14 (linux-gnu)"
172.81.118.189 - - [14/Mar/2019:17:17:02 +0200] "GET /cron/update_events/05ad6bd653789a5d9e041ad171d565688b8c790f HTTP/1.1" 200 4084 "-" "Wget/1.14 (linux-gnu)"
66.249.79.252 - - [14/Mar/2019:17:17:34 +0200] "GET /robots.txt HTTP/1.1" 200 4015 "-" "Mozilla/5.0 (compatible; Googlebot/2.1; +http://www.google.com/bot.html)"
66.249.79.250 - - [14/Mar/2019:17:17:34 +0200] "GET /event/fc-zurich-young-boys-1401 HTTP/1.1" 200 108597 "-" "Mozilla/5.0 (Linux; Android 6.0.1; Nexus 5X Build/MMB29P) AppleWebKit/537.36 (KHTML, like Gecko) Chrome/41.0.2272.96 Mobile Safari/537.36 (compatible; Googlebot/2.1; +http://www.google.com/bot.html)"
172.81.118.189 - - [14/Mar/2019:17:30:10 +0200] "GET /cron/update_markets/05ad6bd653789a5d9e041ad171d565688b8c790f HTTP/1.1" 200 4084 "-" "Wget/1.14 (linux-gnu)"
172.81.118.189 - - [14/Mar/2019:17:45:09 +0200] "GET /cron/update_markets/05ad6bd653789a5d9e041ad171d565688b8c790f HTTP/1.1" 200 4084 "-" "Wget/1.14 (linux-gnu)"
172.81.118.189 - - [14/Mar/2019:18:00:20 +0200] "GET /cron/update_markets/05ad6bd653789a5d9e041ad171d565688b8c790f HTTP/1.1" 200 4084 "-" "Wget/1.14 (linux-gnu)"
172.81.118.189 - - [14/Mar/2019:18:00:20 +0200] "GET /cron/update_all_markets/05ad6bd653789a5d9e041ad171d565688b8c790f HTTP/1.1" 200 4084 "-" "Wget/1.14 (linux-gnu)"
172.81.118.189 - - [14/Mar/2019:18:15:06 +0200] "GET /cron/update_markets/05ad6bd653789a5d9e041ad171d565688b8c790f HTTP/1.1" 200 4084 "-" "Wget/1.14 (linux-gnu)"
172.81.118.189 - - [14/Mar/2019:18:17:03 +0200] "GET /cron/update_events/05ad6bd653789a5d9e041ad171d565688b8c790f HTTP/1.1" 200 4084 "-" "Wget/1.14 (linux-gnu)"
172.81.118.189 - - [14/Mar/2019:18:30:09 +0200] "GET /cron/update_markets/05ad6bd653789a5d9e041ad171d565688b8c790f HTTP/1.1" 200 4084 "-" "Wget/1.14 (linux-gnu)"
172.81.118.189 - - [14/Mar/2019:18:45:07 +0200] "GET /cron/update_markets/05ad6bd653789a5d9e041ad171d565688b8c790f HTTP/1.1" 200 4084 "-" "Wget/1.14 (linux-gnu)"
185.189.113.42 - - [14/Mar/2019:18:57:02 +0200] "GET /contact HTTP/1.0" 200 404584 "https://sl.oddscracker.com/contact" "Mozilla/5.0 (Windows NT 6.1) AppleWebKit/537.36 (KHTML, like Gecko) Chrome/68.0.3440.106 Safari/537.36 Kinza/4.9.1"
185.189.113.42 - - [14/Mar/2019:18:57:03 +0200] "GET /captcha/1552582622.4224.jpg HTTP/1.0" 200 9819 "https://sl.oddscracker.com/contact" "Mozilla/5.0 (Windows NT 6.1) AppleWebKit/537.36 (KHTML, like Gecko) Chrome/68.0.3440.106 Safari/537.36 Kinza/4.9.1"
185.189.113.42 - - [14/Mar/2019:18:57:03 +0200] "POST /contact HTTP/1.0" 200 404453 "https://sl.oddscracker.com/contact" "Mozilla/5.0 (Windows NT 6.1) AppleWebKit/537.36 (KHTML, like Gecko) Chrome/68.0.3440.106 Safari/537.36 Kinza/4.9.1"
172.81.118.189 - - [14/Mar/2019:19:00:13 +0200] "GET /cron/update_markets/05ad6bd653789a5d9e041ad171d565688b8c790f HTTP/1.1" 200 4084 "-" "Wget/1.14 (linux-gnu)"
178.85.200.89 - - [14/Mar/2019:19:13:06 +0200] "GET / HTTP/1.1" 200 118011 "https://gh.oddscracker.com/" "Mozilla/5.0 (Windows NT 10.0; Win64; x64) AppleWebKit/537.36 (KHTML, like Gecko) Chrome/72.0.3626.121 Safari/537.36"
178.85.200.89 - - [14/Mar/2019:19:13:06 +0200] "GET /images/oddscracker-logo.png HTTP/1.1" 200 1598 "https://sl.oddscracker.com/" "Mozilla/5.0 (Windows NT 10.0; Win64; x64) AppleWebKit/537.36 (KHTML, like Gecko) Chrome/72.0.3626.121 Safari/537.36"
178.85.200.89 - - [14/Mar/2019:19:13:06 +0200] "GET /fonts/fontawesome-webfont.woff2?v=4.7.0 HTTP/1.1" 200 77597 "https://sl.oddscracker.com/" "Mozilla/5.0 (Windows NT 10.0; Win64; x64) AppleWebKit/537.36 (KHTML, like Gecko) Chrome/72.0.3626.121 Safari/537.36"
178.85.200.89 - - [14/Mar/2019:19:13:06 +0200] "GET /images/headline-bg.png HTTP/1.1" 200 17375 "https://sl.oddscracker.com/" "Mozilla/5.0 (Windows NT 10.0; Win64; x64) AppleWebKit/537.36 (KHTML, like Gecko) Chrome/72.0.3626.121 Safari/537.36"
178.85.200.89 - - [14/Mar/2019:19:13:06 +0200] "GET /images/login-cover.jpg HTTP/1.1" 200 44431 "https://sl.oddscracker.com/" "Mozilla/5.0 (Windows NT 10.0; Win64; x64) AppleWebKit/537.36 (KHTML, like Gecko) Chrome/72.0.3626.121 Safari/537.36"
178.85.200.89 - - [14/Mar/2019:19:13:07 +0200] "GET /images/favicon.ico HTTP/1.1" 200 12416 "https://sl.oddscracker.com/" "Mozilla/5.0 (Windows NT 10.0; Win64; x64) AppleWebKit/537.36 (KHTML, like Gecko) Chrome/72.0.3626.121 Safari/537.36"
178.85.200.89 - - [14/Mar/2019:19:13:08 +0200] "GET /images/site.webmanifest HTTP/1.1" 200 4200 "https://sl.oddscracker.com/" "Mozilla/5.0 (Windows NT 10.0; Win64; x64) AppleWebKit/537.36 (KHTML, like Gecko) Chrome/72.0.3626.121 Safari/537.36"
178.85.200.89 - - [14/Mar/2019:19:13:09 +0200] "GET /bookmakers/reviews HTTP/1.1" 200 104481 "https://sl.oddscracker.com/" "Mozilla/5.0 (Windows NT 10.0; Win64; x64) AppleWebKit/537.36 (KHTML, like Gecko) Chrome/72.0.3626.121 Safari/537.36"
178.85.200.89 - - [14/Mar/2019:19:13:09 +0200] "GET /uploads/mercurybet.png HTTP/1.1" 200 6677 "https://sl.oddscracker.com/bookmakers/reviews" "Mozilla/5.0 (Windows NT 10.0; Win64; x64) AppleWebKit/537.36 (KHTML, like Gecko) Chrome/72.0.3626.121 Safari/537.36"
185.130.184.214 - - [14/Mar/2019:19:13:35 +0200] "GET /contact HTTP/1.0" 200 404855 "https://sl.oddscracker.com/contact" "Mozilla/5.0 (Windows NT 6.1; WOW64) AppleWebKit/537.36 (KHTML, like Gecko) Chrome/66.0.3359.170 Safari/537.36 OPR/53.0.2907.99"
185.130.184.214 - - [14/Mar/2019:19:13:36 +0200] "GET /captcha/1552583615.803.jpg HTTP/1.0" 200 9797 "https://sl.oddscracker.com/contact" "Mozilla/5.0 (Windows NT 6.1; WOW64) AppleWebKit/537.36 (KHTML, like Gecko) Chrome/66.0.3359.170 Safari/537.36 OPR/53.0.2907.99"
185.130.184.214 - - [14/Mar/2019:19:13:37 +0200] "POST /contact HTTP/1.0" 200 404724 "https://sl.oddscracker.com/contact" "Mozilla/5.0 (Windows NT 6.1; WOW64) AppleWebKit/537.36 (KHTML, like Gecko) Chrome/66.0.3359.170 Safari/537.36 OPR/53.0.2907.99"
172.81.118.189 - - [14/Mar/2019:19:15:08 +0200] "GET /cron/update_markets/05ad6bd653789a5d9e041ad171d565688b8c790f HTTP/1.1" 200 4084 "-" "Wget/1.14 (linux-gnu)"
172.81.118.189 - - [14/Mar/2019:19:17:02 +0200] "GET /cron/update_events/05ad6bd653789a5d9e041ad171d565688b8c790f HTTP/1.1" 200 4084 "-" "Wget/1.14 (linux-gnu)"
172.81.118.189 - - [14/Mar/2019:19:30:12 +0200] "GET /cron/update_markets/05ad6bd653789a5d9e041ad171d565688b8c790f HTTP/1.1" 200 4084 "-" "Wget/1.14 (linux-gnu)"
172.81.118.189 - - [14/Mar/2019:19:45:10 +0200] "GET /cron/update_markets/05ad6bd653789a5d9e041ad171d565688b8c790f HTTP/1.1" 200 4084 "-" "Wget/1.14 (linux-gnu)"
172.81.118.189 - - [14/Mar/2019:20:00:14 +0200] "GET /cron/update_markets/05ad6bd653789a5d9e041ad171d565688b8c790f HTTP/1.1" 200 4084 "-" "Wget/1.14 (linux-gnu)"
172.81.118.189 - - [14/Mar/2019:20:15:10 +0200] "GET /cron/update_markets/05ad6bd653789a5d9e041ad171d565688b8c790f HTTP/1.1" 200 4084 "-" "Wget/1.14 (linux-gnu)"
172.81.118.189 - - [14/Mar/2019:20:17:03 +0200] "GET /cron/update_events/05ad6bd653789a5d9e041ad171d565688b8c790f HTTP/1.1" 200 4084 "-" "Wget/1.14 (linux-gnu)"
